<?xml version="1.0"?>
<link_info>
   <banner>TI ARM Linker PC v15.12.1.LTS</banner>
   <copyright>Copyright (c) 1996-2015 Texas Instruments Incorporated</copyright>
   <link_time>0x58dc27f9</link_time>
   <link_errors>0x0</link_errors>
   <output_file>Project7.out</output_file>
   <entry_point>
      <name>_c_int00</name>
      <address>0x5741</address>
   </entry_point>
   <input_file_list>
      <input_file id="fl-2">
         <path>.\</path>
         <kind>object</kind>
         <file>FreeRTOS_LM3S_Startup.obj</file>
         <name>FreeRTOS_LM3S_Startup.obj</name>
      </input_file>
      <input_file id="fl-3">
         <path>.\</path>
         <kind>object</kind>
         <file>Main_Blinky.obj</file>
         <name>Main_Blinky.obj</name>
      </input_file>
      <input_file id="fl-4">
         <path>.\</path>
         <kind>object</kind>
         <file>heap_2.obj</file>
         <name>heap_2.obj</name>
      </input_file>
      <input_file id="fl-5">
         <path>.\Drivers\</path>
         <kind>object</kind>
         <file>UARTStdio_Initialization_LM3S1968.obj</file>
         <name>UARTStdio_Initialization_LM3S1968.obj</name>
      </input_file>
      <input_file id="fl-6">
         <path>.\Drivers\</path>
         <kind>object</kind>
         <file>rit128x96x4.obj</file>
         <name>rit128x96x4.obj</name>
      </input_file>
      <input_file id="fl-7">
         <path>.\Drivers\</path>
         <kind>object</kind>
         <file>uartstdio.obj</file>
         <name>uartstdio.obj</name>
      </input_file>
      <input_file id="fl-8">
         <path>.\Source\</path>
         <kind>object</kind>
         <file>croutine.obj</file>
         <name>croutine.obj</name>
      </input_file>
      <input_file id="fl-9">
         <path>.\Source\</path>
         <kind>object</kind>
         <file>event_groups.obj</file>
         <name>event_groups.obj</name>
      </input_file>
      <input_file id="fl-a">
         <path>.\Source\</path>
         <kind>object</kind>
         <file>list.obj</file>
         <name>list.obj</name>
      </input_file>
      <input_file id="fl-b">
         <path>.\Source\</path>
         <kind>object</kind>
         <file>queue.obj</file>
         <name>queue.obj</name>
      </input_file>
      <input_file id="fl-c">
         <path>.\Source\</path>
         <kind>object</kind>
         <file>tasks.obj</file>
         <name>tasks.obj</name>
      </input_file>
      <input_file id="fl-d">
         <path>.\Source\</path>
         <kind>object</kind>
         <file>timers.obj</file>
         <name>timers.obj</name>
      </input_file>
      <input_file id="fl-e">
         <path>.\Source\portable\CCS\ARM_CM3\</path>
         <kind>object</kind>
         <file>port.obj</file>
         <name>port.obj</name>
      </input_file>
      <input_file id="fl-f">
         <path>.\Source\portable\CCS\ARM_CM3\</path>
         <kind>object</kind>
         <file>portasm.obj</file>
         <name>portasm.obj</name>
      </input_file>
      <input_file id="fl-10">
         <path>.\Tasks\</path>
         <kind>object</kind>
         <file>Task_Blinky.obj</file>
         <name>Task_Blinky.obj</name>
      </input_file>
      <input_file id="fl-11">
         <path>.\Tasks\</path>
         <kind>object</kind>
         <file>Task_PWM.obj</file>
         <name>Task_PWM.obj</name>
      </input_file>
      <input_file id="fl-12">
         <path>.\Tasks\</path>
         <kind>object</kind>
         <file>Task_ReportSysTick.obj</file>
         <name>Task_ReportSysTick.obj</name>
      </input_file>
      <input_file id="fl-18">
         <path>C:\TI_CodeComposer\StellarisWare-LM3S1968\driverlib\ccs-cm3\Debug\</path>
         <kind>archive</kind>
         <file>driverlib-cm3.lib</file>
         <name>uart.obj</name>
      </input_file>
      <input_file id="fl-19">
         <path>C:\TI_CodeComposer\StellarisWare-LM3S1968\driverlib\ccs-cm3\Debug\</path>
         <kind>archive</kind>
         <file>driverlib-cm3.lib</file>
         <name>sysctl.obj</name>
      </input_file>
      <input_file id="fl-1a">
         <path>C:\TI_CodeComposer\StellarisWare-LM3S1968\driverlib\ccs-cm3\Debug\</path>
         <kind>archive</kind>
         <file>driverlib-cm3.lib</file>
         <name>ssi.obj</name>
      </input_file>
      <input_file id="fl-1b">
         <path>C:\TI_CodeComposer\StellarisWare-LM3S1968\driverlib\ccs-cm3\Debug\</path>
         <kind>archive</kind>
         <file>driverlib-cm3.lib</file>
         <name>interrupt.obj</name>
      </input_file>
      <input_file id="fl-1c">
         <path>C:\TI_CodeComposer\StellarisWare-LM3S1968\driverlib\ccs-cm3\Debug\</path>
         <kind>archive</kind>
         <file>driverlib-cm3.lib</file>
         <name>gpio.obj</name>
      </input_file>
      <input_file id="fl-1d">
         <path>C:\TI_CodeComposer\StellarisWare-LM3S1968\driverlib\ccs-cm3\Debug\</path>
         <kind>archive</kind>
         <file>driverlib-cm3.lib</file>
         <name>cpu.obj</name>
      </input_file>
      <input_file id="fl-d3">
         <path>C:\TI_CodeComposer\ccsv6\tools\compiler\ti-cgt-arm_15.12.1.LTS\lib\</path>
         <kind>archive</kind>
         <file>rtsv7M3_T_le_eabi.lib</file>
         <name>boot.obj</name>
      </input_file>
      <input_file id="fl-d4">
         <path>C:\TI_CodeComposer\ccsv6\tools\compiler\ti-cgt-arm_15.12.1.LTS\lib\</path>
         <kind>archive</kind>
         <file>rtsv7M3_T_le_eabi.lib</file>
         <name>copy_decompress_none.obj</name>
      </input_file>
      <input_file id="fl-d5">
         <path>C:\TI_CodeComposer\ccsv6\tools\compiler\ti-cgt-arm_15.12.1.LTS\lib\</path>
         <kind>archive</kind>
         <file>rtsv7M3_T_le_eabi.lib</file>
         <name>copy_decompress_rle.obj</name>
      </input_file>
      <input_file id="fl-d6">
         <path>C:\TI_CodeComposer\ccsv6\tools\compiler\ti-cgt-arm_15.12.1.LTS\lib\</path>
         <kind>archive</kind>
         <file>rtsv7M3_T_le_eabi.lib</file>
         <name>copy_zero_init.obj</name>
      </input_file>
      <input_file id="fl-d7">
         <path>C:\TI_CodeComposer\ccsv6\tools\compiler\ti-cgt-arm_15.12.1.LTS\lib\</path>
         <kind>archive</kind>
         <file>rtsv7M3_T_le_eabi.lib</file>
         <name>exit.obj</name>
      </input_file>
      <input_file id="fl-d8">
         <path>C:\TI_CodeComposer\ccsv6\tools\compiler\ti-cgt-arm_15.12.1.LTS\lib\</path>
         <kind>archive</kind>
         <file>rtsv7M3_T_le_eabi.lib</file>
         <name>memcpy_t2.obj</name>
      </input_file>
      <input_file id="fl-d9">
         <path>C:\TI_CodeComposer\ccsv6\tools\compiler\ti-cgt-arm_15.12.1.LTS\lib\</path>
         <kind>archive</kind>
         <file>rtsv7M3_T_le_eabi.lib</file>
         <name>memset_t2.obj</name>
      </input_file>
      <input_file id="fl-da">
         <path>C:\TI_CodeComposer\ccsv6\tools\compiler\ti-cgt-arm_15.12.1.LTS\lib\</path>
         <kind>archive</kind>
         <file>rtsv7M3_T_le_eabi.lib</file>
         <name>mpu_init.obj</name>
      </input_file>
      <input_file id="fl-db">
         <path>C:\TI_CodeComposer\ccsv6\tools\compiler\ti-cgt-arm_15.12.1.LTS\lib\</path>
         <kind>archive</kind>
         <file>rtsv7M3_T_le_eabi.lib</file>
         <name>pre_init.obj</name>
      </input_file>
      <input_file id="fl-dc">
         <path>C:\TI_CodeComposer\ccsv6\tools\compiler\ti-cgt-arm_15.12.1.LTS\lib\</path>
         <kind>archive</kind>
         <file>rtsv7M3_T_le_eabi.lib</file>
         <name>sprintf.obj</name>
      </input_file>
      <input_file id="fl-dd">
         <path>C:\TI_CodeComposer\ccsv6\tools\compiler\ti-cgt-arm_15.12.1.LTS\lib\</path>
         <kind>archive</kind>
         <file>rtsv7M3_T_le_eabi.lib</file>
         <name>stkdepth_vars.obj</name>
      </input_file>
      <input_file id="fl-de">
         <path>C:\TI_CodeComposer\ccsv6\tools\compiler\ti-cgt-arm_15.12.1.LTS\lib\</path>
         <kind>archive</kind>
         <file>rtsv7M3_T_le_eabi.lib</file>
         <name>u_divt2.obj</name>
      </input_file>
      <input_file id="fl-df">
         <path>C:\TI_CodeComposer\ccsv6\tools\compiler\ti-cgt-arm_15.12.1.LTS\lib\</path>
         <kind>archive</kind>
         <file>rtsv7M3_T_le_eabi.lib</file>
         <name>_lock.obj</name>
      </input_file>
      <input_file id="fl-e0">
         <path>C:\TI_CodeComposer\ccsv6\tools\compiler\ti-cgt-arm_15.12.1.LTS\lib\</path>
         <kind>archive</kind>
         <file>rtsv7M3_T_le_eabi.lib</file>
         <name>_printfi.obj</name>
      </input_file>
      <input_file id="fl-e1">
         <path>C:\TI_CodeComposer\ccsv6\tools\compiler\ti-cgt-arm_15.12.1.LTS\lib\</path>
         <kind>archive</kind>
         <file>rtsv7M3_T_le_eabi.lib</file>
         <name>args_main.obj</name>
      </input_file>
      <input_file id="fl-e2">
         <path>C:\TI_CodeComposer\ccsv6\tools\compiler\ti-cgt-arm_15.12.1.LTS\lib\</path>
         <kind>archive</kind>
         <file>rtsv7M3_T_le_eabi.lib</file>
         <name>atoi.obj</name>
      </input_file>
      <input_file id="fl-e3">
         <path>C:\TI_CodeComposer\ccsv6\tools\compiler\ti-cgt-arm_15.12.1.LTS\lib\</path>
         <kind>archive</kind>
         <file>rtsv7M3_T_le_eabi.lib</file>
         <name>autoinit.obj</name>
      </input_file>
      <input_file id="fl-e4">
         <path>C:\TI_CodeComposer\ccsv6\tools\compiler\ti-cgt-arm_15.12.1.LTS\lib\</path>
         <kind>archive</kind>
         <file>rtsv7M3_T_le_eabi.lib</file>
         <name>cpy_tbl.obj</name>
      </input_file>
      <input_file id="fl-e5">
         <path>C:\TI_CodeComposer\ccsv6\tools\compiler\ti-cgt-arm_15.12.1.LTS\lib\</path>
         <kind>archive</kind>
         <file>rtsv7M3_T_le_eabi.lib</file>
         <name>ctype.obj</name>
      </input_file>
      <input_file id="fl-e6">
         <path>C:\TI_CodeComposer\ccsv6\tools\compiler\ti-cgt-arm_15.12.1.LTS\lib\</path>
         <kind>archive</kind>
         <file>rtsv7M3_T_le_eabi.lib</file>
         <name>fd_add_t2.obj</name>
      </input_file>
      <input_file id="fl-e7">
         <path>C:\TI_CodeComposer\ccsv6\tools\compiler\ti-cgt-arm_15.12.1.LTS\lib\</path>
         <kind>archive</kind>
         <file>rtsv7M3_T_le_eabi.lib</file>
         <name>fd_cmp_t2.obj</name>
      </input_file>
      <input_file id="fl-e8">
         <path>C:\TI_CodeComposer\ccsv6\tools\compiler\ti-cgt-arm_15.12.1.LTS\lib\</path>
         <kind>archive</kind>
         <file>rtsv7M3_T_le_eabi.lib</file>
         <name>fd_div_t2.obj</name>
      </input_file>
      <input_file id="fl-e9">
         <path>C:\TI_CodeComposer\ccsv6\tools\compiler\ti-cgt-arm_15.12.1.LTS\lib\</path>
         <kind>archive</kind>
         <file>rtsv7M3_T_le_eabi.lib</file>
         <name>fd_mul_t2.obj</name>
      </input_file>
      <input_file id="fl-ea">
         <path>C:\TI_CodeComposer\ccsv6\tools\compiler\ti-cgt-arm_15.12.1.LTS\lib\</path>
         <kind>archive</kind>
         <file>rtsv7M3_T_le_eabi.lib</file>
         <name>fd_toi_t2.obj</name>
      </input_file>
      <input_file id="fl-eb">
         <path>C:\TI_CodeComposer\ccsv6\tools\compiler\ti-cgt-arm_15.12.1.LTS\lib\</path>
         <kind>archive</kind>
         <file>rtsv7M3_T_le_eabi.lib</file>
         <name>i_div0.obj</name>
      </input_file>
      <input_file id="fl-ec">
         <path>C:\TI_CodeComposer\ccsv6\tools\compiler\ti-cgt-arm_15.12.1.LTS\lib\</path>
         <kind>archive</kind>
         <file>rtsv7M3_T_le_eabi.lib</file>
         <name>i_tofd_t2.obj</name>
      </input_file>
      <input_file id="fl-ed">
         <path>C:\TI_CodeComposer\ccsv6\tools\compiler\ti-cgt-arm_15.12.1.LTS\lib\</path>
         <kind>archive</kind>
         <file>rtsv7M3_T_le_eabi.lib</file>
         <name>ltoa.obj</name>
      </input_file>
      <input_file id="fl-ee">
         <path>C:\TI_CodeComposer\ccsv6\tools\compiler\ti-cgt-arm_15.12.1.LTS\lib\</path>
         <kind>archive</kind>
         <file>rtsv7M3_T_le_eabi.lib</file>
         <name>memccpy.obj</name>
      </input_file>
      <input_file id="fl-ef">
         <path>C:\TI_CodeComposer\ccsv6\tools\compiler\ti-cgt-arm_15.12.1.LTS\lib\</path>
         <kind>archive</kind>
         <file>rtsv7M3_T_le_eabi.lib</file>
         <name>s_frexp.obj</name>
      </input_file>
      <input_file id="fl-f0">
         <path>C:\TI_CodeComposer\ccsv6\tools\compiler\ti-cgt-arm_15.12.1.LTS\lib\</path>
         <kind>archive</kind>
         <file>rtsv7M3_T_le_eabi.lib</file>
         <name>s_scalbn.obj</name>
      </input_file>
      <input_file id="fl-f1">
         <path>C:\TI_CodeComposer\ccsv6\tools\compiler\ti-cgt-arm_15.12.1.LTS\lib\</path>
         <kind>archive</kind>
         <file>rtsv7M3_T_le_eabi.lib</file>
         <name>startup.obj</name>
      </input_file>
      <input_file id="fl-f2">
         <path>C:\TI_CodeComposer\ccsv6\tools\compiler\ti-cgt-arm_15.12.1.LTS\lib\</path>
         <kind>archive</kind>
         <file>rtsv7M3_T_le_eabi.lib</file>
         <name>strchr.obj</name>
      </input_file>
      <input_file id="fl-f3">
         <path>C:\TI_CodeComposer\ccsv6\tools\compiler\ti-cgt-arm_15.12.1.LTS\lib\</path>
         <kind>archive</kind>
         <file>rtsv7M3_T_le_eabi.lib</file>
         <name>strlen.obj</name>
      </input_file>
      <input_file id="fl-f4">
         <path>C:\TI_CodeComposer\ccsv6\tools\compiler\ti-cgt-arm_15.12.1.LTS\lib\</path>
         <kind>archive</kind>
         <file>rtsv7M3_T_le_eabi.lib</file>
         <name>ull_div_t2.obj</name>
      </input_file>
      <input_file id="fl-f5">
         <path>C:\TI_CodeComposer\ccsv6\tools\compiler\ti-cgt-arm_15.12.1.LTS\lib\</path>
         <kind>archive</kind>
         <file>rtsv7M3_T_le_eabi.lib</file>
         <name>errno.obj</name>
      </input_file>
      <input_file id="fl-f6">
         <path>C:\TI_CodeComposer\ccsv6\tools\compiler\ti-cgt-arm_15.12.1.LTS\lib\</path>
         <kind>archive</kind>
         <file>rtsv7M3_T_le_eabi.lib</file>
         <name>s_copysign.obj</name>
      </input_file>
   </input_file_list>
   <object_component_list>
      <object_component id="oc-f">
         <name>.intvecs</name>
         <load_address>0x0</load_address>
         <run_address>0x0</run_address>
         <size>0x200</size>
         <input_file_ref idref="fl-2"/>
      </object_component>
      <object_component id="oc-2ee">
         <name>.text</name>
         <load_address>0x200</load_address>
         <run_address>0x200</run_address>
         <size>0x10f0</size>
         <input_file_ref idref="fl-e0"/>
      </object_component>
      <object_component id="oc-8c">
         <name>.text</name>
         <load_address>0x12f0</load_address>
         <run_address>0x12f0</run_address>
         <size>0xea0</size>
         <input_file_ref idref="fl-c"/>
      </object_component>
      <object_component id="oc-17d">
         <name>.text</name>
         <load_address>0x2190</load_address>
         <run_address>0x2190</run_address>
         <size>0x914</size>
         <input_file_ref idref="fl-b"/>
      </object_component>
      <object_component id="oc-15f">
         <name>.text</name>
         <load_address>0x2aa4</load_address>
         <run_address>0x2aa4</run_address>
         <size>0x648</size>
         <input_file_ref idref="fl-11"/>
      </object_component>
      <object_component id="oc-e8">
         <name>.text</name>
         <load_address>0x30ec</load_address>
         <run_address>0x30ec</run_address>
         <size>0x528</size>
         <input_file_ref idref="fl-d"/>
      </object_component>
      <object_component id="oc-135">
         <name>.text</name>
         <load_address>0x3614</load_address>
         <run_address>0x3614</run_address>
         <size>0x510</size>
         <input_file_ref idref="fl-6"/>
      </object_component>
      <object_component id="oc-149">
         <name>.text</name>
         <load_address>0x3b24</load_address>
         <run_address>0x3b24</run_address>
         <size>0x488</size>
         <input_file_ref idref="fl-7"/>
      </object_component>
      <object_component id="oc-32e">
         <name>.text</name>
         <load_address>0x3fac</load_address>
         <run_address>0x3fac</run_address>
         <size>0x1f4</size>
         <input_file_ref idref="fl-f4"/>
      </object_component>
      <object_component id="oc-f7">
         <name>.text</name>
         <load_address>0x41a0</load_address>
         <run_address>0x41a0</run_address>
         <size>0x1b8</size>
         <input_file_ref idref="fl-4"/>
      </object_component>
      <object_component id="oc-35d">
         <name>.text</name>
         <load_address>0x4358</load_address>
         <run_address>0x4358</run_address>
         <size>0x1b6</size>
         <input_file_ref idref="fl-e6"/>
      </object_component>
      <object_component id="oc-300">
         <name>.text:IntDefaultHandler</name>
         <load_address>0x450e</load_address>
         <run_address>0x450e</run_address>
         <size>0x2</size>
         <input_file_ref idref="fl-1b"/>
      </object_component>
      <object_component id="oc-13f">
         <name>.text:SysCtlClockGet</name>
         <load_address>0x4510</load_address>
         <run_address>0x4510</run_address>
         <size>0x198</size>
         <input_file_ref idref="fl-19"/>
      </object_component>
      <object_component id="oc-13b">
         <name>.text:SysCtlClockSet</name>
         <load_address>0x46a8</load_address>
         <run_address>0x46a8</run_address>
         <size>0x144</size>
         <input_file_ref idref="fl-19"/>
      </object_component>
      <object_component id="oc-343">
         <name>.text</name>
         <load_address>0x47ec</load_address>
         <run_address>0x47ec</run_address>
         <size>0x136</size>
         <input_file_ref idref="fl-e8"/>
      </object_component>
      <object_component id="oc-e2">
         <name>.text</name>
         <load_address>0x4922</load_address>
         <run_address>0x4922</run_address>
         <size>0x12a</size>
         <input_file_ref idref="fl-a"/>
      </object_component>
      <object_component id="oc-33e">
         <name>.text</name>
         <load_address>0x4a4c</load_address>
         <run_address>0x4a4c</run_address>
         <size>0xfc</size>
         <input_file_ref idref="fl-e9"/>
      </object_component>
      <object_component id="oc-cf">
         <name>.text</name>
         <load_address>0x4b48</load_address>
         <run_address>0x4b48</run_address>
         <size>0xf4</size>
         <input_file_ref idref="fl-3"/>
      </object_component>
      <object_component id="oc-39">
         <name>.text</name>
         <load_address>0x4c3c</load_address>
         <run_address>0x4c3c</run_address>
         <size>0xf0</size>
         <input_file_ref idref="fl-e"/>
      </object_component>
      <object_component id="oc-368">
         <name>.text</name>
         <load_address>0x4d2c</load_address>
         <run_address>0x4d2c</run_address>
         <size>0xd0</size>
         <input_file_ref idref="fl-f0"/>
      </object_component>
      <object_component id="oc-1e1">
         <name>.text:GPIOPadConfigSet</name>
         <load_address>0x4dfc</load_address>
         <run_address>0x4dfc</run_address>
         <size>0xc8</size>
         <input_file_ref idref="fl-1c"/>
      </object_component>
      <object_component id="oc-42">
         <name>.text</name>
         <load_address>0x4ec4</load_address>
         <run_address>0x4ec4</run_address>
         <size>0x9c</size>
         <input_file_ref idref="fl-d8"/>
      </object_component>
      <object_component id="oc-339">
         <name>.text:__aeabi_cdcmple</name>
         <load_address>0x4f60</load_address>
         <run_address>0x4f60</run_address>
         <size>0x86</size>
         <input_file_ref idref="fl-e7"/>
      </object_component>
      <object_component id="oc-348">
         <name>.text:__aeabi_cdrcmple</name>
         <load_address>0x4fe6</load_address>
         <run_address>0x4fe6</run_address>
         <size>0x86</size>
         <input_file_ref idref="fl-e7"/>
      </object_component>
      <object_component id="oc-34">
         <name>.text</name>
         <load_address>0x506c</load_address>
         <run_address>0x506c</run_address>
         <size>0x80</size>
         <input_file_ref idref="fl-f"/>
      </object_component>
      <object_component id="oc-5b">
         <name>.text</name>
         <load_address>0x50ec</load_address>
         <run_address>0x50ec</run_address>
         <size>0x7a</size>
         <input_file_ref idref="fl-d9"/>
      </object_component>
      <object_component id="oc-2df">
         <name>.text</name>
         <load_address>0x5166</load_address>
         <run_address>0x5166</run_address>
         <size>0x2</size>
         <input_file_ref idref="fl-eb"/>
      </object_component>
      <object_component id="oc-21b">
         <name>.text:SysCtlPeripheralPresent</name>
         <load_address>0x5168</load_address>
         <run_address>0x5168</run_address>
         <size>0x78</size>
         <input_file_ref idref="fl-19"/>
      </object_component>
      <object_component id="oc-73">
         <name>.text</name>
         <load_address>0x51e0</load_address>
         <run_address>0x51e0</run_address>
         <size>0x70</size>
         <input_file_ref idref="fl-e3"/>
      </object_component>
      <object_component id="oc-4e">
         <name>.text</name>
         <load_address>0x5250</load_address>
         <run_address>0x5250</run_address>
         <size>0x6a</size>
         <input_file_ref idref="fl-d5"/>
      </object_component>
      <object_component id="oc-67">
         <name>.text</name>
         <load_address>0x52ba</load_address>
         <run_address>0x52ba</run_address>
         <size>0x2</size>
         <input_file_ref idref="fl-da"/>
      </object_component>
      <object_component id="oc-25f">
         <name>.text:IntDisable</name>
         <load_address>0x52bc</load_address>
         <run_address>0x52bc</run_address>
         <size>0x64</size>
         <input_file_ref idref="fl-1b"/>
      </object_component>
      <object_component id="oc-25b">
         <name>.text:IntEnable</name>
         <load_address>0x5320</load_address>
         <run_address>0x5320</run_address>
         <size>0x64</size>
         <input_file_ref idref="fl-1b"/>
      </object_component>
      <object_component id="oc-24f">
         <name>.text</name>
         <load_address>0x5384</load_address>
         <run_address>0x5384</run_address>
         <size>0x60</size>
         <input_file_ref idref="fl-dc"/>
      </object_component>
      <object_component id="oc-362">
         <name>.text</name>
         <load_address>0x53e4</load_address>
         <run_address>0x53e4</run_address>
         <size>0x5c</size>
         <input_file_ref idref="fl-ef"/>
      </object_component>
      <object_component id="oc-1f9">
         <name>.text:SysCtlPeripheralEnable</name>
         <load_address>0x5440</load_address>
         <run_address>0x5440</run_address>
         <size>0x58</size>
         <input_file_ref idref="fl-19"/>
      </object_component>
      <object_component id="oc-352">
         <name>.text</name>
         <load_address>0x5498</load_address>
         <run_address>0x5498</run_address>
         <size>0x56</size>
         <input_file_ref idref="fl-ed"/>
      </object_component>
      <object_component id="oc-c7">
         <name>.text</name>
         <load_address>0x54ee</load_address>
         <run_address>0x54ee</run_address>
         <size>0x2</size>
         <input_file_ref idref="fl-f1"/>
      </object_component>
      <object_component id="oc-153">
         <name>.text</name>
         <load_address>0x54f0</load_address>
         <run_address>0x54f0</run_address>
         <size>0x54</size>
         <input_file_ref idref="fl-10"/>
      </object_component>
      <object_component id="oc-7f">
         <name>.text</name>
         <load_address>0x5544</load_address>
         <run_address>0x5544</run_address>
         <size>0x54</size>
         <input_file_ref idref="fl-d7"/>
      </object_component>
      <object_component id="oc-37a">
         <name>.text</name>
         <load_address>0x5598</load_address>
         <run_address>0x5598</run_address>
         <size>0x4c</size>
         <input_file_ref idref="fl-e2"/>
      </object_component>
      <object_component id="oc-c1">
         <name>.text</name>
         <load_address>0x55e4</load_address>
         <run_address>0x55e4</run_address>
         <size>0x4c</size>
         <input_file_ref idref="fl-e4"/>
      </object_component>
      <object_component id="oc-34d">
         <name>.text</name>
         <load_address>0x5630</load_address>
         <run_address>0x5630</run_address>
         <size>0x48</size>
         <input_file_ref idref="fl-ea"/>
      </object_component>
      <object_component id="oc-1d9">
         <name>.text:SSIConfigSetExpClk</name>
         <load_address>0x5678</load_address>
         <run_address>0x5678</run_address>
         <size>0x44</size>
         <input_file_ref idref="fl-1a"/>
      </object_component>
      <object_component id="oc-159">
         <name>.text</name>
         <load_address>0x56bc</load_address>
         <run_address>0x56bc</run_address>
         <size>0x42</size>
         <input_file_ref idref="fl-12"/>
      </object_component>
      <object_component id="oc-21f">
         <name>.text:UARTConfigSetExpClk</name>
         <load_address>0x56fe</load_address>
         <run_address>0x56fe</run_address>
         <size>0x42</size>
         <input_file_ref idref="fl-18"/>
      </object_component>
      <object_component id="oc-24">
         <name>.text</name>
         <load_address>0x5740</load_address>
         <run_address>0x5740</run_address>
         <size>0x40</size>
         <input_file_ref idref="fl-d3"/>
      </object_component>
      <object_component id="oc-238">
         <name>.text</name>
         <load_address>0x5780</load_address>
         <run_address>0x5780</run_address>
         <size>0x40</size>
         <input_file_ref idref="fl-de"/>
      </object_component>
      <object_component id="oc-143">
         <name>.text</name>
         <load_address>0x57c0</load_address>
         <run_address>0x57c0</run_address>
         <size>0x3c</size>
         <input_file_ref idref="fl-5"/>
      </object_component>
      <object_component id="oc-257">
         <name>.text:IntRegister</name>
         <load_address>0x57fc</load_address>
         <run_address>0x57fc</run_address>
         <size>0x34</size>
         <input_file_ref idref="fl-1b"/>
      </object_component>
      <object_component id="oc-2b0">
         <name>.text:GPIODirModeSet</name>
         <load_address>0x5830</load_address>
         <run_address>0x5830</run_address>
         <size>0x2e</size>
         <input_file_ref idref="fl-1c"/>
      </object_component>
      <object_component id="oc-358">
         <name>.text</name>
         <load_address>0x585e</load_address>
         <run_address>0x585e</run_address>
         <size>0x2e</size>
         <input_file_ref idref="fl-ec"/>
      </object_component>
      <object_component id="oc-2d0">
         <name>.text:UARTDisable</name>
         <load_address>0x588c</load_address>
         <run_address>0x588c</run_address>
         <size>0x1c</size>
         <input_file_ref idref="fl-18"/>
      </object_component>
      <object_component id="oc-374">
         <name>.text</name>
         <load_address>0x58a8</load_address>
         <run_address>0x58a8</run_address>
         <size>0x1a</size>
         <input_file_ref idref="fl-ee"/>
      </object_component>
      <object_component id="oc-79">
         <name>.text</name>
         <load_address>0x58c4</load_address>
         <run_address>0x58c4</run_address>
         <size>0x18</size>
         <input_file_ref idref="fl-e1"/>
      </object_component>
      <object_component id="oc-36e">
         <name>.text</name>
         <load_address>0x58dc</load_address>
         <run_address>0x58dc</run_address>
         <size>0x16</size>
         <input_file_ref idref="fl-f2"/>
      </object_component>
      <object_component id="oc-263">
         <name>.text:IntUnregister</name>
         <load_address>0x58f4</load_address>
         <run_address>0x58f4</run_address>
         <size>0x14</size>
         <input_file_ref idref="fl-1b"/>
      </object_component>
      <object_component id="oc-26b">
         <name>.text:SysCtlPWMClockSet</name>
         <load_address>0x5908</load_address>
         <run_address>0x5908</run_address>
         <size>0x14</size>
         <input_file_ref idref="fl-19"/>
      </object_component>
      <object_component id="oc-223">
         <name>.text:UARTEnable</name>
         <load_address>0x591c</load_address>
         <run_address>0x591c</run_address>
         <size>0x14</size>
         <input_file_ref idref="fl-18"/>
      </object_component>
      <object_component id="oc-16f">
         <name>.text</name>
         <load_address>0x5930</load_address>
         <run_address>0x5930</run_address>
         <size>0x14</size>
         <input_file_ref idref="fl-df"/>
      </object_component>
      <object_component id="oc-333">
         <name>.text</name>
         <load_address>0x5944</load_address>
         <run_address>0x5944</run_address>
         <size>0x14</size>
         <input_file_ref idref="fl-f3"/>
      </object_component>
      <object_component id="oc-1ed">
         <name>.text:GPIOPinTypeGPIOOutput</name>
         <load_address>0x5958</load_address>
         <run_address>0x5958</run_address>
         <size>0x12</size>
         <input_file_ref idref="fl-1c"/>
      </object_component>
      <object_component id="oc-267">
         <name>.text:GPIOPinTypePWM</name>
         <load_address>0x596a</load_address>
         <run_address>0x596a</run_address>
         <size>0x12</size>
         <input_file_ref idref="fl-1c"/>
      </object_component>
      <object_component id="oc-1dd">
         <name>.text:GPIOPinTypeSSI</name>
         <load_address>0x597c</load_address>
         <run_address>0x597c</run_address>
         <size>0x12</size>
         <input_file_ref idref="fl-1c"/>
      </object_component>
      <object_component id="oc-213">
         <name>.text:GPIOPinTypeUART</name>
         <load_address>0x598e</load_address>
         <run_address>0x598e</run_address>
         <size>0x12</size>
         <input_file_ref idref="fl-1c"/>
      </object_component>
      <object_component id="oc-1e9">
         <name>.text:SSIDataGetNonBlocking</name>
         <load_address>0x59a0</load_address>
         <run_address>0x59a0</run_address>
         <size>0x12</size>
         <input_file_ref idref="fl-1a"/>
      </object_component>
      <object_component id="oc-12">
         <name>.text:decompress:none</name>
         <load_address>0x59b2</load_address>
         <run_address>0x59b2</run_address>
         <size>0xe</size>
         <input_file_ref idref="fl-d4"/>
      </object_component>
      <object_component id="oc-2e">
         <name>.text</name>
         <load_address>0x59c0</load_address>
         <run_address>0x59c0</run_address>
         <size>0xc</size>
         <input_file_ref idref="fl-2"/>
      </object_component>
      <object_component id="oc-1ce">
         <name>.text:SSIDataPut</name>
         <load_address>0x59cc</load_address>
         <run_address>0x59cc</run_address>
         <size>0xa</size>
         <input_file_ref idref="fl-1a"/>
      </object_component>
      <object_component id="oc-1d5">
         <name>.text:SSIDisable</name>
         <load_address>0x59d6</load_address>
         <run_address>0x59d6</run_address>
         <size>0xa</size>
         <input_file_ref idref="fl-1a"/>
      </object_component>
      <object_component id="oc-1e5">
         <name>.text:SSIEnable</name>
         <load_address>0x59e0</load_address>
         <run_address>0x59e0</run_address>
         <size>0xa</size>
         <input_file_ref idref="fl-1a"/>
      </object_component>
      <object_component id="oc-22b">
         <name>.text:UARTCharGet</name>
         <load_address>0x59ea</load_address>
         <run_address>0x59ea</run_address>
         <size>0xa</size>
         <input_file_ref idref="fl-18"/>
      </object_component>
      <object_component id="oc-227">
         <name>.text:UARTCharPut</name>
         <load_address>0x59f4</load_address>
         <run_address>0x59f4</run_address>
         <size>0xa</size>
         <input_file_ref idref="fl-18"/>
      </object_component>
      <object_component id="oc-1c6">
         <name>.text:SSIBusy</name>
         <load_address>0x59fe</load_address>
         <run_address>0x59fe</run_address>
         <size>0x8</size>
         <input_file_ref idref="fl-1a"/>
      </object_component>
      <object_component id="oc-3ad">
         <name>.text</name>
         <load_address>0x5a06</load_address>
         <run_address>0x5a06</run_address>
         <size>0x8</size>
         <input_file_ref idref="fl-f6"/>
      </object_component>
      <object_component id="oc-249">
         <name>.text:GPIOPinRead</name>
         <load_address>0x5a0e</load_address>
         <run_address>0x5a0e</run_address>
         <size>0x6</size>
         <input_file_ref idref="fl-1c"/>
      </object_component>
      <object_component id="oc-1ca">
         <name>.text:GPIOPinWrite</name>
         <load_address>0x5a14</load_address>
         <run_address>0x5a14</run_address>
         <size>0x6</size>
         <input_file_ref idref="fl-1c"/>
      </object_component>
      <object_component id="oc-209">
         <name>.text:SysCtlDelay</name>
         <load_address>0x5a1a</load_address>
         <run_address>0x5a1a</run_address>
         <size>0x6</size>
         <input_file_ref idref="fl-19"/>
      </object_component>
      <object_component id="oc-18">
         <name>.text:decompress:rle24</name>
         <load_address>0x5a20</load_address>
         <run_address>0x5a20</run_address>
         <size>0x6</size>
         <input_file_ref idref="fl-d5"/>
      </object_component>
      <object_component id="oc-6d">
         <name>.text</name>
         <load_address>0x5a26</load_address>
         <run_address>0x5a26</run_address>
         <size>0x4</size>
         <input_file_ref idref="fl-db"/>
      </object_component>
      <object_component id="oc-200">
         <name>.const:g_pucFont</name>
         <load_address>0x5a2c</load_address>
         <run_address>0x5a2c</run_address>
         <size>0x1e0</size>
         <input_file_ref idref="fl-6"/>
      </object_component>
      <object_component id="oc-3bc">
         <name>.const:.string:_ctypes_</name>
         <load_address>0x5c0c</load_address>
         <run_address>0x5c0c</run_address>
         <size>0x101</size>
         <input_file_ref idref="fl-e5"/>
      </object_component>
      <object_component id="oc-1f4">
         <name>.const:.string:pucCommand1$1</name>
         <load_address>0x5d0d</load_address>
         <run_address>0x5d0d</run_address>
         <size>0x3</size>
         <input_file_ref idref="fl-6"/>
      </object_component>
      <object_component id="oc-2fc">
         <name>.const</name>
         <load_address>0x5d10</load_address>
         <run_address>0x5d10</run_address>
         <size>0x70</size>
         <input_file_ref idref="fl-1b"/>
      </object_component>
      <object_component id="oc-210">
         <name>.const:g_pulXtals</name>
         <load_address>0x5d80</load_address>
         <run_address>0x5d80</run_address>
         <size>0x6c</size>
         <input_file_ref idref="fl-19"/>
      </object_component>
      <object_component id="oc-203">
         <name>.const:.string:g_pucRIT128x96x4Init</name>
         <load_address>0x5dec</load_address>
         <run_address>0x5dec</run_address>
         <size>0x4f</size>
         <input_file_ref idref="fl-6"/>
      </object_component>
      <object_component id="oc-2bd">
         <name>.const</name>
         <load_address>0x5e3c</load_address>
         <run_address>0x5e3c</run_address>
         <size>0x40</size>
         <input_file_ref idref="fl-19"/>
      </object_component>
      <object_component id="oc-2e6">
         <name>.const:.string</name>
         <load_address>0x5e7c</load_address>
         <run_address>0x5e7c</run_address>
         <size>0x12</size>
         <input_file_ref idref="fl-7"/>
      </object_component>
      <object_component id="oc-1f6">
         <name>.const:.string:g_pucRIT128x96x4HorizontalInc</name>
         <load_address>0x5e8e</load_address>
         <run_address>0x5e8e</run_address>
         <size>0x2</size>
         <input_file_ref idref="fl-6"/>
      </object_component>
      <object_component id="oc-235">
         <name>.const:g_ulUARTBase</name>
         <load_address>0x5e90</load_address>
         <run_address>0x5e90</run_address>
         <size>0xc</size>
         <input_file_ref idref="fl-7"/>
      </object_component>
      <object_component id="oc-22f">
         <name>.const:g_ulUARTPeriph</name>
         <load_address>0x5e9c</load_address>
         <run_address>0x5e9c</run_address>
         <size>0xc</size>
         <input_file_ref idref="fl-7"/>
      </object_component>
      <object_component id="oc-23d">
         <name>.const</name>
         <load_address>0x5ea8</load_address>
         <run_address>0x5ea8</run_address>
         <size>0x4</size>
         <input_file_ref idref="fl-7"/>
      </object_component>
      <object_component id="oc-1f5">
         <name>.const:.string:pucCommand2$2</name>
         <load_address>0x5eac</load_address>
         <run_address>0x5eac</run_address>
         <size>0x3</size>
         <input_file_ref idref="fl-6"/>
      </object_component>
      <object_component id="oc-1fd">
         <name>.const:.string:g_pucRIT128x96x4VerticalInc</name>
         <load_address>0x5eaf</load_address>
         <run_address>0x5eaf</run_address>
         <size>0x2</size>
         <input_file_ref idref="fl-6"/>
      </object_component>
      <object_component id="oc-206">
         <name>.const:.string:pucCommand1$3</name>
         <load_address>0x5eb1</load_address>
         <run_address>0x5eb1</run_address>
         <size>0x2</size>
         <input_file_ref idref="fl-6"/>
      </object_component>
      <object_component id="oc-1ad">
         <name>.const</name>
         <load_address>0x5eb4</load_address>
         <run_address>0x5eb4</run_address>
         <size>0x2</size>
         <input_file_ref idref="fl-4"/>
      </object_component>
      <object_component id="oc-400">
         <name>.cinit..data.load</name>
         <load_address>0x5eb8</load_address>
         <run_address>0x5eb8</run_address>
         <size>0x20</size>
      </object_component>
      <object_component id="oc-401">
         <name>.cinit..bss.load</name>
         <load_address>0x5ed8</load_address>
         <run_address>0x5ed8</run_address>
         <size>0xb</size>
      </object_component>
      <object_component id="oc-3ff">
         <name>.cinit..vtable.load</name>
         <load_address>0x5ee8</load_address>
         <run_address>0x5ee8</run_address>
         <size>0xb</size>
      </object_component>
      <object_component id="oc-3fd">
         <name>__TI_handler_table</name>
         <load_address>0x5ef4</load_address>
         <run_address>0x5ef4</run_address>
         <size>0x8</size>
      </object_component>
      <object_component id="oc-3fe">
         <name>__TI_cinit_table</name>
         <load_address>0x5efc</load_address>
         <run_address>0x5efc</run_address>
         <size>0x18</size>
      </object_component>
      <object_component id="oc-2f8">
         <name>.vtable</name>
         <uninitialized>true</uninitialized>
         <run_address>0x20000000</run_address>
         <size>0x26c</size>
         <input_file_ref idref="fl-1b"/>
      </object_component>
      <object_component id="oc-14f">
         <name>.data</name>
         <load_address>0x2000d055</load_address>
         <run_address>0x2000d055</run_address>
         <size>0x1</size>
         <input_file_ref idref="fl-3"/>
      </object_component>
      <object_component id="oc-1a1">
         <name>.data</name>
         <load_address>0x2000d038</load_address>
         <run_address>0x2000d038</run_address>
         <size>0x8</size>
         <input_file_ref idref="fl-4"/>
      </object_component>
      <object_component id="oc-217">
         <name>.data</name>
         <load_address>0x2000d058</load_address>
         <run_address>0x2000d058</run_address>
         <size>0x4</size>
         <input_file_ref idref="fl-5"/>
      </object_component>
      <object_component id="oc-232">
         <name>.data</name>
         <load_address>0x2000d050</load_address>
         <run_address>0x2000d050</run_address>
         <size>0x5</size>
         <input_file_ref idref="fl-7"/>
      </object_component>
      <object_component id="oc-92">
         <name>.data</name>
         <load_address>0x2000cff8</load_address>
         <run_address>0x2000cff8</run_address>
         <size>0x2c</size>
         <input_file_ref idref="fl-c"/>
      </object_component>
      <object_component id="oc-183">
         <name>.data</name>
         <load_address>0x2000d048</load_address>
         <run_address>0x2000d048</run_address>
         <size>0x8</size>
         <input_file_ref idref="fl-d"/>
      </object_component>
      <object_component id="oc-96">
         <name>.data</name>
         <load_address>0x2000d040</load_address>
         <run_address>0x2000d040</run_address>
         <size>0x8</size>
         <input_file_ref idref="fl-e"/>
      </object_component>
      <object_component id="oc-26f">
         <name>.data</name>
         <load_address>0x2000d056</load_address>
         <run_address>0x2000d056</run_address>
         <size>0x1</size>
         <input_file_ref idref="fl-11"/>
      </object_component>
      <object_component id="oc-d7">
         <name>.data:$O1$$</name>
         <load_address>0x2000d024</load_address>
         <run_address>0x2000d024</run_address>
         <size>0xc</size>
         <input_file_ref idref="fl-d7"/>
      </object_component>
      <object_component id="oc-85">
         <name>.data</name>
         <load_address>0x2000d060</load_address>
         <run_address>0x2000d060</run_address>
         <size>0x4</size>
         <input_file_ref idref="fl-dd"/>
      </object_component>
      <object_component id="oc-da">
         <name>.data:$O1$$</name>
         <load_address>0x2000d030</load_address>
         <run_address>0x2000d030</run_address>
         <size>0x8</size>
         <input_file_ref idref="fl-df"/>
      </object_component>
      <object_component id="oc-3b3">
         <name>.data</name>
         <load_address>0x2000d05c</load_address>
         <run_address>0x2000d05c</run_address>
         <size>0x4</size>
         <input_file_ref idref="fl-f5"/>
      </object_component>
      <object_component id="oc-2b">
         <name>.bss:pulStack</name>
         <uninitialized>true</uninitialized>
         <run_address>0x2000c5c0</run_address>
         <size>0x100</size>
         <input_file_ref idref="fl-2"/>
      </object_component>
      <object_component id="oc-1a7">
         <name>.bss:xHeap</name>
         <uninitialized>true</uninitialized>
         <run_address>0x20000270</run_address>
         <size>0xc350</size>
         <input_file_ref idref="fl-4"/>
      </object_component>
      <object_component id="oc-1a4">
         <name>.bss:xStart</name>
         <uninitialized>true</uninitialized>
         <run_address>0x2000c7e8</run_address>
         <size>0x8</size>
         <input_file_ref idref="fl-4"/>
      </object_component>
      <object_component id="oc-1aa">
         <name>.bss:xEnd</name>
         <uninitialized>true</uninitialized>
         <run_address>0x2000c7e0</run_address>
         <size>0x8</size>
         <input_file_ref idref="fl-4"/>
      </object_component>
      <object_component id="oc-1d2">
         <name>.bss</name>
         <uninitialized>true</uninitialized>
         <run_address>0x2000c7f0</run_address>
         <size>0x4</size>
         <input_file_ref idref="fl-6"/>
      </object_component>
      <object_component id="oc-1f1">
         <name>.bss:g_pucBuffer</name>
         <uninitialized>true</uninitialized>
         <run_address>0x2000c7c8</run_address>
         <size>0x8</size>
         <input_file_ref idref="fl-6"/>
      </object_component>
      <object_component id="oc-ee">
         <name>.bss:pxReadyTasksLists</name>
         <uninitialized>true</uninitialized>
         <run_address>0x2000c6c0</run_address>
         <size>0x64</size>
         <input_file_ref idref="fl-c"/>
      </object_component>
      <object_component id="oc-fd">
         <name>.bss:xDelayedTaskList1</name>
         <uninitialized>true</uninitialized>
         <run_address>0x2000c78c</run_address>
         <size>0x14</size>
         <input_file_ref idref="fl-c"/>
      </object_component>
      <object_component id="oc-100">
         <name>.bss:xDelayedTaskList2</name>
         <uninitialized>true</uninitialized>
         <run_address>0x2000c7a0</run_address>
         <size>0x14</size>
         <input_file_ref idref="fl-c"/>
      </object_component>
      <object_component id="oc-f4">
         <name>.bss</name>
         <uninitialized>true</uninitialized>
         <run_address>0x2000c7d0</run_address>
         <size>0x8</size>
         <input_file_ref idref="fl-c"/>
      </object_component>
      <object_component id="oc-f1">
         <name>.bss:xPendingReadyList</name>
         <uninitialized>true</uninitialized>
         <run_address>0x2000c7b4</run_address>
         <size>0x14</size>
         <input_file_ref idref="fl-c"/>
      </object_component>
      <object_component id="oc-189">
         <name>.bss:xActiveTimerList1</name>
         <uninitialized>true</uninitialized>
         <run_address>0x2000c764</run_address>
         <size>0x14</size>
         <input_file_ref idref="fl-d"/>
      </object_component>
      <object_component id="oc-18c">
         <name>.bss:xActiveTimerList2</name>
         <uninitialized>true</uninitialized>
         <run_address>0x2000c778</run_address>
         <size>0x14</size>
         <input_file_ref idref="fl-d"/>
      </object_component>
      <object_component id="oc-186">
         <name>.bss</name>
         <uninitialized>true</uninitialized>
         <run_address>0x2000c7d8</run_address>
         <size>0x8</size>
         <input_file_ref idref="fl-d"/>
      </object_component>
      <object_component id="oc-152">
         <name>.common:g_ulSystemClock</name>
         <uninitialized>true</uninitialized>
         <run_address>0x2000c7f4</run_address>
         <size>0x4</size>
      </object_component>
      <object_component id="oc-27e">
         <name>.common:xQueueRegistry</name>
         <uninitialized>true</uninitialized>
         <run_address>0x2000c724</run_address>
         <size>0x40</size>
      </object_component>
      <object_component id="oc-2a">
         <name>.stack</name>
         <uninitialized>true</uninitialized>
         <run_address>0x2000c7f8</run_address>
         <size>0x0</size>
         <input_file_ref idref="fl-d3"/>
      </object_component>
      <object_component id="oc-402">
         <name>.stack</name>
         <uninitialized>true</uninitialized>
         <run_address>0x2000c7f8</run_address>
         <size>0x0</size>
      </object_component>
      <object_component id="oc-41">
         <name>.debug_info</name>
         <load_address>0x0</load_address>
         <run_address>0x0</run_address>
         <size>0x169</size>
         <input_file_ref idref="fl-2"/>
      </object_component>
      <object_component id="oc-2c">
         <name>.debug_info</name>
         <load_address>0x169</load_address>
         <run_address>0x169</run_address>
         <size>0xd8</size>
         <input_file_ref idref="fl-2"/>
      </object_component>
      <object_component id="oc-10">
         <name>.debug_info</name>
         <load_address>0x241</load_address>
         <run_address>0x241</run_address>
         <size>0xe1</size>
         <input_file_ref idref="fl-2"/>
      </object_component>
      <object_component id="oc-2f">
         <name>.debug_info</name>
         <load_address>0x322</load_address>
         <run_address>0x322</run_address>
         <size>0x245</size>
         <input_file_ref idref="fl-2"/>
      </object_component>
      <object_component id="oc-a7">
         <name>.debug_info</name>
         <load_address>0x567</load_address>
         <run_address>0x567</run_address>
         <size>0x84</size>
         <input_file_ref idref="fl-2"/>
      </object_component>
      <object_component id="oc-10a">
         <name>.debug_info</name>
         <load_address>0x5eb</load_address>
         <run_address>0x5eb</run_address>
         <size>0x18b</size>
         <input_file_ref idref="fl-2"/>
      </object_component>
      <object_component id="oc-242">
         <name>.debug_info</name>
         <load_address>0x776</load_address>
         <run_address>0x776</run_address>
         <size>0x4e</size>
         <input_file_ref idref="fl-2"/>
      </object_component>
      <object_component id="oc-11f">
         <name>.debug_info</name>
         <load_address>0x7c4</load_address>
         <run_address>0x7c4</run_address>
         <size>0x3b4</size>
         <input_file_ref idref="fl-3"/>
      </object_component>
      <object_component id="oc-150">
         <name>.debug_info</name>
         <load_address>0xb78</load_address>
         <run_address>0xb78</run_address>
         <size>0xdf</size>
         <input_file_ref idref="fl-3"/>
      </object_component>
      <object_component id="oc-d0">
         <name>.debug_info</name>
         <load_address>0xc57</load_address>
         <run_address>0xc57</run_address>
         <size>0x24d</size>
         <input_file_ref idref="fl-3"/>
      </object_component>
      <object_component id="oc-105">
         <name>.debug_info</name>
         <load_address>0xea4</load_address>
         <run_address>0xea4</run_address>
         <size>0x2ef</size>
         <input_file_ref idref="fl-3"/>
      </object_component>
      <object_component id="oc-121">
         <name>.debug_info</name>
         <load_address>0x1193</load_address>
         <run_address>0x1193</run_address>
         <size>0x8b</size>
         <input_file_ref idref="fl-3"/>
      </object_component>
      <object_component id="oc-9b">
         <name>.debug_info</name>
         <load_address>0x121e</load_address>
         <run_address>0x121e</run_address>
         <size>0x2c</size>
         <input_file_ref idref="fl-3"/>
      </object_component>
      <object_component id="oc-274">
         <name>.debug_info</name>
         <load_address>0x124a</load_address>
         <run_address>0x124a</run_address>
         <size>0x2c</size>
         <input_file_ref idref="fl-3"/>
      </object_component>
      <object_component id="oc-a0">
         <name>.debug_info</name>
         <load_address>0x1276</load_address>
         <run_address>0x1276</run_address>
         <size>0xae</size>
         <input_file_ref idref="fl-3"/>
      </object_component>
      <object_component id="oc-11a">
         <name>.debug_info</name>
         <load_address>0x1324</load_address>
         <run_address>0x1324</run_address>
         <size>0x14c</size>
         <input_file_ref idref="fl-3"/>
      </object_component>
      <object_component id="oc-1b1">
         <name>.debug_info</name>
         <load_address>0x1470</load_address>
         <run_address>0x1470</run_address>
         <size>0x1b7</size>
         <input_file_ref idref="fl-4"/>
      </object_component>
      <object_component id="oc-1a8">
         <name>.debug_info</name>
         <load_address>0x1627</load_address>
         <run_address>0x1627</run_address>
         <size>0xc3</size>
         <input_file_ref idref="fl-4"/>
      </object_component>
      <object_component id="oc-1ae">
         <name>.debug_info</name>
         <load_address>0x16ea</load_address>
         <run_address>0x16ea</run_address>
         <size>0xd7</size>
         <input_file_ref idref="fl-4"/>
      </object_component>
      <object_component id="oc-1a5">
         <name>.debug_info</name>
         <load_address>0x17c1</load_address>
         <run_address>0x17c1</run_address>
         <size>0xc5</size>
         <input_file_ref idref="fl-4"/>
      </object_component>
      <object_component id="oc-1ab">
         <name>.debug_info</name>
         <load_address>0x1886</load_address>
         <run_address>0x1886</run_address>
         <size>0xc1</size>
         <input_file_ref idref="fl-4"/>
      </object_component>
      <object_component id="oc-1a2">
         <name>.debug_info</name>
         <load_address>0x1947</load_address>
         <run_address>0x1947</run_address>
         <size>0xdf</size>
         <input_file_ref idref="fl-4"/>
      </object_component>
      <object_component id="oc-f8">
         <name>.debug_info</name>
         <load_address>0x1a26</load_address>
         <run_address>0x1a26</run_address>
         <size>0x471</size>
         <input_file_ref idref="fl-4"/>
      </object_component>
      <object_component id="oc-1b2">
         <name>.debug_info</name>
         <load_address>0x1e97</load_address>
         <run_address>0x1e97</run_address>
         <size>0x110</size>
         <input_file_ref idref="fl-4"/>
      </object_component>
      <object_component id="oc-296">
         <name>.debug_info</name>
         <load_address>0x1fa7</load_address>
         <run_address>0x1fa7</run_address>
         <size>0x99</size>
         <input_file_ref idref="fl-4"/>
      </object_component>
      <object_component id="oc-218">
         <name>.debug_info</name>
         <load_address>0x2040</load_address>
         <run_address>0x2040</run_address>
         <size>0xff</size>
         <input_file_ref idref="fl-5"/>
      </object_component>
      <object_component id="oc-144">
         <name>.debug_info</name>
         <load_address>0x213f</load_address>
         <run_address>0x213f</run_address>
         <size>0x1e9</size>
         <input_file_ref idref="fl-5"/>
      </object_component>
      <object_component id="oc-208">
         <name>.debug_info</name>
         <load_address>0x2328</load_address>
         <run_address>0x2328</run_address>
         <size>0x3ac</size>
         <input_file_ref idref="fl-6"/>
      </object_component>
      <object_component id="oc-1d3">
         <name>.debug_info</name>
         <load_address>0x26d4</load_address>
         <run_address>0x26d4</run_address>
         <size>0xde</size>
         <input_file_ref idref="fl-6"/>
      </object_component>
      <object_component id="oc-1f2">
         <name>.debug_info</name>
         <load_address>0x27b2</load_address>
         <run_address>0x27b2</run_address>
         <size>0xdc</size>
         <input_file_ref idref="fl-6"/>
      </object_component>
      <object_component id="oc-1fe">
         <name>.debug_info</name>
         <load_address>0x288e</load_address>
         <run_address>0x288e</run_address>
         <size>0xfc</size>
         <input_file_ref idref="fl-6"/>
      </object_component>
      <object_component id="oc-1f7">
         <name>.debug_info</name>
         <load_address>0x298a</load_address>
         <run_address>0x298a</run_address>
         <size>0x100</size>
         <input_file_ref idref="fl-6"/>
      </object_component>
      <object_component id="oc-201">
         <name>.debug_info</name>
         <load_address>0x2a8a</load_address>
         <run_address>0x2a8a</run_address>
         <size>0xd8</size>
         <input_file_ref idref="fl-6"/>
      </object_component>
      <object_component id="oc-204">
         <name>.debug_info</name>
         <load_address>0x2b62</load_address>
         <run_address>0x2b62</run_address>
         <size>0xee</size>
         <input_file_ref idref="fl-6"/>
      </object_component>
      <object_component id="oc-136">
         <name>.debug_info</name>
         <load_address>0x2c50</load_address>
         <run_address>0x2c50</run_address>
         <size>0xcb0</size>
         <input_file_ref idref="fl-6"/>
      </object_component>
      <object_component id="oc-241">
         <name>.debug_info</name>
         <load_address>0x3900</load_address>
         <run_address>0x3900</run_address>
         <size>0x264</size>
         <input_file_ref idref="fl-7"/>
      </object_component>
      <object_component id="oc-233">
         <name>.debug_info</name>
         <load_address>0x3b64</load_address>
         <run_address>0x3b64</run_address>
         <size>0xd4</size>
         <input_file_ref idref="fl-7"/>
      </object_component>
      <object_component id="oc-23e">
         <name>.debug_info</name>
         <load_address>0x3c38</load_address>
         <run_address>0x3c38</run_address>
         <size>0xd2</size>
         <input_file_ref idref="fl-7"/>
      </object_component>
      <object_component id="oc-236">
         <name>.debug_info</name>
         <load_address>0x3d0a</load_address>
         <run_address>0x3d0a</run_address>
         <size>0xdc</size>
         <input_file_ref idref="fl-7"/>
      </object_component>
      <object_component id="oc-230">
         <name>.debug_info</name>
         <load_address>0x3de6</load_address>
         <run_address>0x3de6</run_address>
         <size>0xe0</size>
         <input_file_ref idref="fl-7"/>
      </object_component>
      <object_component id="oc-14a">
         <name>.debug_info</name>
         <load_address>0x3ec6</load_address>
         <run_address>0x3ec6</run_address>
         <size>0x765</size>
         <input_file_ref idref="fl-7"/>
      </object_component>
      <object_component id="oc-28f">
         <name>.debug_info</name>
         <load_address>0x462b</load_address>
         <run_address>0x462b</run_address>
         <size>0x46d</size>
         <input_file_ref idref="fl-9"/>
      </object_component>
      <object_component id="oc-319">
         <name>.debug_info</name>
         <load_address>0x4a98</load_address>
         <run_address>0x4a98</run_address>
         <size>0x39</size>
         <input_file_ref idref="fl-9"/>
      </object_component>
      <object_component id="oc-190">
         <name>.debug_info</name>
         <load_address>0x4ad1</load_address>
         <run_address>0x4ad1</run_address>
         <size>0x46</size>
         <input_file_ref idref="fl-9"/>
      </object_component>
      <object_component id="oc-31e">
         <name>.debug_info</name>
         <load_address>0x4b17</load_address>
         <run_address>0x4b17</run_address>
         <size>0x62</size>
         <input_file_ref idref="fl-9"/>
      </object_component>
      <object_component id="oc-17c">
         <name>.debug_info</name>
         <load_address>0x4b79</load_address>
         <run_address>0x4b79</run_address>
         <size>0x11b</size>
         <input_file_ref idref="fl-a"/>
      </object_component>
      <object_component id="oc-e3">
         <name>.debug_info</name>
         <load_address>0x4c94</load_address>
         <run_address>0x4c94</run_address>
         <size>0x48a</size>
         <input_file_ref idref="fl-a"/>
      </object_component>
      <object_component id="oc-27f">
         <name>.debug_info</name>
         <load_address>0x511e</load_address>
         <run_address>0x511e</run_address>
         <size>0x68f</size>
         <input_file_ref idref="fl-b"/>
      </object_component>
      <object_component id="oc-17e">
         <name>.debug_info</name>
         <load_address>0x57ad</load_address>
         <run_address>0x57ad</run_address>
         <size>0x2691</size>
         <input_file_ref idref="fl-b"/>
      </object_component>
      <object_component id="oc-312">
         <name>.debug_info</name>
         <load_address>0x7e3e</load_address>
         <run_address>0x7e3e</run_address>
         <size>0x1a5</size>
         <input_file_ref idref="fl-b"/>
      </object_component>
      <object_component id="oc-282">
         <name>.debug_info</name>
         <load_address>0x7fe3</load_address>
         <run_address>0x7fe3</run_address>
         <size>0x46</size>
         <input_file_ref idref="fl-b"/>
      </object_component>
      <object_component id="oc-104">
         <name>.debug_info</name>
         <load_address>0x8029</load_address>
         <run_address>0x8029</run_address>
         <size>0x55c</size>
         <input_file_ref idref="fl-c"/>
      </object_component>
      <object_component id="oc-93">
         <name>.debug_info</name>
         <load_address>0x8585</load_address>
         <run_address>0x8585</run_address>
         <size>0x2b9</size>
         <input_file_ref idref="fl-c"/>
      </object_component>
      <object_component id="oc-ef">
         <name>.debug_info</name>
         <load_address>0x883e</load_address>
         <run_address>0x883e</run_address>
         <size>0xe1</size>
         <input_file_ref idref="fl-c"/>
      </object_component>
      <object_component id="oc-fe">
         <name>.debug_info</name>
         <load_address>0x891f</load_address>
         <run_address>0x891f</run_address>
         <size>0xe1</size>
         <input_file_ref idref="fl-c"/>
      </object_component>
      <object_component id="oc-101">
         <name>.debug_info</name>
         <load_address>0x8a00</load_address>
         <run_address>0x8a00</run_address>
         <size>0xe1</size>
         <input_file_ref idref="fl-c"/>
      </object_component>
      <object_component id="oc-f5">
         <name>.debug_info</name>
         <load_address>0x8ae1</load_address>
         <run_address>0x8ae1</run_address>
         <size>0x123</size>
         <input_file_ref idref="fl-c"/>
      </object_component>
      <object_component id="oc-f2">
         <name>.debug_info</name>
         <load_address>0x8c04</load_address>
         <run_address>0x8c04</run_address>
         <size>0xe1</size>
         <input_file_ref idref="fl-c"/>
      </object_component>
      <object_component id="oc-8d">
         <name>.debug_info</name>
         <load_address>0x8ce5</load_address>
         <run_address>0x8ce5</run_address>
         <size>0x305c</size>
         <input_file_ref idref="fl-c"/>
      </object_component>
      <object_component id="oc-10f">
         <name>.debug_info</name>
         <load_address>0xbd41</load_address>
         <run_address>0xbd41</run_address>
         <size>0x141</size>
         <input_file_ref idref="fl-c"/>
      </object_component>
      <object_component id="oc-195">
         <name>.debug_info</name>
         <load_address>0xbe82</load_address>
         <run_address>0xbe82</run_address>
         <size>0x652</size>
         <input_file_ref idref="fl-d"/>
      </object_component>
      <object_component id="oc-18a">
         <name>.debug_info</name>
         <load_address>0xc4d4</load_address>
         <run_address>0xc4d4</run_address>
         <size>0xe2</size>
         <input_file_ref idref="fl-d"/>
      </object_component>
      <object_component id="oc-18d">
         <name>.debug_info</name>
         <load_address>0xc5b6</load_address>
         <run_address>0xc5b6</run_address>
         <size>0xe2</size>
         <input_file_ref idref="fl-d"/>
      </object_component>
      <object_component id="oc-187">
         <name>.debug_info</name>
         <load_address>0xc698</load_address>
         <run_address>0xc698</run_address>
         <size>0x11a</size>
         <input_file_ref idref="fl-d"/>
      </object_component>
      <object_component id="oc-184">
         <name>.debug_info</name>
         <load_address>0xc7b2</load_address>
         <run_address>0xc7b2</run_address>
         <size>0xd6</size>
         <input_file_ref idref="fl-d"/>
      </object_component>
      <object_component id="oc-e9">
         <name>.debug_info</name>
         <load_address>0xc888</load_address>
         <run_address>0xc888</run_address>
         <size>0x16c5</size>
         <input_file_ref idref="fl-d"/>
      </object_component>
      <object_component id="oc-196">
         <name>.debug_info</name>
         <load_address>0xdf4d</load_address>
         <run_address>0xdf4d</run_address>
         <size>0x1ba</size>
         <input_file_ref idref="fl-d"/>
      </object_component>
      <object_component id="oc-9a">
         <name>.debug_info</name>
         <load_address>0xe107</load_address>
         <run_address>0xe107</run_address>
         <size>0x204</size>
         <input_file_ref idref="fl-e"/>
      </object_component>
      <object_component id="oc-97">
         <name>.debug_info</name>
         <load_address>0xe30b</load_address>
         <run_address>0xe30b</run_address>
         <size>0x128</size>
         <input_file_ref idref="fl-e"/>
      </object_component>
      <object_component id="oc-3a">
         <name>.debug_info</name>
         <load_address>0xe433</load_address>
         <run_address>0xe433</run_address>
         <size>0x6d8</size>
         <input_file_ref idref="fl-e"/>
      </object_component>
      <object_component id="oc-35">
         <name>.debug_info</name>
         <load_address>0xeb0b</load_address>
         <run_address>0xeb0b</run_address>
         <size>0x147</size>
         <input_file_ref idref="fl-f"/>
      </object_component>
      <object_component id="oc-24e">
         <name>.debug_info</name>
         <load_address>0xec52</load_address>
         <run_address>0xec52</run_address>
         <size>0x26a</size>
         <input_file_ref idref="fl-10"/>
      </object_component>
      <object_component id="oc-154">
         <name>.debug_info</name>
         <load_address>0xeebc</load_address>
         <run_address>0xeebc</run_address>
         <size>0x1fc</size>
         <input_file_ref idref="fl-10"/>
      </object_component>
      <object_component id="oc-273">
         <name>.debug_info</name>
         <load_address>0xf0b8</load_address>
         <run_address>0xf0b8</run_address>
         <size>0x327</size>
         <input_file_ref idref="fl-11"/>
      </object_component>
      <object_component id="oc-270">
         <name>.debug_info</name>
         <load_address>0xf3df</load_address>
         <run_address>0xf3df</run_address>
         <size>0xcc</size>
         <input_file_ref idref="fl-11"/>
      </object_component>
      <object_component id="oc-160">
         <name>.debug_info</name>
         <load_address>0xf4ab</load_address>
         <run_address>0xf4ab</run_address>
         <size>0x2ddb</size>
         <input_file_ref idref="fl-11"/>
      </object_component>
      <object_component id="oc-309">
         <name>.debug_info</name>
         <load_address>0x12286</load_address>
         <run_address>0x12286</run_address>
         <size>0x3f</size>
         <input_file_ref idref="fl-11"/>
      </object_component>
      <object_component id="oc-256">
         <name>.debug_info</name>
         <load_address>0x122c5</load_address>
         <run_address>0x122c5</run_address>
         <size>0x22f</size>
         <input_file_ref idref="fl-12"/>
      </object_component>
      <object_component id="oc-15a">
         <name>.debug_info</name>
         <load_address>0x124f4</load_address>
         <run_address>0x124f4</run_address>
         <size>0x228</size>
         <input_file_ref idref="fl-12"/>
      </object_component>
      <object_component id="oc-2d5">
         <name>.debug_info</name>
         <load_address>0x1271c</load_address>
         <run_address>0x1271c</run_address>
         <size>0x47d</size>
         <input_file_ref idref="fl-18"/>
      </object_component>
      <object_component id="oc-225">
         <name>.debug_info</name>
         <load_address>0x12b99</load_address>
         <run_address>0x12b99</run_address>
         <size>0x1b4</size>
         <input_file_ref idref="fl-18"/>
      </object_component>
      <object_component id="oc-2d2">
         <name>.debug_info</name>
         <load_address>0x12d4d</load_address>
         <run_address>0x12d4d</run_address>
         <size>0x23d</size>
         <input_file_ref idref="fl-18"/>
      </object_component>
      <object_component id="oc-221">
         <name>.debug_info</name>
         <load_address>0x12f8a</load_address>
         <run_address>0x12f8a</run_address>
         <size>0x27b</size>
         <input_file_ref idref="fl-18"/>
      </object_component>
      <object_component id="oc-22a">
         <name>.debug_info</name>
         <load_address>0x13205</load_address>
         <run_address>0x13205</run_address>
         <size>0x268</size>
         <input_file_ref idref="fl-18"/>
      </object_component>
      <object_component id="oc-22e">
         <name>.debug_info</name>
         <load_address>0x1346d</load_address>
         <run_address>0x1346d</run_address>
         <size>0x242</size>
         <input_file_ref idref="fl-18"/>
      </object_component>
      <object_component id="oc-20b">
         <name>.debug_info</name>
         <load_address>0x136af</load_address>
         <run_address>0x136af</run_address>
         <size>0x84</size>
         <input_file_ref idref="fl-18"/>
      </object_component>
      <object_component id="oc-2a4">
         <name>.debug_info</name>
         <load_address>0x13733</load_address>
         <run_address>0x13733</run_address>
         <size>0x2c</size>
         <input_file_ref idref="fl-18"/>
      </object_component>
      <object_component id="oc-20f">
         <name>.debug_info</name>
         <load_address>0x1375f</load_address>
         <run_address>0x1375f</run_address>
         <size>0x4cc</size>
         <input_file_ref idref="fl-19"/>
      </object_component>
      <object_component id="oc-2be">
         <name>.debug_info</name>
         <load_address>0x13c2b</load_address>
         <run_address>0x13c2b</run_address>
         <size>0x1b8</size>
         <input_file_ref idref="fl-19"/>
      </object_component>
      <object_component id="oc-211">
         <name>.debug_info</name>
         <load_address>0x13de3</load_address>
         <run_address>0x13de3</run_address>
         <size>0x10e</size>
         <input_file_ref idref="fl-19"/>
      </object_component>
      <object_component id="oc-21d">
         <name>.debug_info</name>
         <load_address>0x13ef1</load_address>
         <run_address>0x13ef1</run_address>
         <size>0x1f0</size>
         <input_file_ref idref="fl-19"/>
      </object_component>
      <object_component id="oc-1fb">
         <name>.debug_info</name>
         <load_address>0x140e1</load_address>
         <run_address>0x140e1</run_address>
         <size>0x1ea</size>
         <input_file_ref idref="fl-19"/>
      </object_component>
      <object_component id="oc-26d">
         <name>.debug_info</name>
         <load_address>0x142cb</load_address>
         <run_address>0x142cb</run_address>
         <size>0x1d0</size>
         <input_file_ref idref="fl-19"/>
      </object_component>
      <object_component id="oc-13e">
         <name>.debug_info</name>
         <load_address>0x1449b</load_address>
         <run_address>0x1449b</run_address>
         <size>0x2e4</size>
         <input_file_ref idref="fl-19"/>
      </object_component>
      <object_component id="oc-142">
         <name>.debug_info</name>
         <load_address>0x1477f</load_address>
         <run_address>0x1477f</run_address>
         <size>0x1ea</size>
         <input_file_ref idref="fl-19"/>
      </object_component>
      <object_component id="oc-2a8">
         <name>.debug_info</name>
         <load_address>0x14969</load_address>
         <run_address>0x14969</run_address>
         <size>0x477</size>
         <input_file_ref idref="fl-1a"/>
      </object_component>
      <object_component id="oc-1e8">
         <name>.debug_info</name>
         <load_address>0x14de0</load_address>
         <run_address>0x14de0</run_address>
         <size>0x1af</size>
         <input_file_ref idref="fl-1a"/>
      </object_component>
      <object_component id="oc-1d8">
         <name>.debug_info</name>
         <load_address>0x14f8f</load_address>
         <run_address>0x14f8f</run_address>
         <size>0x1b1</size>
         <input_file_ref idref="fl-1a"/>
      </object_component>
      <object_component id="oc-1d1">
         <name>.debug_info</name>
         <load_address>0x15140</load_address>
         <run_address>0x15140</run_address>
         <size>0x261</size>
         <input_file_ref idref="fl-1a"/>
      </object_component>
      <object_component id="oc-1ec">
         <name>.debug_info</name>
         <load_address>0x153a1</load_address>
         <run_address>0x153a1</run_address>
         <size>0x1f9</size>
         <input_file_ref idref="fl-1a"/>
      </object_component>
      <object_component id="oc-1db">
         <name>.debug_info</name>
         <load_address>0x1559a</load_address>
         <run_address>0x1559a</run_address>
         <size>0x396</size>
         <input_file_ref idref="fl-1a"/>
      </object_component>
      <object_component id="oc-1c8">
         <name>.debug_info</name>
         <load_address>0x15930</load_address>
         <run_address>0x15930</run_address>
         <size>0x1af</size>
         <input_file_ref idref="fl-1a"/>
      </object_component>
      <object_component id="oc-2fb">
         <name>.debug_info</name>
         <load_address>0x15adf</load_address>
         <run_address>0x15adf</run_address>
         <size>0x478</size>
         <input_file_ref idref="fl-1b"/>
      </object_component>
      <object_component id="oc-2fd">
         <name>.debug_info</name>
         <load_address>0x15f57</load_address>
         <run_address>0x15f57</run_address>
         <size>0x1bd</size>
         <input_file_ref idref="fl-1b"/>
      </object_component>
      <object_component id="oc-2f9">
         <name>.debug_info</name>
         <load_address>0x16114</load_address>
         <run_address>0x16114</run_address>
         <size>0x11c</size>
         <input_file_ref idref="fl-1b"/>
      </object_component>
      <object_component id="oc-264">
         <name>.debug_info</name>
         <load_address>0x16230</load_address>
         <run_address>0x16230</run_address>
         <size>0x1dd</size>
         <input_file_ref idref="fl-1b"/>
      </object_component>
      <object_component id="oc-258">
         <name>.debug_info</name>
         <load_address>0x1640d</load_address>
         <run_address>0x1640d</run_address>
         <size>0x2b6</size>
         <input_file_ref idref="fl-1b"/>
      </object_component>
      <object_component id="oc-25c">
         <name>.debug_info</name>
         <load_address>0x166c3</load_address>
         <run_address>0x166c3</run_address>
         <size>0x1d5</size>
         <input_file_ref idref="fl-1b"/>
      </object_component>
      <object_component id="oc-260">
         <name>.debug_info</name>
         <load_address>0x16898</load_address>
         <run_address>0x16898</run_address>
         <size>0x1d7</size>
         <input_file_ref idref="fl-1b"/>
      </object_component>
      <object_component id="oc-301">
         <name>.debug_info</name>
         <load_address>0x16a6f</load_address>
         <run_address>0x16a6f</run_address>
         <size>0x228</size>
         <input_file_ref idref="fl-1b"/>
      </object_component>
      <object_component id="oc-2aa">
         <name>.debug_info</name>
         <load_address>0x16c97</load_address>
         <run_address>0x16c97</run_address>
         <size>0x471</size>
         <input_file_ref idref="fl-1c"/>
      </object_component>
      <object_component id="oc-1cb">
         <name>.debug_info</name>
         <load_address>0x17108</load_address>
         <run_address>0x17108</run_address>
         <size>0x208</size>
         <input_file_ref idref="fl-1c"/>
      </object_component>
      <object_component id="oc-2b1">
         <name>.debug_info</name>
         <load_address>0x17310</load_address>
         <run_address>0x17310</run_address>
         <size>0x214</size>
         <input_file_ref idref="fl-1c"/>
      </object_component>
      <object_component id="oc-1e2">
         <name>.debug_info</name>
         <load_address>0x17524</load_address>
         <run_address>0x17524</run_address>
         <size>0x25a</size>
         <input_file_ref idref="fl-1c"/>
      </object_component>
      <object_component id="oc-214">
         <name>.debug_info</name>
         <load_address>0x1777e</load_address>
         <run_address>0x1777e</run_address>
         <size>0x1ea</size>
         <input_file_ref idref="fl-1c"/>
      </object_component>
      <object_component id="oc-1de">
         <name>.debug_info</name>
         <load_address>0x17968</load_address>
         <run_address>0x17968</run_address>
         <size>0x1e8</size>
         <input_file_ref idref="fl-1c"/>
      </object_component>
      <object_component id="oc-268">
         <name>.debug_info</name>
         <load_address>0x17b50</load_address>
         <run_address>0x17b50</run_address>
         <size>0x1e8</size>
         <input_file_ref idref="fl-1c"/>
      </object_component>
      <object_component id="oc-1ee">
         <name>.debug_info</name>
         <load_address>0x17d38</load_address>
         <run_address>0x17d38</run_address>
         <size>0x1f6</size>
         <input_file_ref idref="fl-1c"/>
      </object_component>
      <object_component id="oc-24a">
         <name>.debug_info</name>
         <load_address>0x17f2e</load_address>
         <run_address>0x17f2e</run_address>
         <size>0x1e4</size>
         <input_file_ref idref="fl-1c"/>
      </object_component>
      <object_component id="oc-27">
         <name>.debug_info</name>
         <load_address>0x18112</load_address>
         <run_address>0x18112</run_address>
         <size>0x17c</size>
         <input_file_ref idref="fl-d3"/>
      </object_component>
      <object_component id="oc-4d">
         <name>.debug_info</name>
         <load_address>0x1828e</load_address>
         <run_address>0x1828e</run_address>
         <size>0x15c</size>
         <input_file_ref idref="fl-d4"/>
      </object_component>
      <object_component id="oc-16">
         <name>.debug_info</name>
         <load_address>0x183ea</load_address>
         <run_address>0x183ea</run_address>
         <size>0x1fb</size>
         <input_file_ref idref="fl-d4"/>
      </object_component>
      <object_component id="oc-48">
         <name>.debug_info</name>
         <load_address>0x185e5</load_address>
         <run_address>0x185e5</run_address>
         <size>0x46</size>
         <input_file_ref idref="fl-d4"/>
      </object_component>
      <object_component id="oc-ad">
         <name>.debug_info</name>
         <load_address>0x1862b</load_address>
         <run_address>0x1862b</run_address>
         <size>0x2c</size>
         <input_file_ref idref="fl-d4"/>
      </object_component>
      <object_component id="oc-55">
         <name>.debug_info</name>
         <load_address>0x18657</load_address>
         <run_address>0x18657</run_address>
         <size>0x150</size>
         <input_file_ref idref="fl-d5"/>
      </object_component>
      <object_component id="oc-4f">
         <name>.debug_info</name>
         <load_address>0x187a7</load_address>
         <run_address>0x187a7</run_address>
         <size>0x263</size>
         <input_file_ref idref="fl-d5"/>
      </object_component>
      <object_component id="oc-19">
         <name>.debug_info</name>
         <load_address>0x18a0a</load_address>
         <run_address>0x18a0a</run_address>
         <size>0x1cd</size>
         <input_file_ref idref="fl-d5"/>
      </object_component>
      <object_component id="oc-56">
         <name>.debug_info</name>
         <load_address>0x18bd7</load_address>
         <run_address>0x18bd7</run_address>
         <size>0x39</size>
         <input_file_ref idref="fl-d5"/>
      </object_component>
      <object_component id="oc-b7">
         <name>.debug_info</name>
         <load_address>0x18c10</load_address>
         <run_address>0x18c10</run_address>
[...]
      <symbol id="sm-591">
         <name>state</name>
         <value>0x2000d056</value>
         <object_component_ref idref="oc-26f"/>
      </symbol>
      <symbol id="sm-592">
         <name>PWMGenIntTrigEnable</name>
         <value>0x2e45</value>
         <object_component_ref idref="oc-15f"/>
      </symbol>
      <symbol id="sm-593">
         <name>PWMGenFaultStatus</name>
         <value>0x2faf</value>
         <object_component_ref idref="oc-15f"/>
      </symbol>
      <symbol id="sm-594">
         <name>PWMGenDisable</name>
         <value>0x2b63</value>
         <object_component_ref idref="oc-15f"/>
      </symbol>
      <symbol id="sm-595">
         <name>PWMDeadBandEnable</name>
         <value>0x2c11</value>
         <object_component_ref idref="oc-15f"/>
      </symbol>
      <symbol id="sm-596">
         <name>PWMPulseWidthSet</name>
         <value>0x2b7d</value>
         <object_component_ref idref="oc-15f"/>
      </symbol>
      <symbol id="sm-597">
         <name>PWMFaultIntClearExt</name>
         <value>0x2f25</value>
         <object_component_ref idref="oc-15f"/>
      </symbol>
      <symbol id="sm-598">
         <name>PWMIntDisable</name>
         <value>0x2edb</value>
         <object_component_ref idref="oc-15f"/>
      </symbol>
      <symbol id="sm-599">
         <name>PWMGenFaultConfigure</name>
         <value>0x2f37</value>
         <object_component_ref idref="oc-15f"/>
      </symbol>
      <symbol id="sm-59a">
         <name>PWMOutputFaultLevel</name>
         <value>0x2ced</value>
         <object_component_ref idref="oc-15f"/>
      </symbol>
      <symbol id="sm-59b">
         <name>PWMGenFaultTriggerGet</name>
         <value>0x2f8b</value>
         <object_component_ref idref="oc-15f"/>
      </symbol>
      <symbol id="sm-59c">
         <name>PWMOutputFault</name>
         <value>0x2d1f</value>
         <object_component_ref idref="oc-15f"/>
      </symbol>
      <symbol id="sm-59d">
         <name>PWMDeadBandDisable</name>
         <value>0x2c49</value>
         <object_component_ref idref="oc-15f"/>
      </symbol>
      <symbol id="sm-59e">
         <name>PWMGenIntUnregister</name>
         <value>0x2dd7</value>
         <object_component_ref idref="oc-15f"/>
      </symbol>
      <symbol id="sm-59f">
         <name>PWMGenIntClear</name>
         <value>0x2eab</value>
         <object_component_ref idref="oc-15f"/>
      </symbol>
      <symbol id="sm-5a0">
         <name>PWMSyncTimeBase</name>
         <value>0x2c77</value>
         <object_component_ref idref="oc-15f"/>
      </symbol>
      <symbol id="sm-5a1">
         <name>PWMGenPeriodGet</name>
         <value>0x2b1f</value>
         <object_component_ref idref="oc-15f"/>
      </symbol>
      <symbol id="sm-5a2">
         <name>PWMSyncUpdate</name>
         <value>0x2c65</value>
         <object_component_ref idref="oc-15f"/>
      </symbol>
      <symbol id="sm-5a3">
         <name>Task_PWM</name>
         <value>0x3019</value>
         <object_component_ref idref="oc-15f"/>
      </symbol>
      <symbol id="sm-5a4">
         <name>PWMGenIntRegister</name>
         <value>0x2daf</value>
         <object_component_ref idref="oc-15f"/>
      </symbol>
      <symbol id="sm-5a5">
         <name>PWMOutputState</name>
         <value>0x2c89</value>
         <object_component_ref idref="oc-15f"/>
      </symbol>
      <symbol id="sm-5a6">
         <name>PWMGenEnable</name>
         <value>0x2b49</value>
         <object_component_ref idref="oc-15f"/>
      </symbol>
      <symbol id="sm-5a7">
         <name>PWMFaultIntClear</name>
         <value>0x2ef3</value>
         <object_component_ref idref="oc-15f"/>
      </symbol>
      <symbol id="sm-5a8">
         <name>PWMIntStatus</name>
         <value>0x2f05</value>
         <object_component_ref idref="oc-15f"/>
      </symbol>
      <symbol id="sm-5a9">
         <name>PWMIntEnable</name>
         <value>0x2ec3</value>
         <object_component_ref idref="oc-15f"/>
      </symbol>
      <symbol id="sm-5aa">
         <name>PWMGenConfigure</name>
         <value>0x2aa5</value>
         <object_component_ref idref="oc-15f"/>
      </symbol>
      <symbol id="sm-5ab">
         <name>PWMGenIntTrigDisable</name>
         <value>0x2e63</value>
         <object_component_ref idref="oc-15f"/>
      </symbol>
      <symbol id="sm-5ac">
         <name>PWMPulseWidthGet</name>
         <value>0x2bc7</value>
         <object_component_ref idref="oc-15f"/>
      </symbol>
      <symbol id="sm-5ad">
         <name>PWMOutputInvert</name>
         <value>0x2cbb</value>
         <object_component_ref idref="oc-15f"/>
      </symbol>
      <symbol id="sm-5ae">
         <name>PWMFaultIntUnregister</name>
         <value>0x2e2b</value>
         <object_component_ref idref="oc-15f"/>
      </symbol>
      <symbol id="sm-5be">
         <name>Task_ReportSysTick</name>
         <value>0x56bd</value>
         <object_component_ref idref="oc-159"/>
      </symbol>
      <symbol id="sm-5f6">
         <name>UARTConfigSetExpClk</name>
         <value>0x56ff</value>
         <object_component_ref idref="oc-21f"/>
      </symbol>
      <symbol id="sm-5f7">
         <name>UARTDisable</name>
         <value>0x588d</value>
         <object_component_ref idref="oc-2d0"/>
      </symbol>
      <symbol id="sm-5f8">
         <name>UARTCharPut</name>
         <value>0x59f5</value>
         <object_component_ref idref="oc-227"/>
      </symbol>
      <symbol id="sm-5f9">
         <name>UARTEnable</name>
         <value>0x591d</value>
         <object_component_ref idref="oc-223"/>
      </symbol>
      <symbol id="sm-5fa">
         <name>UARTCharGet</name>
         <value>0x59eb</value>
         <object_component_ref idref="oc-22b"/>
      </symbol>
      <symbol id="sm-683">
         <name>SysCtlPeripheralPresent</name>
         <value>0x5169</value>
         <object_component_ref idref="oc-21b"/>
      </symbol>
      <symbol id="sm-684">
         <name>SysCtlClockSet</name>
         <value>0x46a9</value>
         <object_component_ref idref="oc-13b"/>
      </symbol>
      <symbol id="sm-685">
         <name>SysCtlDelay</name>
         <value>0x5a1b</value>
         <object_component_ref idref="oc-209"/>
      </symbol>
      <symbol id="sm-686">
         <name>SysCtlPeripheralEnable</name>
         <value>0x5441</value>
         <object_component_ref idref="oc-1f9"/>
      </symbol>
      <symbol id="sm-687">
         <name>SysCtlClockGet</name>
         <value>0x4511</value>
         <object_component_ref idref="oc-13f"/>
      </symbol>
      <symbol id="sm-688">
         <name>SysCtlPWMClockSet</name>
         <value>0x5909</value>
         <object_component_ref idref="oc-26b"/>
      </symbol>
      <symbol id="sm-6bc">
         <name>SSIDataPut</name>
         <value>0x59cd</value>
         <object_component_ref idref="oc-1ce"/>
      </symbol>
      <symbol id="sm-6bd">
         <name>SSIDataGetNonBlocking</name>
         <value>0x59a1</value>
         <object_component_ref idref="oc-1e9"/>
      </symbol>
      <symbol id="sm-6be">
         <name>SSIConfigSetExpClk</name>
         <value>0x5679</value>
         <object_component_ref idref="oc-1d9"/>
      </symbol>
      <symbol id="sm-6bf">
         <name>SSIEnable</name>
         <value>0x59e1</value>
         <object_component_ref idref="oc-1e5"/>
      </symbol>
      <symbol id="sm-6c0">
         <name>SSIBusy</name>
         <value>0x59ff</value>
         <object_component_ref idref="oc-1c6"/>
      </symbol>
      <symbol id="sm-6c1">
         <name>SSIDisable</name>
         <value>0x59d7</value>
         <object_component_ref idref="oc-1d5"/>
      </symbol>
      <symbol id="sm-716">
         <name>IntEnable</name>
         <value>0x5321</value>
         <object_component_ref idref="oc-25b"/>
      </symbol>
      <symbol id="sm-717">
         <name>IntDisable</name>
         <value>0x52bd</value>
         <object_component_ref idref="oc-25f"/>
      </symbol>
      <symbol id="sm-718">
         <name>IntRegister</name>
         <value>0x57fd</value>
         <object_component_ref idref="oc-257"/>
      </symbol>
      <symbol id="sm-719">
         <name>IntUnregister</name>
         <value>0x58f5</value>
         <object_component_ref idref="oc-263"/>
      </symbol>
      <symbol id="sm-71a">
         <name>g_pfnRAMVectors</name>
         <value>0x20000000</value>
         <object_component_ref idref="oc-2f8"/>
      </symbol>
      <symbol id="sm-765">
         <name>GPIOPinTypePWM</name>
         <value>0x596b</value>
         <object_component_ref idref="oc-267"/>
      </symbol>
      <symbol id="sm-766">
         <name>GPIOPinTypeUART</name>
         <value>0x598f</value>
         <object_component_ref idref="oc-213"/>
      </symbol>
      <symbol id="sm-767">
         <name>GPIOPinTypeGPIOOutput</name>
         <value>0x5959</value>
         <object_component_ref idref="oc-1ed"/>
      </symbol>
      <symbol id="sm-768">
         <name>GPIOPinRead</name>
         <value>0x5a0f</value>
         <object_component_ref idref="oc-249"/>
      </symbol>
      <symbol id="sm-769">
         <name>GPIODirModeSet</name>
         <value>0x5831</value>
         <object_component_ref idref="oc-2b0"/>
      </symbol>
      <symbol id="sm-76a">
         <name>GPIOPinWrite</name>
         <value>0x5a15</value>
         <object_component_ref idref="oc-1ca"/>
      </symbol>
      <symbol id="sm-76b">
         <name>GPIOPadConfigSet</name>
         <value>0x4dfd</value>
         <object_component_ref idref="oc-1e1"/>
      </symbol>
      <symbol id="sm-76c">
         <name>GPIOPinTypeSSI</name>
         <value>0x597d</value>
         <object_component_ref idref="oc-1dd"/>
      </symbol>
      <symbol id="sm-77d">
         <name>_c_int00</name>
         <value>0x5741</value>
         <object_component_ref idref="oc-24"/>
      </symbol>
      <symbol id="sm-77e">
         <name>__stack</name>
         <value>0x2000c7f8</value>
         <object_component_ref idref="oc-2a"/>
      </symbol>
      <symbol id="sm-795">
         <name>__TI_decompress_none</name>
         <value>0x59b3</value>
         <object_component_ref idref="oc-12"/>
      </symbol>
      <symbol id="sm-7bd">
         <name>__TI_decompress_rle24</name>
         <value>0x5a21</value>
         <object_component_ref idref="oc-18"/>
      </symbol>
      <symbol id="sm-7df">
         <name>C$$EXIT</name>
         <value>0x5545</value>
         <object_component_ref idref="oc-7f"/>
      </symbol>
      <symbol id="sm-7e0">
         <name>abort</name>
         <value>0x5549</value>
         <object_component_ref idref="oc-7f"/>
      </symbol>
      <symbol id="sm-7e1">
         <name>exit</name>
         <value>0x5551</value>
         <object_component_ref idref="oc-7f"/>
      </symbol>
      <symbol id="sm-7e2">
         <name>__TI_dtors_ptr</name>
         <value>0x2000d028</value>
         <object_component_ref idref="oc-d7"/>
      </symbol>
      <symbol id="sm-7e3">
         <name>__TI_cleanup_ptr</name>
         <value>0x2000d024</value>
         <object_component_ref idref="oc-d7"/>
      </symbol>
      <symbol id="sm-7e4">
         <name>__TI_enable_exit_profile_output</name>
         <value>0x2000d02c</value>
         <object_component_ref idref="oc-d7"/>
      </symbol>
      <symbol id="sm-7ff">
         <name>memcpy</name>
         <value>0x4ec5</value>
         <object_component_ref idref="oc-42"/>
      </symbol>
      <symbol id="sm-800">
         <name>__aeabi_memcpy</name>
         <value>0x4ec5</value>
         <object_component_ref idref="oc-42"/>
      </symbol>
      <symbol id="sm-801">
         <name>__aeabi_memcpy8</name>
         <value>0x4ec5</value>
         <object_component_ref idref="oc-42"/>
      </symbol>
      <symbol id="sm-802">
         <name>__aeabi_memcpy4</name>
         <value>0x4ec5</value>
         <object_component_ref idref="oc-42"/>
      </symbol>
      <symbol id="sm-811">
         <name>__aeabi_memset</name>
         <value>0x50ef</value>
         <object_component_ref idref="oc-5b"/>
      </symbol>
      <symbol id="sm-812">
         <name>memset</name>
         <value>0x50f5</value>
         <object_component_ref idref="oc-5b"/>
      </symbol>
      <symbol id="sm-813">
         <name>__aeabi_memset8</name>
         <value>0x50ef</value>
         <object_component_ref idref="oc-5b"/>
      </symbol>
      <symbol id="sm-814">
         <name>__aeabi_memset4</name>
         <value>0x50ef</value>
         <object_component_ref idref="oc-5b"/>
      </symbol>
      <symbol id="sm-815">
         <name>__aeabi_memclr8</name>
         <value>0x50ed</value>
         <object_component_ref idref="oc-5b"/>
      </symbol>
      <symbol id="sm-816">
         <name>__aeabi_memclr4</name>
         <value>0x50ed</value>
         <object_component_ref idref="oc-5b"/>
      </symbol>
      <symbol id="sm-817">
         <name>__aeabi_memclr</name>
         <value>0x50ed</value>
         <object_component_ref idref="oc-5b"/>
      </symbol>
      <symbol id="sm-821">
         <name>__mpu_init</name>
         <value>0x52bb</value>
         <object_component_ref idref="oc-67"/>
      </symbol>
      <symbol id="sm-82b">
         <name>_system_pre_init</name>
         <value>0x5a27</value>
         <object_component_ref idref="oc-6d"/>
      </symbol>
      <symbol id="sm-844">
         <name>sprintf</name>
         <value>0x5385</value>
         <object_component_ref idref="oc-24f"/>
      </symbol>
      <symbol id="sm-84c">
         <name>main_func_sp</name>
         <value>0x2000d060</value>
         <object_component_ref idref="oc-85"/>
      </symbol>
      <symbol id="sm-85b">
         <name>__aeabi_uidivmod</name>
         <value>0x5781</value>
         <object_component_ref idref="oc-238"/>
      </symbol>
      <symbol id="sm-85c">
         <name>__aeabi_uidiv</name>
         <value>0x5781</value>
         <object_component_ref idref="oc-238"/>
      </symbol>
      <symbol id="sm-875">
         <name>_nop</name>
         <value>0x593f</value>
         <object_component_ref idref="oc-16f"/>
      </symbol>
      <symbol id="sm-876">
         <name>_lock</name>
         <value>0x2000d030</value>
         <object_component_ref idref="oc-da"/>
      </symbol>
      <symbol id="sm-877">
         <name>_unlock</name>
         <value>0x2000d034</value>
         <object_component_ref idref="oc-da"/>
      </symbol>
      <symbol id="sm-878">
         <name>_register_lock</name>
         <value>0x5937</value>
         <object_component_ref idref="oc-16f"/>
      </symbol>
      <symbol id="sm-879">
         <name>_register_unlock</name>
         <value>0x5931</value>
         <object_component_ref idref="oc-16f"/>
      </symbol>
      <symbol id="sm-980">
         <name>__TI_printfi</name>
         <value>0xfeb</value>
         <object_component_ref idref="oc-2ee"/>
      </symbol>
      <symbol id="sm-994">
         <name>_args_main</name>
         <value>0x58c5</value>
         <object_component_ref idref="oc-79"/>
      </symbol>
      <symbol id="sm-9aa">
         <name>atoi</name>
         <value>0x5599</value>
         <object_component_ref idref="oc-37a"/>
      </symbol>
      <symbol id="sm-9cf">
         <name>__TI_auto_init</name>
         <value>0x51e1</value>
         <object_component_ref idref="oc-73"/>
      </symbol>
      <symbol id="sm-9e9">
         <name>copy_in</name>
         <value>0x55e5</value>
         <object_component_ref idref="oc-c1"/>
      </symbol>
      <symbol id="sm-9f4">
         <name>_ctypes_</name>
         <value>0x5c0c</value>
         <object_component_ref idref="oc-3bc"/>
      </symbol>
      <symbol id="sm-a0b">
         <name>__aeabi_dsub</name>
         <value>0x4359</value>
         <object_component_ref idref="oc-35d"/>
      </symbol>
      <symbol id="sm-a0c">
         <name>__aeabi_dadd</name>
         <value>0x4363</value>
         <object_component_ref idref="oc-35d"/>
      </symbol>
      <symbol id="sm-a2e">
         <name>__aeabi_cdcmpeq</name>
         <value>0x4f61</value>
         <object_component_ref idref="oc-339"/>
      </symbol>
      <symbol id="sm-a2f">
         <name>__aeabi_cdcmple</name>
         <value>0x4f61</value>
         <object_component_ref idref="oc-339"/>
      </symbol>
      <symbol id="sm-a30">
         <name>__aeabi_cdrcmple</name>
         <value>0x4fe7</value>
         <object_component_ref idref="oc-348"/>
      </symbol>
      <symbol id="sm-a44">
         <name>__aeabi_ddiv</name>
         <value>0x47ed</value>
         <object_component_ref idref="oc-343"/>
      </symbol>
      <symbol id="sm-a4f">
         <name>__aeabi_dmul</name>
         <value>0x4a4d</value>
         <object_component_ref idref="oc-33e"/>
      </symbol>
      <symbol id="sm-a59">
         <name>__aeabi_d2iz</name>
         <value>0x5631</value>
         <object_component_ref idref="oc-34d"/>
      </symbol>
      <symbol id="sm-a63">
         <name>__aeabi_idiv0</name>
         <value>0x5167</value>
         <object_component_ref idref="oc-2df"/>
      </symbol>
      <symbol id="sm-a6d">
         <name>__aeabi_i2d</name>
         <value>0x585f</value>
         <object_component_ref idref="oc-358"/>
      </symbol>
      <symbol id="sm-a7c">
         <name>ltoa</name>
         <value>0x5499</value>
         <object_component_ref idref="oc-352"/>
      </symbol>
      <symbol id="sm-a8c">
         <name>memccpy</name>
         <value>0x58a9</value>
         <object_component_ref idref="oc-374"/>
      </symbol>
      <symbol id="sm-aa5">
         <name>frexpl</name>
         <value>0x53e5</value>
         <object_component_ref idref="oc-362"/>
      </symbol>
      <symbol id="sm-aa6">
         <name>frexp</name>
         <value>0x53e5</value>
         <object_component_ref idref="oc-362"/>
      </symbol>
      <symbol id="sm-ac4">
         <name>scalbn</name>
         <value>0x4d2d</value>
         <object_component_ref idref="oc-368"/>
      </symbol>
      <symbol id="sm-ac5">
         <name>scalbnl</name>
         <value>0x4d2d</value>
         <object_component_ref idref="oc-368"/>
      </symbol>
      <symbol id="sm-ac6">
         <name>ldexpl</name>
         <value>0x4d2d</value>
         <object_component_ref idref="oc-368"/>
      </symbol>
      <symbol id="sm-ac7">
         <name>ldexp</name>
         <value>0x4d2d</value>
         <object_component_ref idref="oc-368"/>
      </symbol>
      <symbol id="sm-ad1">
         <name>_system_post_cinit</name>
         <value>0x54ef</value>
         <object_component_ref idref="oc-c7"/>
      </symbol>
      <symbol id="sm-ae1">
         <name>strchr</name>
         <value>0x58dd</value>
         <object_component_ref idref="oc-36e"/>
      </symbol>
      <symbol id="sm-aef">
         <name>strlen</name>
         <value>0x5945</value>
         <object_component_ref idref="oc-333"/>
      </symbol>
      <symbol id="sm-b0b">
         <name>__aeabi_uldivmod</name>
         <value>0x3fad</value>
         <object_component_ref idref="oc-32e"/>
      </symbol>
      <symbol id="sm-b13">
         <name>errno</name>
         <value>0x2000d05c</value>
         <object_component_ref idref="oc-3b3"/>
      </symbol>
      <symbol id="sm-b1d">
         <name>copysign</name>
         <value>0x5a07</value>
         <object_component_ref idref="oc-3ad"/>
      </symbol>
      <symbol id="sm-b1e">
         <name>copysignl</name>
         <value>0x5a07</value>
         <object_component_ref idref="oc-3ad"/>
      </symbol>
      <symbol id="sm-b1f">
         <name>__TI_static_base__</name>
         <value>0x0</value>
      </symbol>
      <symbol id="sm-b22">
         <name>SHT$$INIT_ARRAY$$Limit</name>
         <value>0x0</value>
      </symbol>
      <symbol id="sm-b23">
         <name>SHT$$INIT_ARRAY$$Base</name>
         <value>0x0</value>
      </symbol>
   </symbol_table>
   <title>Link successful</title>
</link_info>
