******************************************************************************
                  TI ARM Linker PC v15.12.1                    
******************************************************************************
>> Linked Wed Apr 19 15:29:27 2017

OUTPUT FILE NAME:   <Project 8.out>
ENTRY POINT SYMBOL: "_c_int00"  address: 000057f9


MEMORY CONFIGURATION

         name            origin    length      used     unused   attr    fill
----------------------  --------  ---------  --------  --------  ----  --------
  FLASH                 00000000   00040000  00006018  00039fe8  R  X
  SRAM                  20000000   00010000  0000d090  00002f70  RW X


SEGMENT ALLOCATION MAP

run origin  load origin   length   init length attrs members
----------  ----------- ---------- ----------- ----- -------
00000000    00000000    0000601c   0000601c    r-x
  00000000    00000000    00000200   00000200    r-- .intvecs
  00000200    00000200    000058d2   000058d2    r-x .text
  00005ad4    00005ad4    000004ea   000004ea    r-- .const
  00005fc0    00005fc0    0000005c   0000005c    r-- .cinit
20000000    20000000    0000d094   00000000    rw-
  20000000    20000000    0000026c   00000000    rw- .vtable
  20000270    20000270    0000c5a4   00000000    rw- .bss
  2000c814    2000c814    00000800   00000000    rw- .stack
  2000d014    2000d014    00000080   00000000    rw- .data


SECTION ALLOCATION MAP

 output                                  attributes/
section   page    origin      length       input sections
--------  ----  ----------  ----------   ----------------
.intvecs   0    00000000    00000200     
                  00000000    00000200     FreeRTOS_LM3S_Startup.obj (.intvecs)

.text      0    00000200    000058d2     
                  00000200    000010f0     rtsv7M3_T_le_eabi.lib : _printfi.obj (.text)
                  000012f0    00000ea0     tasks.obj (.text)
                  00002190    00000914     queue.obj (.text)
                  00002aa4    00000700     Task_TimeOfDay.obj (.text)
                  000031a4    00000528     timers.obj (.text)
                  000036cc    00000510     rit128x96x4.obj (.text)
                  00003bdc    00000488     uartstdio.obj (.text)
                  00004064    000001f4     rtsv7M3_T_le_eabi.lib : ull_div_t2.obj (.text)
                  00004258    000001b8     heap_2.obj (.text)
                  00004410    000001b6     rtsv7M3_T_le_eabi.lib : fd_add_t2.obj (.text)
                  000045c6    00000002     driverlib-cm3.lib : interrupt.obj (.text:IntDefaultHandler)
                  000045c8    00000198                       : sysctl.obj (.text:SysCtlClockGet)
                  00004760    00000144                       : sysctl.obj (.text:SysCtlClockSet)
                  000048a4    00000136     rtsv7M3_T_le_eabi.lib : fd_div_t2.obj (.text)
                  000049da    0000012a     list.obj (.text)
                  00004b04    000000fc     rtsv7M3_T_le_eabi.lib : fd_mul_t2.obj (.text)
                  00004c00    000000f4     Main_Blinky.obj (.text)
                  00004cf4    000000f0     port.obj (.text)
                  00004de4    000000d0     rtsv7M3_T_le_eabi.lib : s_scalbn.obj (.text)
                  00004eb4    000000c8     driverlib-cm3.lib : gpio.obj (.text:GPIOPadConfigSet)
                  00004f7c    0000009c     rtsv7M3_T_le_eabi.lib : memcpy_t2.obj (.text)
                  00005018    00000086                           : fd_cmp_t2.obj (.text:__aeabi_cdcmple)
                  0000509e    00000086                           : fd_cmp_t2.obj (.text:__aeabi_cdrcmple)
                  00005124    00000080     portasm.obj (.text)
                  000051a4    0000007a     rtsv7M3_T_le_eabi.lib : memset_t2.obj (.text)
                  0000521e    00000002                           : i_div0.obj (.text)
                  00005220    00000078     driverlib-cm3.lib : sysctl.obj (.text:SysCtlPeripheralPresent)
                  00005298    00000070     rtsv7M3_T_le_eabi.lib : autoinit.obj (.text)
                  00005308    0000006a                           : copy_decompress_rle.obj (.text)
                  00005372    00000002                           : mpu_init.obj (.text)
                  00005374    00000064     driverlib-cm3.lib : interrupt.obj (.text:IntDisable)
                  000053d8    00000064                       : interrupt.obj (.text:IntEnable)
                  0000543c    00000060     rtsv7M3_T_le_eabi.lib : sprintf.obj (.text)
                  0000549c    0000005c                           : s_frexp.obj (.text)
                  000054f8    00000058     driverlib-cm3.lib : sysctl.obj (.text:SysCtlPeripheralEnable)
                  00005550    00000056     rtsv7M3_T_le_eabi.lib : ltoa.obj (.text)
                  000055a6    00000002                           : startup.obj (.text)
                  000055a8    00000054     Task_Blinky.obj (.text)
                  000055fc    00000054     rtsv7M3_T_le_eabi.lib : exit.obj (.text)
                  00005650    0000004c                           : atoi.obj (.text)
                  0000569c    0000004c                           : cpy_tbl.obj (.text)
                  000056e8    00000048                           : fd_toi_t2.obj (.text)
                  00005730    00000044     driverlib-cm3.lib : ssi.obj (.text:SSIConfigSetExpClk)
                  00005774    00000042     Task_ReportSysTick.obj (.text)
                  000057b6    00000042     driverlib-cm3.lib : uart.obj (.text:UARTConfigSetExpClk)
                  000057f8    00000040     rtsv7M3_T_le_eabi.lib : boot.obj (.text)
                  00005838    00000040                           : u_divt2.obj (.text)
                  00005878    0000003c     UARTStdio_Initialization_LM3S1968.obj (.text)
                  000058b4    00000034     driverlib-cm3.lib : interrupt.obj (.text:IntRegister)
                  000058e8    0000002e                       : gpio.obj (.text:GPIODirModeSet)
                  00005916    0000002e     rtsv7M3_T_le_eabi.lib : i_tofd_t2.obj (.text)
                  00005944    0000001c     driverlib-cm3.lib : uart.obj (.text:UARTDisable)
                  00005960    0000001a     rtsv7M3_T_le_eabi.lib : memccpy.obj (.text)
                  0000597a    00000002     --HOLE-- [fill = 0]
                  0000597c    00000018                           : args_main.obj (.text)
                  00005994    00000016                           : strchr.obj (.text)
                  000059aa    00000002     --HOLE-- [fill = 0]
                  000059ac    00000014     driverlib-cm3.lib : interrupt.obj (.text:IntUnregister)
                  000059c0    00000014                       : uart.obj (.text:UARTEnable)
                  000059d4    00000014     rtsv7M3_T_le_eabi.lib : _lock.obj (.text)
                  000059e8    00000014                           : strlen.obj (.text)
                  000059fc    00000012     driverlib-cm3.lib : gpio.obj (.text:GPIOPinTypeGPIOOutput)
                  00005a0e    00000012                       : gpio.obj (.text:GPIOPinTypeSSI)
                  00005a20    00000012                       : gpio.obj (.text:GPIOPinTypeUART)
                  00005a32    00000012                       : ssi.obj (.text:SSIDataGetNonBlocking)
                  00005a44    0000000e     rtsv7M3_T_le_eabi.lib : copy_decompress_none.obj (.text:decompress:none)
                  00005a52    0000000c     driverlib-cm3.lib : cpu.obj (.text:CPUcpsie)
                  00005a5e    0000000c     FreeRTOS_LM3S_Startup.obj (.text)
                  00005a6a    0000000a     driverlib-cm3.lib : interrupt.obj (.text:IntMasterEnable)
                  00005a74    0000000a                       : ssi.obj (.text:SSIDataPut)
                  00005a7e    0000000a                       : ssi.obj (.text:SSIDisable)
                  00005a88    0000000a                       : ssi.obj (.text:SSIEnable)
                  00005a92    0000000a                       : uart.obj (.text:UARTCharGet)
                  00005a9c    0000000a                       : uart.obj (.text:UARTCharPut)
                  00005aa6    00000008                       : ssi.obj (.text:SSIBusy)
                  00005aae    00000008     rtsv7M3_T_le_eabi.lib : s_copysign.obj (.text)
                  00005ab6    00000006     driverlib-cm3.lib : gpio.obj (.text:GPIOPinRead)
                  00005abc    00000006                       : gpio.obj (.text:GPIOPinWrite)
                  00005ac2    00000006                       : sysctl.obj (.text:SysCtlDelay)
                  00005ac8    00000006     rtsv7M3_T_le_eabi.lib : copy_decompress_rle.obj (.text:decompress:rle24)
                  00005ace    00000004                           : pre_init.obj (.text)

.const     0    00005ad4    000004ea     
                  00005ad4    000001e0     rit128x96x4.obj (.const:g_pucFont)
                  00005cb4    00000101     rtsv7M3_T_le_eabi.lib : ctype.obj (.const:.string:_ctypes_)
                  00005db5    00000003     rit128x96x4.obj (.const:.string:pucCommand1$1)
                  00005db8    00000070     driverlib-cm3.lib : interrupt.obj (.const)
                  00005e28    0000006c                       : sysctl.obj (.const:g_pulXtals)
                  00005e94    00000060     Task_TimeOfDay.obj (.const:g_ppulTimerIntMap)
                  00005ef4    0000004f     rit128x96x4.obj (.const:.string:g_pucRIT128x96x4Init)
                  00005f43    00000001     --HOLE-- [fill = 0]
                  00005f44    00000040     driverlib-cm3.lib : sysctl.obj (.const)
                  00005f84    00000012     uartstdio.obj (.const:.string)
                  00005f96    00000002     rit128x96x4.obj (.const:.string:g_pucRIT128x96x4HorizontalInc)
                  00005f98    0000000c     uartstdio.obj (.const:g_ulUARTBase)
                  00005fa4    0000000c     uartstdio.obj (.const:g_ulUARTPeriph)
                  00005fb0    00000004     uartstdio.obj (.const)
                  00005fb4    00000003     rit128x96x4.obj (.const:.string:pucCommand2$2)
                  00005fb7    00000002     rit128x96x4.obj (.const:.string:g_pucRIT128x96x4VerticalInc)
                  00005fb9    00000002     rit128x96x4.obj (.const:.string:pucCommand1$3)
                  00005fbb    00000001     --HOLE-- [fill = 0]
                  00005fbc    00000002     heap_2.obj (.const)

.cinit     0    00005fc0    0000005c     
                  00005fc0    00000020     (.cinit..data.load) [load image, compression = rle]
                  00005fe0    0000000b     (.cinit..bss.load) [load image, compression = rle]
                  00005feb    00000005     --HOLE-- [fill = 0]
                  00005ff0    0000000b     (.cinit..vtable.load) [load image, compression = rle]
                  00005ffb    00000001     --HOLE-- [fill = 0]
                  00005ffc    00000008     (__TI_handler_table)
                  00006004    00000018     (__TI_cinit_table)

.init_array 
*          0    00000000    00000000     UNINITIALIZED

.vtable    0    20000000    0000026c     UNINITIALIZED
                  20000000    0000026c     driverlib-cm3.lib : interrupt.obj (.vtable)

.bss       0    20000270    0000c5a4     UNINITIALIZED
                  20000270    0000c350     heap_2.obj (.bss:xHeap)
                  2000c5c0    00000100     FreeRTOS_LM3S_Startup.obj (.bss:pulStack)
                  2000c6c0    00000064     tasks.obj (.bss:pxReadyTasksLists)
                  2000c724    00000040     (.common:xQueueRegistry)
                  2000c764    00000018     (.common:HourString)
                  2000c77c    00000014     timers.obj (.bss:xActiveTimerList1)
                  2000c790    00000014     timers.obj (.bss:xActiveTimerList2)
                  2000c7a4    00000014     tasks.obj (.bss:xDelayedTaskList1)
                  2000c7b8    00000014     tasks.obj (.bss:xDelayedTaskList2)
                  2000c7cc    00000014     tasks.obj (.bss:xPendingReadyList)
                  2000c7e0    00000008     rit128x96x4.obj (.bss:g_pucBuffer)
                  2000c7e8    00000008     tasks.obj (.bss)
                  2000c7f0    00000008     timers.obj (.bss)
                  2000c7f8    00000008     heap_2.obj (.bss:xEnd)
                  2000c800    00000008     heap_2.obj (.bss:xStart)
                  2000c808    00000004     rit128x96x4.obj (.bss)
                  2000c80c    00000004     (.common:Timer_0_A_Semaphore)
                  2000c810    00000004     (.common:g_ulSystemClock)

.stack     0    2000c814    00000800     UNINITIALIZED
                  2000c814    00000800     --HOLE--

.data      0    2000d014    00000080     UNINITIALIZED
                  2000d014    0000002c     tasks.obj (.data)
                  2000d040    00000014     Task_TimeOfDay.obj (.data)
                  2000d054    0000000c     rtsv7M3_T_le_eabi.lib : exit.obj (.data:$O1$$)
                  2000d060    00000008                           : _lock.obj (.data:$O1$$)
                  2000d068    00000008     heap_2.obj (.data)
                  2000d070    00000008     port.obj (.data)
                  2000d078    00000008     timers.obj (.data)
                  2000d080    00000005     uartstdio.obj (.data)
                  2000d085    00000001     Main_Blinky.obj (.data)
                  2000d086    00000002     --HOLE--
                  2000d088    00000004     UARTStdio_Initialization_LM3S1968.obj (.data)
                  2000d08c    00000004     rtsv7M3_T_le_eabi.lib : errno.obj (.data)
                  2000d090    00000004                           : stkdepth_vars.obj (.data)

MODULE SUMMARY

       Module                                  code    ro data   rw data
       ------                                  ----    -------   -------
    .\
       heap_2.obj                              440     2         50024  
       FreeRTOS_LM3S_Startup.obj               12      512       256    
       Main_Blinky.obj                         244     0         5      
    +--+---------------------------------------+-------+---------+---------+
       Total:                                  696     514       50285  
                                                                        
    .\Drivers\
       rit128x96x4.obj                         1296    571       12     
       uartstdio.obj                           1160    46        5      
       UARTStdio_Initialization_LM3S1968.obj   60      0         4      
    +--+---------------------------------------+-------+---------+---------+
       Total:                                  2516    617       21     
                                                                        
    .\Source\
       tasks.obj                               3744    0         212    
       queue.obj                               2324    0         64     
       timers.obj                              1320    0         56     
       list.obj                                298     0         0      
    +--+---------------------------------------+-------+---------+---------+
       Total:                                  7686    0         332    
                                                                        
    .\Source\portable\CCS\ARM_CM3\
       port.obj                                240     0         8      
       portasm.obj                             128     0         0      
    +--+---------------------------------------+-------+---------+---------+
       Total:                                  368     0         8      
                                                                        
    .\Tasks\
       Task_TimeOfDay.obj                      1792    96        48     
       Task_Blinky.obj                         84      0         0      
       Task_ReportSysTick.obj                  66      0         0      
    +--+---------------------------------------+-------+---------+---------+
       Total:                                  1942    96        48     
                                                                        
    C:/TI_CodeComposer/StellarisWare-LM3S1968/driverlib/ccs-cm3/Debug/driverlib-cm3.lib
       sysctl.obj                              946     172       0      
       interrupt.obj                           284     112       620    
       gpio.obj                                312     0         0      
       uart.obj                                134     0         0      
       ssi.obj                                 124     0         0      
       cpu.obj                                 12      0         0      
    +--+---------------------------------------+-------+---------+---------+
       Total:                                  1812    284       620    
                                                                        
    C:\TI_CodeComposer\ccsv6\tools\compiler\ti-cgt-arm_15.12.1.LTS\lib\rtsv7M3_T_le_eabi.lib
       _printfi.obj                            4336    0         0      
       ull_div_t2.obj                          500     0         0      
       fd_add_t2.obj                           438     0         0      
       fd_div_t2.obj                           310     0         0      
       fd_cmp_t2.obj                           268     0         0      
       ctype.obj                               0       257       0      
       fd_mul_t2.obj                           252     0         0      
       s_scalbn.obj                            208     0         0      
       memcpy_t2.obj                           156     0         0      
       memset_t2.obj                           122     0         0      
       autoinit.obj                            112     0         0      
       copy_decompress_rle.obj                 112     0         0      
       exit.obj                                84      0         12     
       sprintf.obj                             96      0         0      
       s_frexp.obj                             92      0         0      
       ltoa.obj                                86      0         0      
       atoi.obj                                76      0         0      
       cpy_tbl.obj                             76      0         0      
       fd_toi_t2.obj                           72      0         0      
       boot.obj                                64      0         0      
       u_divt2.obj                             64      0         0      
       i_tofd_t2.obj                           46      0         0      
       _lock.obj                               20      0         8      
       memccpy.obj                             26      0         0      
       args_main.obj                           24      0         0      
       strchr.obj                              22      0         0      
       strlen.obj                              20      0         0      
       copy_decompress_none.obj                14      0         0      
       s_copysign.obj                          8       0         0      
       errno.obj                               0       0         4      
       pre_init.obj                            4       0         0      
       stkdepth_vars.obj                       0       0         4      
       i_div0.obj                              2       0         0      
       mpu_init.obj                            2       0         0      
       startup.obj                             2       0         0      
    +--+---------------------------------------+-------+---------+---------+
       Total:                                  7714    257       28     
                                                                        
       Stack:                                  0       0         2048   
       Linker Generated:                       0       86        0      
    +--+---------------------------------------+-------+---------+---------+
       Grand Total:                            22734   1854      53390  


LINKER GENERATED COPY TABLES

__TI_cinit_table @ 00006004 records: 3, size/record: 8, table size: 24
	.data: load addr=00005fc0, load size=00000020 bytes, run addr=2000d014, run size=00000080 bytes, compression=rle
	.bss: load addr=00005fe0, load size=0000000b bytes, run addr=20000270, run size=0000c5a4 bytes, compression=rle
	.vtable: load addr=00005ff0, load size=0000000b bytes, run addr=20000000, run size=0000026c bytes, compression=rle


LINKER GENERATED HANDLER TABLE

__TI_handler_table @ 00005ffc records: 2, size/record: 4, table size: 8
	index: 0, handler: __TI_decompress_rle24
	index: 1, handler: __TI_decompress_none


GLOBAL SYMBOLS: SORTED ALPHABETICALLY BY Name 

address   name                             
-------   ----                             
000055fd  C$$EXIT                          
00005a53  CPUcpsie                         
000058e9  GPIODirModeSet                   
00004eb5  GPIOPadConfigSet                 
00005ab7  GPIOPinRead                      
000059fd  GPIOPinTypeGPIOOutput            
00005a0f  GPIOPinTypeSSI                   
00005a21  GPIOPinTypeUART                  
00005abd  GPIOPinWrite                     
2000c764  HourString                       
00004c01  Initialize_OLED                  
00005375  IntDisable                       
000053d9  IntEnable                        
00005a6b  IntMasterEnable                  
000058b5  IntRegister                      
000059ad  IntUnregister                    
2000d085  OLED_Initialized                 
000037d5  RIT128x96x4Clear                 
00003a53  RIT128x96x4Disable               
00003ba5  RIT128x96x4DisplayOff            
00003b71  RIT128x96x4DisplayOn             
000039f9  RIT128x96x4Enable                
00003971  RIT128x96x4ImageDraw             
00003acd  RIT128x96x4Init                  
00003831  RIT128x96x4StringDraw            
00005a5f  ResetISR                         
UNDEFED   SHT$$INIT_ARRAY$$Base            
UNDEFED   SHT$$INIT_ARRAY$$Limit           
00005aa7  SSIBusy                          
00005731  SSIConfigSetExpClk               
00005a33  SSIDataGetNonBlocking            
00005a75  SSIDataPut                       
00005a7f  SSIDisable                       
00005a89  SSIEnable                        
000045c9  SysCtlClockGet                   
00004761  SysCtlClockSet                   
00005ac3  SysCtlDelay                      
000054f9  SysCtlPeripheralEnable           
00005221  SysCtlPeripheralPresent          
000055a9  Task_Blinky                      
00005775  Task_ReportSysTick               
00003043  Task_TimeOfDay                   
00002b1d  TimerConfigure                   
00002bc5  TimerControlEvent                
00002b59  TimerControlLevel                
00002bef  TimerControlStall                
00002b8f  TimerControlTrigger              
00002c25  TimerControlWaitOnTrigger        
2000d040  TimerCount                       
00002aff  TimerDisable                     
00002ae1  TimerEnable                      
00002f95  TimerIntClear                    
00002f5f  TimerIntDisable                  
00002f47  TimerIntEnable                   
00002ec9  TimerIntRegister                 
00002f77  TimerIntStatus                   
00002f0b  TimerIntUnregister               
00002d71  TimerLoadGet                     
00002db1  TimerLoadGet64                   
00002d3d  TimerLoadSet                     
00002d8d  TimerLoadSet64                   
00002e5b  TimerMatchGet                    
00002e97  TimerMatchGet64                  
00002e31  TimerMatchSet                    
00002e77  TimerMatchSet64                  
00002cdb  TimerPrescaleGet                 
00002d21  TimerPrescaleMatchGet            
00002cf7  TimerPrescaleMatchSet            
00002cb1  TimerPrescaleSet                 
00002fb9  TimerQuiesce                     
00002c9b  TimerRTCDisable                  
00002c85  TimerRTCEnable                   
00002fa7  TimerSynchronize                 
00002de3  TimerValueGet                    
00002dff  TimerValueGet64                  
00003133  Timer_0_A_ISR_Handler            
2000c80c  Timer_0_A_Semaphore              
00005a93  UARTCharGet                      
00005a9d  UARTCharPut                      
000057b7  UARTConfigSetExpClk              
00005945  UARTDisable                      
000059c1  UARTEnable                       
00003bdd  UARTStdioInit                    
00003bed  UARTStdioInitExpClk              
2000d088  UARTStdioInitFlag                
00005879  UARTStdio_Initialization         
00003d33  UARTgetc                         
00003c7b  UARTgets                         
00003d59  UARTprintf                       
00003c35  UARTwrite                        
2000d014  __STACK_END                      
00000800  __STACK_SIZE                     
2000ca14  __STACK_TOP                      
00006004  __TI_CINIT_Base                  
0000601c  __TI_CINIT_Limit                 
00005ffc  __TI_Handler_Table_Base          
00006004  __TI_Handler_Table_Limit         
00005299  __TI_auto_init                   
2000d054  __TI_cleanup_ptr                 
00005a45  __TI_decompress_none             
00005ac9  __TI_decompress_rle24            
2000d058  __TI_dtors_ptr                   
2000d05c  __TI_enable_exit_profile_output  
ffffffff  __TI_pprof_out_hndl              
00000feb  __TI_printfi                     
ffffffff  __TI_prof_data_size              
ffffffff  __TI_prof_data_start             
00000000  __TI_static_base__               
00005019  __aeabi_cdcmpeq                  
00005019  __aeabi_cdcmple                  
0000509f  __aeabi_cdrcmple                 
000056e9  __aeabi_d2iz                     
0000441b  __aeabi_dadd                     
000048a5  __aeabi_ddiv                     
00004b05  __aeabi_dmul                     
00004411  __aeabi_dsub                     
00005917  __aeabi_i2d                      
0000521f  __aeabi_idiv0                    
000051a5  __aeabi_memclr                   
000051a5  __aeabi_memclr4                  
000051a5  __aeabi_memclr8                  
00004f7d  __aeabi_memcpy                   
00004f7d  __aeabi_memcpy4                  
00004f7d  __aeabi_memcpy8                  
000051a7  __aeabi_memset                   
000051a7  __aeabi_memset4                  
000051a7  __aeabi_memset8                  
00005839  __aeabi_uidiv                    
00005839  __aeabi_uidivmod                 
00004065  __aeabi_uldivmod                 
ffffffff  __binit__                        
ffffffff  __c_args__                       
00005373  __mpu_init                       
2000c814  __stack                          
0000597d  _args_main                       
000057f9  _c_int00                         
00005cb4  _ctypes_                         
2000d060  _lock                            
000059e3  _nop                             
000059db  _register_lock                   
000059d5  _register_unlock                 
000055a7  _system_post_cinit               
00005acf  _system_pre_init                 
2000d064  _unlock                          
00005601  abort                            
00005651  atoi                             
ffffffff  binit                            
0000569d  copy_in                          
00005aaf  copysign                         
00005aaf  copysignl                        
2000d08c  errno                            
00005609  exit                             
0000549d  frexp                            
0000549d  frexpl                           
20000000  g_pfnRAMVectors                  
00000000  g_pfnVectors                     
2000c810  g_ulSystemClock                  
00004de5  ldexp                            
00004de5  ldexpl                           
00005551  ltoa                             
00004c23  main                             
2000d090  main_func_sp                     
00005961  memccpy                          
00004f7d  memcpy                           
000051ad  memset                           
000032a1  pcTimerGetTimerName              
00004259  pvPortMalloc                     
00001d51  pvTaskIncrementMutexHeldCount    
0000367d  pvTimerGetTimerID                
2000d014  pxCurrentTCB                     
00004cf5  pxPortInitialiseStack            
00004de5  scalbn                           
00004de5  scalbnl                          
0000543d  sprintf                          
00005995  strchr                           
000059e9  strlen                           
00005161  ulPortSetInterruptMask           
00001d81  ulTaskNotifyTake                 
00004abd  uxListRemove                     
00002771  uxQueueMessagesWaiting           
000027a7  uxQueueMessagesWaitingFromISR    
00002787  uxQueueSpacesAvailable           
00001635  uxTaskGetNumberOfTasks           
00001d2b  uxTaskResetEventItemValue        
000049db  vListInitialise                  
00004a0b  vListInitialiseItem              
00004a57  vListInsert                      
00004a1b  vListInsertEnd                   
0000516f  vPortClearInterruptMask          
00004d65  vPortEndScheduler                
00004d71  vPortEnterCritical               
00004d81  vPortExitCritical                
00004385  vPortFree                        
000043ed  vPortInitialiseBlocks            
00005175  vPortSVCHandler                  
00004dbd  vPortSetupTimerInterrupt         
00005193  vPortStartFirstTask              
00004d67  vPortYieldFromISR                
000029cd  vQueueAddToRegistry              
000027b9  vQueueDelete                     
00002a0f  vQueueUnregisterQueue            
00002a49  vQueueWaitForMessageRestricted   
00001481  vTaskDelay                       
000013f5  vTaskDelayUntil                  
0000151b  vTaskEndScheduler                
000019ff  vTaskMissedYield                 
000020a1  vTaskNotifyGiveFromISR           
000017a9  vTaskPlaceOnEventList            
00001831  vTaskPlaceOnEventListRestricted  
000017e1  vTaskPlaceOnUnorderedEventList   
00001c0d  vTaskPriorityInherit             
00001973  vTaskSetTimeOutState             
000014c1  vTaskStartScheduler              
0000152d  vTaskSuspendAll                  
00001729  vTaskSwitchContext               
00003697  vTimerSetTimerID                 
000043e7  xPortGetFreeHeapSize             
00005125  xPortPendSVHandler               
00004d3d  xPortStartScheduler              
2000d074  xPortSysTickCount                
00004d99  xPortSysTickHandler              
00002375  xQueueCreateCountingSemaphore    
00002283  xQueueCreateMutex                
0000221d  xQueueGenericCreate              
0000257d  xQueueGenericReceive             
00002191  xQueueGenericReset               
00002395  xQueueGenericSend                
0000248d  xQueueGenericSendFromISR         
0000250b  xQueueGiveFromISR                
000022ef  xQueueGiveMutexRecursive         
00002969  xQueueIsQueueEmptyFromISR        
000029ab  xQueueIsQueueFullFromISR         
0000272d  xQueuePeekFromISR                
000026b5  xQueueReceiveFromISR             
2000c724  xQueueRegistry                   
0000232b  xQueueTakeMutexRecursive         
00001995  xTaskCheckForTimeOut             
000012f1  xTaskGenericCreate               
00001ec9  xTaskGenericNotify               
00001fa9  xTaskGenericNotifyFromISR        
00001bd1  xTaskGetCurrentTaskHandle        
00001be1  xTaskGetSchedulerState           
00001609  xTaskGetTickCount                
00001621  xTaskGetTickCountFromISR         
00001641  xTaskIncrementTick               
0000213d  xTaskNotifyStateClear            
00001e19  xTaskNotifyWait                  
00001cab  xTaskPriorityDisinherit          
00001875  xTaskRemoveFromEventList         
000018fd  xTaskRemoveFromUnorderedEventList
00001537  xTaskResumeAll                   
000031df  xTimerCreate                     
000031a5  xTimerCreateTimerTask            
00003233  xTimerGenericCommand             
00003651  xTimerIsTimerActive              


GLOBAL SYMBOLS: SORTED BY Symbol Address 

address   name                             
-------   ----                             
00000000  __TI_static_base__               
00000000  g_pfnVectors                     
00000800  __STACK_SIZE                     
00000feb  __TI_printfi                     
000012f1  xTaskGenericCreate               
000013f5  vTaskDelayUntil                  
00001481  vTaskDelay                       
000014c1  vTaskStartScheduler              
0000151b  vTaskEndScheduler                
0000152d  vTaskSuspendAll                  
00001537  xTaskResumeAll                   
00001609  xTaskGetTickCount                
00001621  xTaskGetTickCountFromISR         
00001635  uxTaskGetNumberOfTasks           
00001641  xTaskIncrementTick               
00001729  vTaskSwitchContext               
000017a9  vTaskPlaceOnEventList            
000017e1  vTaskPlaceOnUnorderedEventList   
00001831  vTaskPlaceOnEventListRestricted  
00001875  xTaskRemoveFromEventList         
000018fd  xTaskRemoveFromUnorderedEventList
00001973  vTaskSetTimeOutState             
00001995  xTaskCheckForTimeOut             
000019ff  vTaskMissedYield                 
00001bd1  xTaskGetCurrentTaskHandle        
00001be1  xTaskGetSchedulerState           
00001c0d  vTaskPriorityInherit             
00001cab  xTaskPriorityDisinherit          
00001d2b  uxTaskResetEventItemValue        
00001d51  pvTaskIncrementMutexHeldCount    
00001d81  ulTaskNotifyTake                 
00001e19  xTaskNotifyWait                  
00001ec9  xTaskGenericNotify               
00001fa9  xTaskGenericNotifyFromISR        
000020a1  vTaskNotifyGiveFromISR           
0000213d  xTaskNotifyStateClear            
00002191  xQueueGenericReset               
0000221d  xQueueGenericCreate              
00002283  xQueueCreateMutex                
000022ef  xQueueGiveMutexRecursive         
0000232b  xQueueTakeMutexRecursive         
00002375  xQueueCreateCountingSemaphore    
00002395  xQueueGenericSend                
0000248d  xQueueGenericSendFromISR         
0000250b  xQueueGiveFromISR                
0000257d  xQueueGenericReceive             
000026b5  xQueueReceiveFromISR             
0000272d  xQueuePeekFromISR                
00002771  uxQueueMessagesWaiting           
00002787  uxQueueSpacesAvailable           
000027a7  uxQueueMessagesWaitingFromISR    
000027b9  vQueueDelete                     
00002969  xQueueIsQueueEmptyFromISR        
000029ab  xQueueIsQueueFullFromISR         
000029cd  vQueueAddToRegistry              
00002a0f  vQueueUnregisterQueue            
00002a49  vQueueWaitForMessageRestricted   
00002ae1  TimerEnable                      
00002aff  TimerDisable                     
00002b1d  TimerConfigure                   
00002b59  TimerControlLevel                
00002b8f  TimerControlTrigger              
00002bc5  TimerControlEvent                
00002bef  TimerControlStall                
00002c25  TimerControlWaitOnTrigger        
00002c85  TimerRTCEnable                   
00002c9b  TimerRTCDisable                  
00002cb1  TimerPrescaleSet                 
00002cdb  TimerPrescaleGet                 
00002cf7  TimerPrescaleMatchSet            
00002d21  TimerPrescaleMatchGet            
00002d3d  TimerLoadSet                     
00002d71  TimerLoadGet                     
00002d8d  TimerLoadSet64                   
00002db1  TimerLoadGet64                   
00002de3  TimerValueGet                    
00002dff  TimerValueGet64                  
00002e31  TimerMatchSet                    
00002e5b  TimerMatchGet                    
00002e77  TimerMatchSet64                  
00002e97  TimerMatchGet64                  
00002ec9  TimerIntRegister                 
00002f0b  TimerIntUnregister               
00002f47  TimerIntEnable                   
00002f5f  TimerIntDisable                  
00002f77  TimerIntStatus                   
00002f95  TimerIntClear                    
00002fa7  TimerSynchronize                 
00002fb9  TimerQuiesce                     
00003043  Task_TimeOfDay                   
00003133  Timer_0_A_ISR_Handler            
000031a5  xTimerCreateTimerTask            
000031df  xTimerCreate                     
00003233  xTimerGenericCommand             
000032a1  pcTimerGetTimerName              
00003651  xTimerIsTimerActive              
0000367d  pvTimerGetTimerID                
00003697  vTimerSetTimerID                 
000037d5  RIT128x96x4Clear                 
00003831  RIT128x96x4StringDraw            
00003971  RIT128x96x4ImageDraw             
000039f9  RIT128x96x4Enable                
00003a53  RIT128x96x4Disable               
00003acd  RIT128x96x4Init                  
00003b71  RIT128x96x4DisplayOn             
00003ba5  RIT128x96x4DisplayOff            
00003bdd  UARTStdioInit                    
00003bed  UARTStdioInitExpClk              
00003c35  UARTwrite                        
00003c7b  UARTgets                         
00003d33  UARTgetc                         
00003d59  UARTprintf                       
00004065  __aeabi_uldivmod                 
00004259  pvPortMalloc                     
00004385  vPortFree                        
000043e7  xPortGetFreeHeapSize             
000043ed  vPortInitialiseBlocks            
00004411  __aeabi_dsub                     
0000441b  __aeabi_dadd                     
000045c9  SysCtlClockGet                   
00004761  SysCtlClockSet                   
000048a5  __aeabi_ddiv                     
000049db  vListInitialise                  
00004a0b  vListInitialiseItem              
00004a1b  vListInsertEnd                   
00004a57  vListInsert                      
00004abd  uxListRemove                     
00004b05  __aeabi_dmul                     
00004c01  Initialize_OLED                  
00004c23  main                             
00004cf5  pxPortInitialiseStack            
00004d3d  xPortStartScheduler              
00004d65  vPortEndScheduler                
00004d67  vPortYieldFromISR                
00004d71  vPortEnterCritical               
00004d81  vPortExitCritical                
00004d99  xPortSysTickHandler              
00004dbd  vPortSetupTimerInterrupt         
00004de5  ldexp                            
00004de5  ldexpl                           
00004de5  scalbn                           
00004de5  scalbnl                          
00004eb5  GPIOPadConfigSet                 
00004f7d  __aeabi_memcpy                   
00004f7d  __aeabi_memcpy4                  
00004f7d  __aeabi_memcpy8                  
00004f7d  memcpy                           
00005019  __aeabi_cdcmpeq                  
00005019  __aeabi_cdcmple                  
0000509f  __aeabi_cdrcmple                 
00005125  xPortPendSVHandler               
00005161  ulPortSetInterruptMask           
0000516f  vPortClearInterruptMask          
00005175  vPortSVCHandler                  
00005193  vPortStartFirstTask              
000051a5  __aeabi_memclr                   
000051a5  __aeabi_memclr4                  
000051a5  __aeabi_memclr8                  
000051a7  __aeabi_memset                   
000051a7  __aeabi_memset4                  
000051a7  __aeabi_memset8                  
000051ad  memset                           
0000521f  __aeabi_idiv0                    
00005221  SysCtlPeripheralPresent          
00005299  __TI_auto_init                   
00005373  __mpu_init                       
00005375  IntDisable                       
000053d9  IntEnable                        
0000543d  sprintf                          
0000549d  frexp                            
0000549d  frexpl                           
000054f9  SysCtlPeripheralEnable           
00005551  ltoa                             
000055a7  _system_post_cinit               
000055a9  Task_Blinky                      
000055fd  C$$EXIT                          
00005601  abort                            
00005609  exit                             
00005651  atoi                             
0000569d  copy_in                          
000056e9  __aeabi_d2iz                     
00005731  SSIConfigSetExpClk               
00005775  Task_ReportSysTick               
000057b7  UARTConfigSetExpClk              
000057f9  _c_int00                         
00005839  __aeabi_uidiv                    
00005839  __aeabi_uidivmod                 
00005879  UARTStdio_Initialization         
000058b5  IntRegister                      
000058e9  GPIODirModeSet                   
00005917  __aeabi_i2d                      
00005945  UARTDisable                      
00005961  memccpy                          
0000597d  _args_main                       
00005995  strchr                           
000059ad  IntUnregister                    
000059c1  UARTEnable                       
000059d5  _register_unlock                 
000059db  _register_lock                   
000059e3  _nop                             
000059e9  strlen                           
000059fd  GPIOPinTypeGPIOOutput            
00005a0f  GPIOPinTypeSSI                   
00005a21  GPIOPinTypeUART                  
00005a33  SSIDataGetNonBlocking            
00005a45  __TI_decompress_none             
00005a53  CPUcpsie                         
00005a5f  ResetISR                         
00005a6b  IntMasterEnable                  
00005a75  SSIDataPut                       
00005a7f  SSIDisable                       
00005a89  SSIEnable                        
00005a93  UARTCharGet                      
00005a9d  UARTCharPut                      
00005aa7  SSIBusy                          
00005aaf  copysign                         
00005aaf  copysignl                        
00005ab7  GPIOPinRead                      
00005abd  GPIOPinWrite                     
00005ac3  SysCtlDelay                      
00005ac9  __TI_decompress_rle24            
00005acf  _system_pre_init                 
00005cb4  _ctypes_                         
00005ffc  __TI_Handler_Table_Base          
00006004  __TI_CINIT_Base                  
00006004  __TI_Handler_Table_Limit         
0000601c  __TI_CINIT_Limit                 
20000000  g_pfnRAMVectors                  
2000c724  xQueueRegistry                   
2000c764  HourString                       
2000c80c  Timer_0_A_Semaphore              
2000c810  g_ulSystemClock                  
2000c814  __stack                          
2000ca14  __STACK_TOP                      
2000d014  __STACK_END                      
2000d014  pxCurrentTCB                     
2000d040  TimerCount                       
2000d054  __TI_cleanup_ptr                 
2000d058  __TI_dtors_ptr                   
2000d05c  __TI_enable_exit_profile_output  
2000d060  _lock                            
2000d064  _unlock                          
2000d074  xPortSysTickCount                
2000d085  OLED_Initialized                 
2000d088  UARTStdioInitFlag                
2000d08c  errno                            
2000d090  main_func_sp                     
ffffffff  __TI_pprof_out_hndl              
ffffffff  __TI_prof_data_size              
ffffffff  __TI_prof_data_start             
ffffffff  __binit__                        
ffffffff  __c_args__                       
ffffffff  binit                            
UNDEFED   SHT$$INIT_ARRAY$$Base            
UNDEFED   SHT$$INIT_ARRAY$$Limit           

[255 symbols]
