******************************************************************************
                  TI ARM Linker PC v15.12.1                    
******************************************************************************
>> Linked Wed Mar 15 15:52:43 2017

OUTPUT FILE NAME:   <Copy of ADC_Pot.out>
ENTRY POINT SYMBOL: "_c_int00"  address: 00005409


MEMORY CONFIGURATION

         name            origin    length      used     unused   attr    fill
----------------------  --------  ---------  --------  --------  ----  --------
  FLASH                 00000000   00040000  00005ba8  0003a458  R  X
  SRAM                  20000000   00010000  0000cfa2  0000305e  RW X


SEGMENT ALLOCATION MAP

run origin  load origin   length   init length attrs members
----------  ----------- ---------- ----------- ----- -------
00000000    00000000    00005bac   00005bac    r-x
  00000000    00000000    00000200   00000200    r-- .intvecs
  00000200    00000200    0000554a   0000554a    r-x .text
  0000574c    0000574c    0000041a   0000041a    r-- .const
  00005b68    00005b68    00000044   00000044    r-- .cinit
20000000    20000000    0000cfa5   00000000    rw-
  20000000    20000000    0000c72d   00000000    rw- .bss
  2000c730    2000c730    00000800   00000000    rw- .stack
  2000cf30    2000cf30    00000075   00000000    rw- .data


SECTION ALLOCATION MAP

 output                                  attributes/
section   page    origin      length       input sections
--------  ----  ----------  ----------   ----------------
.intvecs   0    00000000    00000200     
                  00000000    00000200     FreeRTOS_LM3S_Startup.obj (.intvecs)

.text      0    00000200    0000554a     
                  00000200    000010f0     rtsv7M3_T_le_eabi.lib : _printfi.obj (.text)
                  000012f0    00000ea0     tasks.obj (.text)
                  00002190    00000914     queue.obj (.text)
                  00002aa4    00000528     timers.obj (.text)
                  00002fcc    00000510     rit128x96x4.obj (.text)
                  000034dc    00000488     uartstdio.obj (.text)
                  00003964    000001f4     rtsv7M3_T_le_eabi.lib : ull_div_t2.obj (.text)
                  00003b58    000001b8     heap_2.obj (.text)
                  00003d10    000001b6     rtsv7M3_T_le_eabi.lib : fd_add_t2.obj (.text)
                  00003ec6    00000002                           : i_div0.obj (.text)
                  00003ec8    00000198     driverlib-cm3.lib : sysctl.obj (.text:SysCtlClockGet)
                  00004060    00000158     Task_ADC.obj (.text)
                  000041b8    00000148     Main_Blinky.obj (.text)
                  00004300    00000144     driverlib-cm3.lib : sysctl.obj (.text:SysCtlClockSet)
                  00004444    00000136     rtsv7M3_T_le_eabi.lib : fd_div_t2.obj (.text)
                  0000457a    0000012a     list.obj (.text)
                  000046a4    000000fc     rtsv7M3_T_le_eabi.lib : fd_mul_t2.obj (.text)
                  000047a0    000000f0     port.obj (.text)
                  00004890    000000ec     Task_ButtonMonitor.obj (.text)
                  0000497c    000000d4     Task_CircuitSampling.obj (.text)
                  00004a50    000000d0     rtsv7M3_T_le_eabi.lib : s_scalbn.obj (.text)
                  00004b20    000000c8     driverlib-cm3.lib : gpio.obj (.text:GPIOPadConfigSet)
                  00004be8    0000009c     rtsv7M3_T_le_eabi.lib : memcpy_t2.obj (.text)
                  00004c84    00000086                           : fd_cmp_t2.obj (.text:__aeabi_cdcmple)
                  00004d0a    00000086                           : fd_cmp_t2.obj (.text:__aeabi_cdrcmple)
                  00004d90    00000080     portasm.obj (.text)
                  00004e10    0000007a     rtsv7M3_T_le_eabi.lib : memset_t2.obj (.text)
                  00004e8a    00000002                           : mpu_init.obj (.text)
                  00004e8c    00000078     driverlib-cm3.lib : sysctl.obj (.text:SysCtlPeripheralPresent)
                  00004f04    00000070     rtsv7M3_T_le_eabi.lib : autoinit.obj (.text)
                  00004f74    0000006c     driverlib-cm3.lib : adc.obj (.text:ADCSequenceStepConfigure)
                  00004fe0    0000006a     rtsv7M3_T_le_eabi.lib : copy_decompress_rle.obj (.text)
                  0000504a    00000002                           : startup.obj (.text)
                  0000504c    00000060                           : sprintf.obj (.text)
                  000050ac    0000005c                           : s_frexp.obj (.text)
                  00005108    00000058     driverlib-cm3.lib : sysctl.obj (.text:SysCtlPeripheralEnable)
                  00005160    00000056     rtsv7M3_T_le_eabi.lib : ltoa.obj (.text)
                  000051b6    00000002     --HOLE-- [fill = 0]
                  000051b8    00000054     Task_Blinky.obj (.text)
                  0000520c    00000054     rtsv7M3_T_le_eabi.lib : exit.obj (.text)
                  00005260    0000004c                           : atoi.obj (.text)
                  000052ac    0000004c                           : cpy_tbl.obj (.text)
                  000052f8    00000048                           : fd_toi_t2.obj (.text)
                  00005340    00000044     driverlib-cm3.lib : ssi.obj (.text:SSIConfigSetExpClk)
                  00005384    00000042     Task_ReportSysTick.obj (.text)
                  000053c6    00000042     driverlib-cm3.lib : uart.obj (.text:UARTConfigSetExpClk)
                  00005408    00000040     rtsv7M3_T_le_eabi.lib : boot.obj (.text)
                  00005448    00000040                           : u_divt2.obj (.text)
                  00005488    0000003c     UARTStdio_Initialization_LM3S1968.obj (.text)
                  000054c4    0000002e     driverlib-cm3.lib : adc.obj (.text:ADCIntStatus)
                  000054f2    0000002e                       : gpio.obj (.text:GPIODirModeSet)
                  00005520    0000002e     rtsv7M3_T_le_eabi.lib : i_tofd_t2.obj (.text)
                  0000554e    0000002a     driverlib-cm3.lib : adc.obj (.text:ADCSequenceConfigure)
                  00005578    00000020                       : adc.obj (.text:ADCSequenceDataGet)
                  00005598    0000001c                       : uart.obj (.text:UARTDisable)
                  000055b4    0000001a     rtsv7M3_T_le_eabi.lib : memccpy.obj (.text)
                  000055ce    00000002     --HOLE-- [fill = 0]
                  000055d0    00000018                           : args_main.obj (.text)
                  000055e8    00000016     driverlib-cm3.lib : adc.obj (.text:ADCProcessorTrigger)
                  000055fe    00000016     rtsv7M3_T_le_eabi.lib : strchr.obj (.text)
                  00005614    00000014     driverlib-cm3.lib : uart.obj (.text:UARTEnable)
                  00005628    00000014     rtsv7M3_T_le_eabi.lib : _lock.obj (.text)
                  0000563c    00000014                           : strlen.obj (.text)
                  00005650    00000012     driverlib-cm3.lib : gpio.obj (.text:GPIOPinTypeGPIOInput)
                  00005662    00000012                       : gpio.obj (.text:GPIOPinTypeGPIOOutput)
                  00005674    00000012                       : gpio.obj (.text:GPIOPinTypeSSI)
                  00005686    00000012                       : gpio.obj (.text:GPIOPinTypeUART)
                  00005698    00000012                       : ssi.obj (.text:SSIDataGetNonBlocking)
                  000056aa    00000010                       : adc.obj (.text:ADCIntEnable)
                  000056ba    0000000e                       : adc.obj (.text:ADCSequenceEnable)
                  000056c8    0000000e     rtsv7M3_T_le_eabi.lib : copy_decompress_none.obj (.text:decompress:none)
                  000056d6    0000000c     FreeRTOS_LM3S_Startup.obj (.text)
                  000056e2    0000000a     driverlib-cm3.lib : adc.obj (.text:ADCIntClear)
                  000056ec    0000000a                       : ssi.obj (.text:SSIDataPut)
                  000056f6    0000000a                       : ssi.obj (.text:SSIDisable)
                  00005700    0000000a                       : ssi.obj (.text:SSIEnable)
                  0000570a    0000000a                       : uart.obj (.text:UARTCharGet)
                  00005714    0000000a                       : uart.obj (.text:UARTCharPut)
                  0000571e    00000008                       : ssi.obj (.text:SSIBusy)
                  00005726    00000008     rtsv7M3_T_le_eabi.lib : s_copysign.obj (.text)
                  0000572e    00000006     driverlib-cm3.lib : gpio.obj (.text:GPIOPinRead)
                  00005734    00000006                       : gpio.obj (.text:GPIOPinWrite)
                  0000573a    00000006                       : sysctl.obj (.text:SysCtlDelay)
                  00005740    00000006     rtsv7M3_T_le_eabi.lib : copy_decompress_rle.obj (.text:decompress:rle24)
                  00005746    00000004                           : pre_init.obj (.text)

.const     0    0000574c    0000041a     
                  0000574c    000001e0     rit128x96x4.obj (.const:g_pucFont)
                  0000592c    00000101     rtsv7M3_T_le_eabi.lib : ctype.obj (.const:.string:_ctypes_)
                  00005a2d    00000003     rit128x96x4.obj (.const:.string:pucCommand1$1)
                  00005a30    0000006c     driverlib-cm3.lib : sysctl.obj (.const:g_pulXtals)
                  00005a9c    0000004f     rit128x96x4.obj (.const:.string:g_pucRIT128x96x4Init)
                  00005aeb    00000001     --HOLE-- [fill = 0]
                  00005aec    00000040     driverlib-cm3.lib : sysctl.obj (.const)
                  00005b2c    00000012     uartstdio.obj (.const:.string)
                  00005b3e    00000002     rit128x96x4.obj (.const:.string:g_pucRIT128x96x4HorizontalInc)
                  00005b40    0000000c     uartstdio.obj (.const:g_ulUARTBase)
                  00005b4c    0000000c     uartstdio.obj (.const:g_ulUARTPeriph)
                  00005b58    00000004     uartstdio.obj (.const)
                  00005b5c    00000003     rit128x96x4.obj (.const:.string:pucCommand2$2)
                  00005b5f    00000002     rit128x96x4.obj (.const:.string:g_pucRIT128x96x4VerticalInc)
                  00005b61    00000002     rit128x96x4.obj (.const:.string:pucCommand1$3)
                  00005b63    00000001     --HOLE-- [fill = 0]
                  00005b64    00000002     heap_2.obj (.const)

.cinit     0    00005b68    00000044     
                  00005b68    00000020     (.cinit..data.load) [load image, compression = rle]
                  00005b88    0000000b     (.cinit..bss.load) [load image, compression = rle]
                  00005b93    00000001     --HOLE-- [fill = 0]
                  00005b94    00000008     (__TI_handler_table)
                  00005b9c    00000010     (__TI_cinit_table)

.init_array 
*          0    00000000    00000000     UNINITIALIZED

.bss       0    20000000    0000c72d     UNINITIALIZED
                  20000000    0000c350     heap_2.obj (.bss:xHeap)
                  2000c350    00000190     (.common:collection)
                  2000c4e0    00000100     FreeRTOS_LM3S_Startup.obj (.bss:pulStack)
                  2000c5e0    00000064     tasks.obj (.bss:pxReadyTasksLists)
                  2000c644    00000040     (.common:xQueueRegistry)
                  2000c684    00000014     timers.obj (.bss:xActiveTimerList1)
                  2000c698    00000014     timers.obj (.bss:xActiveTimerList2)
                  2000c6ac    00000014     tasks.obj (.bss:xDelayedTaskList1)
                  2000c6c0    00000014     tasks.obj (.bss:xDelayedTaskList2)
                  2000c6d4    00000014     tasks.obj (.bss:xPendingReadyList)
                  2000c6e8    00000008     rit128x96x4.obj (.bss:g_pucBuffer)
                  2000c6f0    00000008     tasks.obj (.bss)
                  2000c6f8    00000008     timers.obj (.bss)
                  2000c700    00000008     heap_2.obj (.bss:xEnd)
                  2000c708    00000008     heap_2.obj (.bss:xStart)
                  2000c710    00000004     Task_CircuitSampling.obj (.bss)
                  2000c714    00000004     rit128x96x4.obj (.bss)
                  2000c718    00000004     (.common:Status)
                  2000c71c    00000004     (.common:bSignal)
                  2000c720    00000004     (.common:g_ulSystemClock)
                  2000c724    00000004     (.common:pSignal)
                  2000c728    00000004     (.common:ulValue)
                  2000c72c    00000001     (.common:ButtonIndex)

.stack     0    2000c730    00000800     UNINITIALIZED
                  2000c730    00000800     --HOLE--

.data      0    2000cf30    00000075     UNINITIALIZED
                  2000cf30    0000002c     tasks.obj (.data)
                  2000cf5c    0000000c     rtsv7M3_T_le_eabi.lib : exit.obj (.data:$O1$$)
                  2000cf68    00000008                           : _lock.obj (.data:$O1$$)
                  2000cf70    00000008     heap_2.obj (.data)
                  2000cf78    00000008     port.obj (.data)
                  2000cf80    00000008     timers.obj (.data)
                  2000cf88    00000006     Task_ADC.obj (.data)
                  2000cf8e    00000002     Task_ButtonMonitor.obj (.data)
                  2000cf90    00000005     uartstdio.obj (.data)
                  2000cf95    00000003     Task_CircuitSampling.obj (.data)
                  2000cf98    00000004     UARTStdio_Initialization_LM3S1968.obj (.data)
                  2000cf9c    00000004     rtsv7M3_T_le_eabi.lib : errno.obj (.data)
                  2000cfa0    00000004                           : stkdepth_vars.obj (.data)
                  2000cfa4    00000001     Main_Blinky.obj (.data)

MODULE SUMMARY

       Module                                  code    ro data   rw data
       ------                                  ----    -------   -------
    .\
       heap_2.obj                              440     2         50024  
       FreeRTOS_LM3S_Startup.obj               12      512       256    
       Main_Blinky.obj                         328     0         5      
    +--+---------------------------------------+-------+---------+---------+
       Total:                                  780     514       50285  
                                                                        
    .\Drivers\
       rit128x96x4.obj                         1296    571       12     
       uartstdio.obj                           1160    46        5      
       UARTStdio_Initialization_LM3S1968.obj   60      0         4      
    +--+---------------------------------------+-------+---------+---------+
       Total:                                  2516    617       21     
                                                                        
    .\Source\
       tasks.obj                               3744    0         212    
       queue.obj                               2324    0         64     
       timers.obj                              1320    0         56     
       list.obj                                298     0         0      
    +--+---------------------------------------+-------+---------+---------+
       Total:                                  7686    0         332    
                                                                        
    .\Source\portable\CCS\ARM_CM3\
       port.obj                                240     0         8      
       portasm.obj                             128     0         0      
    +--+---------------------------------------+-------+---------+---------+
       Total:                                  368     0         8      
                                                                        
    .\Tasks\
       Task_CircuitSampling.obj                212     0         407    
       Task_ADC.obj                            344     0         14     
       Task_ButtonMonitor.obj                  236     0         11     
       Task_Blinky.obj                         84      0         0      
       Task_ReportSysTick.obj                  66      0         0      
    +--+---------------------------------------+-------+---------+---------+
       Total:                                  942     0         432    
                                                                        
    C:/TI_CodeComposer/StellarisWare-LM3S1968/driverlib/ccs-cm3/Debug/driverlib-cm3.lib
       sysctl.obj                              946     172       0      
       gpio.obj                                330     0         0      
       adc.obj                                 290     0         0      
       uart.obj                                134     0         0      
       ssi.obj                                 124     0         0      
    +--+---------------------------------------+-------+---------+---------+
       Total:                                  1824    172       0      
                                                                        
    C:\TI_CodeComposer\ccsv6\tools\compiler\ti-cgt-arm_15.12.1.LTS\lib\rtsv7M3_T_le_eabi.lib
       _printfi.obj                            4336    0         0      
       ull_div_t2.obj                          500     0         0      
       fd_add_t2.obj                           438     0         0      
       fd_div_t2.obj                           310     0         0      
       fd_cmp_t2.obj                           268     0         0      
       ctype.obj                               0       257       0      
       fd_mul_t2.obj                           252     0         0      
       s_scalbn.obj                            208     0         0      
       memcpy_t2.obj                           156     0         0      
       memset_t2.obj                           122     0         0      
       autoinit.obj                            112     0         0      
       copy_decompress_rle.obj                 112     0         0      
       exit.obj                                84      0         12     
       sprintf.obj                             96      0         0      
       s_frexp.obj                             92      0         0      
       ltoa.obj                                86      0         0      
       atoi.obj                                76      0         0      
       cpy_tbl.obj                             76      0         0      
       fd_toi_t2.obj                           72      0         0      
       boot.obj                                64      0         0      
       u_divt2.obj                             64      0         0      
       i_tofd_t2.obj                           46      0         0      
       _lock.obj                               20      0         8      
       memccpy.obj                             26      0         0      
       args_main.obj                           24      0         0      
       strchr.obj                              22      0         0      
       strlen.obj                              20      0         0      
       copy_decompress_none.obj                14      0         0      
       s_copysign.obj                          8       0         0      
       errno.obj                               0       0         4      
       pre_init.obj                            4       0         0      
       stkdepth_vars.obj                       0       0         4      
       i_div0.obj                              2       0         0      
       mpu_init.obj                            2       0         0      
       startup.obj                             2       0         0      
    +--+---------------------------------------+-------+---------+---------+
       Total:                                  7714    257       28     
                                                                        
       Stack:                                  0       0         2048   
       Linker Generated:                       0       67        0      
    +--+---------------------------------------+-------+---------+---------+
       Grand Total:                            21830   1627      53154  


LINKER GENERATED COPY TABLES

__TI_cinit_table @ 00005b9c records: 2, size/record: 8, table size: 16
	.data: load addr=00005b68, load size=00000020 bytes, run addr=2000cf30, run size=00000075 bytes, compression=rle
	.bss: load addr=00005b88, load size=0000000b bytes, run addr=20000000, run size=0000c72d bytes, compression=rle


LINKER GENERATED HANDLER TABLE

__TI_handler_table @ 00005b94 records: 2, size/record: 4, table size: 8
	index: 0, handler: __TI_decompress_rle24
	index: 1, handler: __TI_decompress_none


GLOBAL SYMBOLS: SORTED ALPHABETICALLY BY Name 

address   name                             
-------   ----                             
000056e3  ADCIntClear                      
000056ab  ADCIntEnable                     
000054c5  ADCIntStatus                     
000055e9  ADCProcessorTrigger              
0000554f  ADCSequenceConfigure             
00005579  ADCSequenceDataGet               
000056bb  ADCSequenceEnable                
00004f75  ADCSequenceStepConfigure         
2000c72c  ButtonIndex                      
0000520d  C$$EXIT                          
000054f3  GPIODirModeSet                   
00004b21  GPIOPadConfigSet                 
0000572f  GPIOPinRead                      
00005651  GPIOPinTypeGPIOInput             
00005663  GPIOPinTypeGPIOOutput            
00005675  GPIOPinTypeSSI                   
00005687  GPIOPinTypeUART                  
00005735  GPIOPinWrite                     
000041b9  Initialize_OLED                  
2000cfa4  OLED_Initialized                 
000030d5  RIT128x96x4Clear                 
00003353  RIT128x96x4Disable               
000034a5  RIT128x96x4DisplayOff            
00003471  RIT128x96x4DisplayOn             
000032f9  RIT128x96x4Enable                
00003271  RIT128x96x4ImageDraw             
000033cd  RIT128x96x4Init                  
00003131  RIT128x96x4StringDraw            
000056d7  ResetISR                         
UNDEFED   SHT$$INIT_ARRAY$$Base            
UNDEFED   SHT$$INIT_ARRAY$$Limit           
0000571f  SSIBusy                          
00005341  SSIConfigSetExpClk               
00005699  SSIDataGetNonBlocking            
000056ed  SSIDataPut                       
000056f7  SSIDisable                       
00005701  SSIEnable                        
2000c718  Status                           
00003ec9  SysCtlClockGet                   
00004301  SysCtlClockSet                   
0000573b  SysCtlDelay                      
00005109  SysCtlPeripheralEnable           
00004e8d  SysCtlPeripheralPresent          
00004061  Task_ADC                         
000051b9  Task_Blinky                      
00004891  Task_ButtonMonitor               
0000497d  Task_CircuitSampling             
00005385  Task_ReportSysTick               
0000570b  UARTCharGet                      
00005715  UARTCharPut                      
000053c7  UARTConfigSetExpClk              
00005599  UARTDisable                      
00005615  UARTEnable                       
000034dd  UARTStdioInit                    
000034ed  UARTStdioInitExpClk              
2000cf98  UARTStdioInitFlag                
00005489  UARTStdio_Initialization         
00003633  UARTgetc                         
0000357b  UARTgets                         
00003659  UARTprintf                       
00003535  UARTwrite                        
2000cf30  __STACK_END                      
00000800  __STACK_SIZE                     
2000c930  __STACK_TOP                      
00005b9c  __TI_CINIT_Base                  
00005bac  __TI_CINIT_Limit                 
00005b94  __TI_Handler_Table_Base          
00005b9c  __TI_Handler_Table_Limit         
00004f05  __TI_auto_init                   
2000cf5c  __TI_cleanup_ptr                 
000056c9  __TI_decompress_none             
00005741  __TI_decompress_rle24            
2000cf60  __TI_dtors_ptr                   
2000cf64  __TI_enable_exit_profile_output  
ffffffff  __TI_pprof_out_hndl              
00000feb  __TI_printfi                     
ffffffff  __TI_prof_data_size              
ffffffff  __TI_prof_data_start             
00000000  __TI_static_base__               
00004c85  __aeabi_cdcmpeq                  
00004c85  __aeabi_cdcmple                  
00004d0b  __aeabi_cdrcmple                 
000052f9  __aeabi_d2iz                     
00003d1b  __aeabi_dadd                     
00004445  __aeabi_ddiv                     
000046a5  __aeabi_dmul                     
00003d11  __aeabi_dsub                     
00005521  __aeabi_i2d                      
00003ec7  __aeabi_idiv0                    
00004e11  __aeabi_memclr                   
00004e11  __aeabi_memclr4                  
00004e11  __aeabi_memclr8                  
00004be9  __aeabi_memcpy                   
00004be9  __aeabi_memcpy4                  
00004be9  __aeabi_memcpy8                  
00004e13  __aeabi_memset                   
00004e13  __aeabi_memset4                  
00004e13  __aeabi_memset8                  
00005449  __aeabi_uidiv                    
00005449  __aeabi_uidivmod                 
00003965  __aeabi_uldivmod                 
ffffffff  __binit__                        
ffffffff  __c_args__                       
00004e8b  __mpu_init                       
2000c730  __stack                          
000055d1  _args_main                       
00005409  _c_int00                         
0000592c  _ctypes_                         
2000cf68  _lock                            
00005637  _nop                             
0000562f  _register_lock                   
00005629  _register_unlock                 
0000504b  _system_post_cinit               
00005747  _system_pre_init                 
2000cf6c  _unlock                          
00005211  abort                            
00005261  atoi                             
2000c71c  bSignal                          
2000cf8f  bState                           
ffffffff  binit                            
00004a03  changeState                      
00004133  chargeADC                        
2000c350  collection                       
000052ad  copy_in                          
00005727  copysign                         
00005727  copysignl                        
2000cf9c  errno                            
00005219  exit                             
000050ad  frexp                            
000050ad  frexpl                           
00000000  g_pfnVectors                     
2000c720  g_ulSystemClock                  
2000cf88  i                                
00004a51  ldexp                            
00004a51  ldexpl                           
00005161  ltoa                             
000041db  main                             
2000cfa0  main_func_sp                     
000055b5  memccpy                          
00004be9  memcpy                           
00004e19  memset                           
2000c724  pSignal                          
00002ba1  pcTimerGetTimerName              
0000413b  printCollection                  
00003b59  pvPortMalloc                     
00001d51  pvTaskIncrementMutexHeldCount    
00002f7d  pvTimerGetTimerID                
2000cf30  pxCurrentTCB                     
000047a1  pxPortInitialiseStack            
00004a51  scalbn                           
00004a51  scalbnl                          
0000504d  sprintf                          
000055ff  strchr                           
0000563d  strlen                           
00004dcd  ulPortSetInterruptMask           
00001d81  ulTaskNotifyTake                 
2000c728  ulValue                          
0000465d  uxListRemove                     
00002771  uxQueueMessagesWaiting           
000027a7  uxQueueMessagesWaitingFromISR    
00002787  uxQueueSpacesAvailable           
00001635  uxTaskGetNumberOfTasks           
00001d2b  uxTaskResetEventItemValue        
0000457b  vListInitialise                  
000045ab  vListInitialiseItem              
000045f7  vListInsert                      
000045bb  vListInsertEnd                   
00004ddb  vPortClearInterruptMask          
00004811  vPortEndScheduler                
0000481d  vPortEnterCritical               
0000482d  vPortExitCritical                
00003c85  vPortFree                        
00003ced  vPortInitialiseBlocks            
00004de1  vPortSVCHandler                  
00004869  vPortSetupTimerInterrupt         
00004dff  vPortStartFirstTask              
00004813  vPortYieldFromISR                
000029cd  vQueueAddToRegistry              
000027b9  vQueueDelete                     
00002a0f  vQueueUnregisterQueue            
00002a49  vQueueWaitForMessageRestricted   
00001481  vTaskDelay                       
000013f5  vTaskDelayUntil                  
0000151b  vTaskEndScheduler                
000019ff  vTaskMissedYield                 
000020a1  vTaskNotifyGiveFromISR           
000017a9  vTaskPlaceOnEventList            
00001831  vTaskPlaceOnEventListRestricted  
000017e1  vTaskPlaceOnUnorderedEventList   
00001c0d  vTaskPriorityInherit             
00001973  vTaskSetTimeOutState             
000014c1  vTaskStartScheduler              
0000152d  vTaskSuspendAll                  
00001729  vTaskSwitchContext               
00002f97  vTimerSetTimerID                 
00003ce7  xPortGetFreeHeapSize             
00004d91  xPortPendSVHandler               
000047e9  xPortStartScheduler              
2000cf7c  xPortSysTickCount                
00004845  xPortSysTickHandler              
00002375  xQueueCreateCountingSemaphore    
00002283  xQueueCreateMutex                
0000221d  xQueueGenericCreate              
0000257d  xQueueGenericReceive             
00002191  xQueueGenericReset               
00002395  xQueueGenericSend                
0000248d  xQueueGenericSendFromISR         
0000250b  xQueueGiveFromISR                
000022ef  xQueueGiveMutexRecursive         
00002969  xQueueIsQueueEmptyFromISR        
000029ab  xQueueIsQueueFullFromISR         
0000272d  xQueuePeekFromISR                
000026b5  xQueueReceiveFromISR             
2000c644  xQueueRegistry                   
0000232b  xQueueTakeMutexRecursive         
00001995  xTaskCheckForTimeOut             
000012f1  xTaskGenericCreate               
00001ec9  xTaskGenericNotify               
00001fa9  xTaskGenericNotifyFromISR        
00001bd1  xTaskGetCurrentTaskHandle        
00001be1  xTaskGetSchedulerState           
00001609  xTaskGetTickCount                
00001621  xTaskGetTickCountFromISR         
00001641  xTaskIncrementTick               
0000213d  xTaskNotifyStateClear            
00001e19  xTaskNotifyWait                  
00001cab  xTaskPriorityDisinherit          
00001875  xTaskRemoveFromEventList         
000018fd  xTaskRemoveFromUnorderedEventList
00001537  xTaskResumeAll                   
00002adf  xTimerCreate                     
00002aa5  xTimerCreateTimerTask            
00002b33  xTimerGenericCommand             
00002f51  xTimerIsTimerActive              


GLOBAL SYMBOLS: SORTED BY Symbol Address 

address   name                             
-------   ----                             
00000000  __TI_static_base__               
00000000  g_pfnVectors                     
00000800  __STACK_SIZE                     
00000feb  __TI_printfi                     
000012f1  xTaskGenericCreate               
000013f5  vTaskDelayUntil                  
00001481  vTaskDelay                       
000014c1  vTaskStartScheduler              
0000151b  vTaskEndScheduler                
0000152d  vTaskSuspendAll                  
00001537  xTaskResumeAll                   
00001609  xTaskGetTickCount                
00001621  xTaskGetTickCountFromISR         
00001635  uxTaskGetNumberOfTasks           
00001641  xTaskIncrementTick               
00001729  vTaskSwitchContext               
000017a9  vTaskPlaceOnEventList            
000017e1  vTaskPlaceOnUnorderedEventList   
00001831  vTaskPlaceOnEventListRestricted  
00001875  xTaskRemoveFromEventList         
000018fd  xTaskRemoveFromUnorderedEventList
00001973  vTaskSetTimeOutState             
00001995  xTaskCheckForTimeOut             
000019ff  vTaskMissedYield                 
00001bd1  xTaskGetCurrentTaskHandle        
00001be1  xTaskGetSchedulerState           
00001c0d  vTaskPriorityInherit             
00001cab  xTaskPriorityDisinherit          
00001d2b  uxTaskResetEventItemValue        
00001d51  pvTaskIncrementMutexHeldCount    
00001d81  ulTaskNotifyTake                 
00001e19  xTaskNotifyWait                  
00001ec9  xTaskGenericNotify               
00001fa9  xTaskGenericNotifyFromISR        
000020a1  vTaskNotifyGiveFromISR           
0000213d  xTaskNotifyStateClear            
00002191  xQueueGenericReset               
0000221d  xQueueGenericCreate              
00002283  xQueueCreateMutex                
000022ef  xQueueGiveMutexRecursive         
0000232b  xQueueTakeMutexRecursive         
00002375  xQueueCreateCountingSemaphore    
00002395  xQueueGenericSend                
0000248d  xQueueGenericSendFromISR         
0000250b  xQueueGiveFromISR                
0000257d  xQueueGenericReceive             
000026b5  xQueueReceiveFromISR             
0000272d  xQueuePeekFromISR                
00002771  uxQueueMessagesWaiting           
00002787  uxQueueSpacesAvailable           
000027a7  uxQueueMessagesWaitingFromISR    
000027b9  vQueueDelete                     
00002969  xQueueIsQueueEmptyFromISR        
000029ab  xQueueIsQueueFullFromISR         
000029cd  vQueueAddToRegistry              
00002a0f  vQueueUnregisterQueue            
00002a49  vQueueWaitForMessageRestricted   
00002aa5  xTimerCreateTimerTask            
00002adf  xTimerCreate                     
00002b33  xTimerGenericCommand             
00002ba1  pcTimerGetTimerName              
00002f51  xTimerIsTimerActive              
00002f7d  pvTimerGetTimerID                
00002f97  vTimerSetTimerID                 
000030d5  RIT128x96x4Clear                 
00003131  RIT128x96x4StringDraw            
00003271  RIT128x96x4ImageDraw             
000032f9  RIT128x96x4Enable                
00003353  RIT128x96x4Disable               
000033cd  RIT128x96x4Init                  
00003471  RIT128x96x4DisplayOn             
000034a5  RIT128x96x4DisplayOff            
000034dd  UARTStdioInit                    
000034ed  UARTStdioInitExpClk              
00003535  UARTwrite                        
0000357b  UARTgets                         
00003633  UARTgetc                         
00003659  UARTprintf                       
00003965  __aeabi_uldivmod                 
00003b59  pvPortMalloc                     
00003c85  vPortFree                        
00003ce7  xPortGetFreeHeapSize             
00003ced  vPortInitialiseBlocks            
00003d11  __aeabi_dsub                     
00003d1b  __aeabi_dadd                     
00003ec7  __aeabi_idiv0                    
00003ec9  SysCtlClockGet                   
00004061  Task_ADC                         
00004133  chargeADC                        
0000413b  printCollection                  
000041b9  Initialize_OLED                  
000041db  main                             
00004301  SysCtlClockSet                   
00004445  __aeabi_ddiv                     
0000457b  vListInitialise                  
000045ab  vListInitialiseItem              
000045bb  vListInsertEnd                   
000045f7  vListInsert                      
0000465d  uxListRemove                     
000046a5  __aeabi_dmul                     
000047a1  pxPortInitialiseStack            
000047e9  xPortStartScheduler              
00004811  vPortEndScheduler                
00004813  vPortYieldFromISR                
0000481d  vPortEnterCritical               
0000482d  vPortExitCritical                
00004845  xPortSysTickHandler              
00004869  vPortSetupTimerInterrupt         
00004891  Task_ButtonMonitor               
0000497d  Task_CircuitSampling             
00004a03  changeState                      
00004a51  ldexp                            
00004a51  ldexpl                           
00004a51  scalbn                           
00004a51  scalbnl                          
00004b21  GPIOPadConfigSet                 
00004be9  __aeabi_memcpy                   
00004be9  __aeabi_memcpy4                  
00004be9  __aeabi_memcpy8                  
00004be9  memcpy                           
00004c85  __aeabi_cdcmpeq                  
00004c85  __aeabi_cdcmple                  
00004d0b  __aeabi_cdrcmple                 
00004d91  xPortPendSVHandler               
00004dcd  ulPortSetInterruptMask           
00004ddb  vPortClearInterruptMask          
00004de1  vPortSVCHandler                  
00004dff  vPortStartFirstTask              
00004e11  __aeabi_memclr                   
00004e11  __aeabi_memclr4                  
00004e11  __aeabi_memclr8                  
00004e13  __aeabi_memset                   
00004e13  __aeabi_memset4                  
00004e13  __aeabi_memset8                  
00004e19  memset                           
00004e8b  __mpu_init                       
00004e8d  SysCtlPeripheralPresent          
00004f05  __TI_auto_init                   
00004f75  ADCSequenceStepConfigure         
0000504b  _system_post_cinit               
0000504d  sprintf                          
000050ad  frexp                            
000050ad  frexpl                           
00005109  SysCtlPeripheralEnable           
00005161  ltoa                             
000051b9  Task_Blinky                      
0000520d  C$$EXIT                          
00005211  abort                            
00005219  exit                             
00005261  atoi                             
000052ad  copy_in                          
000052f9  __aeabi_d2iz                     
00005341  SSIConfigSetExpClk               
00005385  Task_ReportSysTick               
000053c7  UARTConfigSetExpClk              
00005409  _c_int00                         
00005449  __aeabi_uidiv                    
00005449  __aeabi_uidivmod                 
00005489  UARTStdio_Initialization         
000054c5  ADCIntStatus                     
000054f3  GPIODirModeSet                   
00005521  __aeabi_i2d                      
0000554f  ADCSequenceConfigure             
00005579  ADCSequenceDataGet               
00005599  UARTDisable                      
000055b5  memccpy                          
000055d1  _args_main                       
000055e9  ADCProcessorTrigger              
000055ff  strchr                           
00005615  UARTEnable                       
00005629  _register_unlock                 
0000562f  _register_lock                   
00005637  _nop                             
0000563d  strlen                           
00005651  GPIOPinTypeGPIOInput             
00005663  GPIOPinTypeGPIOOutput            
00005675  GPIOPinTypeSSI                   
00005687  GPIOPinTypeUART                  
00005699  SSIDataGetNonBlocking            
000056ab  ADCIntEnable                     
000056bb  ADCSequenceEnable                
000056c9  __TI_decompress_none             
000056d7  ResetISR                         
000056e3  ADCIntClear                      
000056ed  SSIDataPut                       
000056f7  SSIDisable                       
00005701  SSIEnable                        
0000570b  UARTCharGet                      
00005715  UARTCharPut                      
0000571f  SSIBusy                          
00005727  copysign                         
00005727  copysignl                        
0000572f  GPIOPinRead                      
00005735  GPIOPinWrite                     
0000573b  SysCtlDelay                      
00005741  __TI_decompress_rle24            
00005747  _system_pre_init                 
0000592c  _ctypes_                         
00005b94  __TI_Handler_Table_Base          
00005b9c  __TI_CINIT_Base                  
00005b9c  __TI_Handler_Table_Limit         
00005bac  __TI_CINIT_Limit                 
2000c350  collection                       
2000c644  xQueueRegistry                   
2000c718  Status                           
2000c71c  bSignal                          
2000c720  g_ulSystemClock                  
2000c724  pSignal                          
2000c728  ulValue                          
2000c72c  ButtonIndex                      
2000c730  __stack                          
2000c930  __STACK_TOP                      
2000cf30  __STACK_END                      
2000cf30  pxCurrentTCB                     
2000cf5c  __TI_cleanup_ptr                 
2000cf60  __TI_dtors_ptr                   
2000cf64  __TI_enable_exit_profile_output  
2000cf68  _lock                            
2000cf6c  _unlock                          
2000cf7c  xPortSysTickCount                
2000cf88  i                                
2000cf8f  bState                           
2000cf98  UARTStdioInitFlag                
2000cf9c  errno                            
2000cfa0  main_func_sp                     
2000cfa4  OLED_Initialized                 
ffffffff  __TI_pprof_out_hndl              
ffffffff  __TI_prof_data_size              
ffffffff  __TI_prof_data_start             
ffffffff  __binit__                        
ffffffff  __c_args__                       
ffffffff  binit                            
UNDEFED   SHT$$INIT_ARRAY$$Base            
UNDEFED   SHT$$INIT_ARRAY$$Limit           

[234 symbols]
