<?xml version="1.0"?>
<link_info>
   <banner>TI ARM Linker PC v15.12.1.LTS</banner>
   <copyright>Copyright (c) 1996-2015 Texas Instruments Incorporated</copyright>
   <link_time>0x58f7bdb3</link_time>
   <link_errors>0x0</link_errors>
   <output_file>Project 8.out</output_file>
   <entry_point>
      <name>_c_int00</name>
      <address>0x57d1</address>
   </entry_point>
   <input_file_list>
      <input_file id="fl-2">
         <path>.\</path>
         <kind>object</kind>
         <file>FreeRTOS_LM3S_Startup.obj</file>
         <name>FreeRTOS_LM3S_Startup.obj</name>
      </input_file>
      <input_file id="fl-3">
         <path>.\</path>
         <kind>object</kind>
         <file>Main_Blinky.obj</file>
         <name>Main_Blinky.obj</name>
      </input_file>
      <input_file id="fl-4">
         <path>.\</path>
         <kind>object</kind>
         <file>heap_2.obj</file>
         <name>heap_2.obj</name>
      </input_file>
      <input_file id="fl-5">
         <path>.\Drivers\</path>
         <kind>object</kind>
         <file>UARTStdio_Initialization_LM3S1968.obj</file>
         <name>UARTStdio_Initialization_LM3S1968.obj</name>
      </input_file>
      <input_file id="fl-6">
         <path>.\Drivers\</path>
         <kind>object</kind>
         <file>rit128x96x4.obj</file>
         <name>rit128x96x4.obj</name>
      </input_file>
      <input_file id="fl-7">
         <path>.\Drivers\</path>
         <kind>object</kind>
         <file>uartstdio.obj</file>
         <name>uartstdio.obj</name>
      </input_file>
      <input_file id="fl-8">
         <path>.\Source\</path>
         <kind>object</kind>
         <file>croutine.obj</file>
         <name>croutine.obj</name>
      </input_file>
      <input_file id="fl-9">
         <path>.\Source\</path>
         <kind>object</kind>
         <file>event_groups.obj</file>
         <name>event_groups.obj</name>
      </input_file>
      <input_file id="fl-a">
         <path>.\Source\</path>
         <kind>object</kind>
         <file>list.obj</file>
         <name>list.obj</name>
      </input_file>
      <input_file id="fl-b">
         <path>.\Source\</path>
         <kind>object</kind>
         <file>queue.obj</file>
         <name>queue.obj</name>
      </input_file>
      <input_file id="fl-c">
         <path>.\Source\</path>
         <kind>object</kind>
         <file>tasks.obj</file>
         <name>tasks.obj</name>
      </input_file>
      <input_file id="fl-d">
         <path>.\Source\</path>
         <kind>object</kind>
         <file>timers.obj</file>
         <name>timers.obj</name>
      </input_file>
      <input_file id="fl-e">
         <path>.\Source\portable\CCS\ARM_CM3\</path>
         <kind>object</kind>
         <file>port.obj</file>
         <name>port.obj</name>
      </input_file>
      <input_file id="fl-f">
         <path>.\Source\portable\CCS\ARM_CM3\</path>
         <kind>object</kind>
         <file>portasm.obj</file>
         <name>portasm.obj</name>
      </input_file>
      <input_file id="fl-10">
         <path>.\Tasks\</path>
         <kind>object</kind>
         <file>Task_Blinky.obj</file>
         <name>Task_Blinky.obj</name>
      </input_file>
      <input_file id="fl-11">
         <path>.\Tasks\</path>
         <kind>object</kind>
         <file>Task_ReportSysTick.obj</file>
         <name>Task_ReportSysTick.obj</name>
      </input_file>
      <input_file id="fl-12">
         <path>.\Tasks\</path>
         <kind>object</kind>
         <file>Task_TimeOfDay.obj</file>
         <name>Task_TimeOfDay.obj</name>
      </input_file>
      <input_file id="fl-18">
         <path>C:\TI_CodeComposer\StellarisWare-LM3S1968\driverlib\ccs-cm3\Debug\</path>
         <kind>archive</kind>
         <file>driverlib-cm3.lib</file>
         <name>uart.obj</name>
      </input_file>
      <input_file id="fl-19">
         <path>C:\TI_CodeComposer\StellarisWare-LM3S1968\driverlib\ccs-cm3\Debug\</path>
         <kind>archive</kind>
         <file>driverlib-cm3.lib</file>
         <name>sysctl.obj</name>
      </input_file>
      <input_file id="fl-1a">
         <path>C:\TI_CodeComposer\StellarisWare-LM3S1968\driverlib\ccs-cm3\Debug\</path>
         <kind>archive</kind>
         <file>driverlib-cm3.lib</file>
         <name>ssi.obj</name>
      </input_file>
      <input_file id="fl-1b">
         <path>C:\TI_CodeComposer\StellarisWare-LM3S1968\driverlib\ccs-cm3\Debug\</path>
         <kind>archive</kind>
         <file>driverlib-cm3.lib</file>
         <name>interrupt.obj</name>
      </input_file>
      <input_file id="fl-1c">
         <path>C:\TI_CodeComposer\StellarisWare-LM3S1968\driverlib\ccs-cm3\Debug\</path>
         <kind>archive</kind>
         <file>driverlib-cm3.lib</file>
         <name>gpio.obj</name>
      </input_file>
      <input_file id="fl-1d">
         <path>C:\TI_CodeComposer\StellarisWare-LM3S1968\driverlib\ccs-cm3\Debug\</path>
         <kind>archive</kind>
         <file>driverlib-cm3.lib</file>
         <name>cpu.obj</name>
      </input_file>
      <input_file id="fl-d3">
         <path>C:\TI_CodeComposer\ccsv6\tools\compiler\ti-cgt-arm_15.12.1.LTS\lib\</path>
         <kind>archive</kind>
         <file>rtsv7M3_T_le_eabi.lib</file>
         <name>boot.obj</name>
      </input_file>
      <input_file id="fl-d4">
         <path>C:\TI_CodeComposer\ccsv6\tools\compiler\ti-cgt-arm_15.12.1.LTS\lib\</path>
         <kind>archive</kind>
         <file>rtsv7M3_T_le_eabi.lib</file>
         <name>copy_decompress_none.obj</name>
      </input_file>
      <input_file id="fl-d5">
         <path>C:\TI_CodeComposer\ccsv6\tools\compiler\ti-cgt-arm_15.12.1.LTS\lib\</path>
         <kind>archive</kind>
         <file>rtsv7M3_T_le_eabi.lib</file>
         <name>copy_decompress_rle.obj</name>
      </input_file>
      <input_file id="fl-d6">
         <path>C:\TI_CodeComposer\ccsv6\tools\compiler\ti-cgt-arm_15.12.1.LTS\lib\</path>
         <kind>archive</kind>
         <file>rtsv7M3_T_le_eabi.lib</file>
         <name>copy_zero_init.obj</name>
      </input_file>
      <input_file id="fl-d7">
         <path>C:\TI_CodeComposer\ccsv6\tools\compiler\ti-cgt-arm_15.12.1.LTS\lib\</path>
         <kind>archive</kind>
         <file>rtsv7M3_T_le_eabi.lib</file>
         <name>exit.obj</name>
      </input_file>
      <input_file id="fl-d8">
         <path>C:\TI_CodeComposer\ccsv6\tools\compiler\ti-cgt-arm_15.12.1.LTS\lib\</path>
         <kind>archive</kind>
         <file>rtsv7M3_T_le_eabi.lib</file>
         <name>memcpy_t2.obj</name>
      </input_file>
      <input_file id="fl-d9">
         <path>C:\TI_CodeComposer\ccsv6\tools\compiler\ti-cgt-arm_15.12.1.LTS\lib\</path>
         <kind>archive</kind>
         <file>rtsv7M3_T_le_eabi.lib</file>
         <name>memset_t2.obj</name>
      </input_file>
      <input_file id="fl-da">
         <path>C:\TI_CodeComposer\ccsv6\tools\compiler\ti-cgt-arm_15.12.1.LTS\lib\</path>
         <kind>archive</kind>
         <file>rtsv7M3_T_le_eabi.lib</file>
         <name>mpu_init.obj</name>
      </input_file>
      <input_file id="fl-db">
         <path>C:\TI_CodeComposer\ccsv6\tools\compiler\ti-cgt-arm_15.12.1.LTS\lib\</path>
         <kind>archive</kind>
         <file>rtsv7M3_T_le_eabi.lib</file>
         <name>pre_init.obj</name>
      </input_file>
      <input_file id="fl-dc">
         <path>C:\TI_CodeComposer\ccsv6\tools\compiler\ti-cgt-arm_15.12.1.LTS\lib\</path>
         <kind>archive</kind>
         <file>rtsv7M3_T_le_eabi.lib</file>
         <name>sprintf.obj</name>
      </input_file>
      <input_file id="fl-dd">
         <path>C:\TI_CodeComposer\ccsv6\tools\compiler\ti-cgt-arm_15.12.1.LTS\lib\</path>
         <kind>archive</kind>
         <file>rtsv7M3_T_le_eabi.lib</file>
         <name>stkdepth_vars.obj</name>
      </input_file>
      <input_file id="fl-de">
         <path>C:\TI_CodeComposer\ccsv6\tools\compiler\ti-cgt-arm_15.12.1.LTS\lib\</path>
         <kind>archive</kind>
         <file>rtsv7M3_T_le_eabi.lib</file>
         <name>u_divt2.obj</name>
      </input_file>
      <input_file id="fl-df">
         <path>C:\TI_CodeComposer\ccsv6\tools\compiler\ti-cgt-arm_15.12.1.LTS\lib\</path>
         <kind>archive</kind>
         <file>rtsv7M3_T_le_eabi.lib</file>
         <name>_lock.obj</name>
      </input_file>
      <input_file id="fl-e0">
         <path>C:\TI_CodeComposer\ccsv6\tools\compiler\ti-cgt-arm_15.12.1.LTS\lib\</path>
         <kind>archive</kind>
         <file>rtsv7M3_T_le_eabi.lib</file>
         <name>_printfi.obj</name>
      </input_file>
      <input_file id="fl-e1">
         <path>C:\TI_CodeComposer\ccsv6\tools\compiler\ti-cgt-arm_15.12.1.LTS\lib\</path>
         <kind>archive</kind>
         <file>rtsv7M3_T_le_eabi.lib</file>
         <name>args_main.obj</name>
      </input_file>
      <input_file id="fl-e2">
         <path>C:\TI_CodeComposer\ccsv6\tools\compiler\ti-cgt-arm_15.12.1.LTS\lib\</path>
         <kind>archive</kind>
         <file>rtsv7M3_T_le_eabi.lib</file>
         <name>atoi.obj</name>
      </input_file>
      <input_file id="fl-e3">
         <path>C:\TI_CodeComposer\ccsv6\tools\compiler\ti-cgt-arm_15.12.1.LTS\lib\</path>
         <kind>archive</kind>
         <file>rtsv7M3_T_le_eabi.lib</file>
         <name>autoinit.obj</name>
      </input_file>
      <input_file id="fl-e4">
         <path>C:\TI_CodeComposer\ccsv6\tools\compiler\ti-cgt-arm_15.12.1.LTS\lib\</path>
         <kind>archive</kind>
         <file>rtsv7M3_T_le_eabi.lib</file>
         <name>cpy_tbl.obj</name>
      </input_file>
      <input_file id="fl-e5">
         <path>C:\TI_CodeComposer\ccsv6\tools\compiler\ti-cgt-arm_15.12.1.LTS\lib\</path>
         <kind>archive</kind>
         <file>rtsv7M3_T_le_eabi.lib</file>
         <name>ctype.obj</name>
      </input_file>
      <input_file id="fl-e6">
         <path>C:\TI_CodeComposer\ccsv6\tools\compiler\ti-cgt-arm_15.12.1.LTS\lib\</path>
         <kind>archive</kind>
         <file>rtsv7M3_T_le_eabi.lib</file>
         <name>fd_add_t2.obj</name>
      </input_file>
      <input_file id="fl-e7">
         <path>C:\TI_CodeComposer\ccsv6\tools\compiler\ti-cgt-arm_15.12.1.LTS\lib\</path>
         <kind>archive</kind>
         <file>rtsv7M3_T_le_eabi.lib</file>
         <name>fd_cmp_t2.obj</name>
      </input_file>
      <input_file id="fl-e8">
         <path>C:\TI_CodeComposer\ccsv6\tools\compiler\ti-cgt-arm_15.12.1.LTS\lib\</path>
         <kind>archive</kind>
         <file>rtsv7M3_T_le_eabi.lib</file>
         <name>fd_div_t2.obj</name>
      </input_file>
      <input_file id="fl-e9">
         <path>C:\TI_CodeComposer\ccsv6\tools\compiler\ti-cgt-arm_15.12.1.LTS\lib\</path>
         <kind>archive</kind>
         <file>rtsv7M3_T_le_eabi.lib</file>
         <name>fd_mul_t2.obj</name>
      </input_file>
      <input_file id="fl-ea">
         <path>C:\TI_CodeComposer\ccsv6\tools\compiler\ti-cgt-arm_15.12.1.LTS\lib\</path>
         <kind>archive</kind>
         <file>rtsv7M3_T_le_eabi.lib</file>
         <name>fd_toi_t2.obj</name>
      </input_file>
      <input_file id="fl-eb">
         <path>C:\TI_CodeComposer\ccsv6\tools\compiler\ti-cgt-arm_15.12.1.LTS\lib\</path>
         <kind>archive</kind>
         <file>rtsv7M3_T_le_eabi.lib</file>
         <name>i_div0.obj</name>
      </input_file>
      <input_file id="fl-ec">
         <path>C:\TI_CodeComposer\ccsv6\tools\compiler\ti-cgt-arm_15.12.1.LTS\lib\</path>
         <kind>archive</kind>
         <file>rtsv7M3_T_le_eabi.lib</file>
         <name>i_tofd_t2.obj</name>
      </input_file>
      <input_file id="fl-ed">
         <path>C:\TI_CodeComposer\ccsv6\tools\compiler\ti-cgt-arm_15.12.1.LTS\lib\</path>
         <kind>archive</kind>
         <file>rtsv7M3_T_le_eabi.lib</file>
         <name>ltoa.obj</name>
      </input_file>
      <input_file id="fl-ee">
         <path>C:\TI_CodeComposer\ccsv6\tools\compiler\ti-cgt-arm_15.12.1.LTS\lib\</path>
         <kind>archive</kind>
         <file>rtsv7M3_T_le_eabi.lib</file>
         <name>memccpy.obj</name>
      </input_file>
      <input_file id="fl-ef">
         <path>C:\TI_CodeComposer\ccsv6\tools\compiler\ti-cgt-arm_15.12.1.LTS\lib\</path>
         <kind>archive</kind>
         <file>rtsv7M3_T_le_eabi.lib</file>
         <name>s_frexp.obj</name>
      </input_file>
      <input_file id="fl-f0">
         <path>C:\TI_CodeComposer\ccsv6\tools\compiler\ti-cgt-arm_15.12.1.LTS\lib\</path>
         <kind>archive</kind>
         <file>rtsv7M3_T_le_eabi.lib</file>
         <name>s_scalbn.obj</name>
      </input_file>
      <input_file id="fl-f1">
         <path>C:\TI_CodeComposer\ccsv6\tools\compiler\ti-cgt-arm_15.12.1.LTS\lib\</path>
         <kind>archive</kind>
         <file>rtsv7M3_T_le_eabi.lib</file>
         <name>startup.obj</name>
      </input_file>
      <input_file id="fl-f2">
         <path>C:\TI_CodeComposer\ccsv6\tools\compiler\ti-cgt-arm_15.12.1.LTS\lib\</path>
         <kind>archive</kind>
         <file>rtsv7M3_T_le_eabi.lib</file>
         <name>strchr.obj</name>
      </input_file>
      <input_file id="fl-f3">
         <path>C:\TI_CodeComposer\ccsv6\tools\compiler\ti-cgt-arm_15.12.1.LTS\lib\</path>
         <kind>archive</kind>
         <file>rtsv7M3_T_le_eabi.lib</file>
         <name>strlen.obj</name>
      </input_file>
      <input_file id="fl-f4">
         <path>C:\TI_CodeComposer\ccsv6\tools\compiler\ti-cgt-arm_15.12.1.LTS\lib\</path>
         <kind>archive</kind>
         <file>rtsv7M3_T_le_eabi.lib</file>
         <name>ull_div_t2.obj</name>
      </input_file>
      <input_file id="fl-f5">
         <path>C:\TI_CodeComposer\ccsv6\tools\compiler\ti-cgt-arm_15.12.1.LTS\lib\</path>
         <kind>archive</kind>
         <file>rtsv7M3_T_le_eabi.lib</file>
         <name>errno.obj</name>
      </input_file>
      <input_file id="fl-f6">
         <path>C:\TI_CodeComposer\ccsv6\tools\compiler\ti-cgt-arm_15.12.1.LTS\lib\</path>
         <kind>archive</kind>
         <file>rtsv7M3_T_le_eabi.lib</file>
         <name>s_copysign.obj</name>
      </input_file>
   </input_file_list>
   <object_component_list>
      <object_component id="oc-f">
         <name>.intvecs</name>
         <load_address>0x0</load_address>
         <run_address>0x0</run_address>
         <size>0x200</size>
         <input_file_ref idref="fl-2"/>
      </object_component>
      <object_component id="oc-17f">
         <name>.text</name>
         <load_address>0x200</load_address>
         <run_address>0x200</run_address>
         <size>0x10f0</size>
         <input_file_ref idref="fl-e0"/>
      </object_component>
      <object_component id="oc-92">
         <name>.text</name>
         <load_address>0x12f0</load_address>
         <run_address>0x12f0</run_address>
         <size>0xea0</size>
         <input_file_ref idref="fl-c"/>
      </object_component>
      <object_component id="oc-21a">
         <name>.text</name>
         <load_address>0x2190</load_address>
         <run_address>0x2190</run_address>
         <size>0x914</size>
         <input_file_ref idref="fl-b"/>
      </object_component>
      <object_component id="oc-3f">
         <name>.text</name>
         <load_address>0x2aa4</load_address>
         <run_address>0x2aa4</run_address>
         <size>0x6d8</size>
         <input_file_ref idref="fl-12"/>
      </object_component>
      <object_component id="oc-121">
         <name>.text</name>
         <load_address>0x317c</load_address>
         <run_address>0x317c</run_address>
         <size>0x528</size>
         <input_file_ref idref="fl-d"/>
      </object_component>
      <object_component id="oc-cc">
         <name>.text</name>
         <load_address>0x36a4</load_address>
         <run_address>0x36a4</run_address>
         <size>0x510</size>
         <input_file_ref idref="fl-6"/>
      </object_component>
      <object_component id="oc-1ec">
         <name>.text</name>
         <load_address>0x3bb4</load_address>
         <run_address>0x3bb4</run_address>
         <size>0x488</size>
         <input_file_ref idref="fl-7"/>
      </object_component>
      <object_component id="oc-268">
         <name>.text</name>
         <load_address>0x403c</load_address>
         <run_address>0x403c</run_address>
         <size>0x1f4</size>
         <input_file_ref idref="fl-f4"/>
      </object_component>
      <object_component id="oc-130">
         <name>.text</name>
         <load_address>0x4230</load_address>
         <run_address>0x4230</run_address>
         <size>0x1b8</size>
         <input_file_ref idref="fl-4"/>
      </object_component>
      <object_component id="oc-297">
         <name>.text</name>
         <load_address>0x43e8</load_address>
         <run_address>0x43e8</run_address>
         <size>0x1b6</size>
         <input_file_ref idref="fl-e6"/>
      </object_component>
      <object_component id="oc-16d">
         <name>.text:IntDefaultHandler</name>
         <load_address>0x459e</load_address>
         <run_address>0x459e</run_address>
         <size>0x2</size>
         <input_file_ref idref="fl-1b"/>
      </object_component>
      <object_component id="oc-19f">
         <name>.text:SysCtlClockGet</name>
         <load_address>0x45a0</load_address>
         <run_address>0x45a0</run_address>
         <size>0x198</size>
         <input_file_ref idref="fl-19"/>
      </object_component>
      <object_component id="oc-1e2">
         <name>.text:SysCtlClockSet</name>
         <load_address>0x4738</load_address>
         <run_address>0x4738</run_address>
         <size>0x144</size>
         <input_file_ref idref="fl-19"/>
      </object_component>
      <object_component id="oc-27d">
         <name>.text</name>
         <load_address>0x487c</load_address>
         <run_address>0x487c</run_address>
         <size>0x136</size>
         <input_file_ref idref="fl-e8"/>
      </object_component>
      <object_component id="oc-11b">
         <name>.text</name>
         <load_address>0x49b2</load_address>
         <run_address>0x49b2</run_address>
         <size>0x12a</size>
         <input_file_ref idref="fl-a"/>
      </object_component>
      <object_component id="oc-278">
         <name>.text</name>
         <load_address>0x4adc</load_address>
         <run_address>0x4adc</run_address>
         <size>0xfc</size>
         <input_file_ref idref="fl-e9"/>
      </object_component>
      <object_component id="oc-108">
         <name>.text</name>
         <load_address>0x4bd8</load_address>
         <run_address>0x4bd8</run_address>
         <size>0xf4</size>
         <input_file_ref idref="fl-3"/>
      </object_component>
      <object_component id="oc-39">
         <name>.text</name>
         <load_address>0x4ccc</load_address>
         <run_address>0x4ccc</run_address>
         <size>0xf0</size>
         <input_file_ref idref="fl-e"/>
      </object_component>
      <object_component id="oc-2a2">
         <name>.text</name>
         <load_address>0x4dbc</load_address>
         <run_address>0x4dbc</run_address>
         <size>0xd0</size>
         <input_file_ref idref="fl-f0"/>
      </object_component>
      <object_component id="oc-1ab">
         <name>.text:GPIOPadConfigSet</name>
         <load_address>0x4e8c</load_address>
         <run_address>0x4e8c</run_address>
         <size>0xc8</size>
         <input_file_ref idref="fl-1c"/>
      </object_component>
      <object_component id="oc-48">
         <name>.text</name>
         <load_address>0x4f54</load_address>
         <run_address>0x4f54</run_address>
         <size>0x9c</size>
         <input_file_ref idref="fl-d8"/>
      </object_component>
      <object_component id="oc-273">
         <name>.text:__aeabi_cdcmple</name>
         <load_address>0x4ff0</load_address>
         <run_address>0x4ff0</run_address>
         <size>0x86</size>
         <input_file_ref idref="fl-e7"/>
      </object_component>
      <object_component id="oc-282">
         <name>.text:__aeabi_cdrcmple</name>
         <load_address>0x5076</load_address>
         <run_address>0x5076</run_address>
         <size>0x86</size>
         <input_file_ref idref="fl-e7"/>
      </object_component>
      <object_component id="oc-34">
         <name>.text</name>
         <load_address>0x50fc</load_address>
         <run_address>0x50fc</run_address>
         <size>0x80</size>
         <input_file_ref idref="fl-f"/>
      </object_component>
      <object_component id="oc-61">
         <name>.text</name>
         <load_address>0x517c</load_address>
         <run_address>0x517c</run_address>
         <size>0x7a</size>
         <input_file_ref idref="fl-d9"/>
      </object_component>
      <object_component id="oc-3a2">
         <name>.text</name>
         <load_address>0x51f6</load_address>
         <run_address>0x51f6</run_address>
         <size>0x2</size>
         <input_file_ref idref="fl-eb"/>
      </object_component>
      <object_component id="oc-2ff">
         <name>.text:SysCtlPeripheralPresent</name>
         <load_address>0x51f8</load_address>
         <run_address>0x51f8</run_address>
         <size>0x78</size>
         <input_file_ref idref="fl-19"/>
      </object_component>
      <object_component id="oc-79">
         <name>.text</name>
         <load_address>0x5270</load_address>
         <run_address>0x5270</run_address>
         <size>0x70</size>
         <input_file_ref idref="fl-e3"/>
      </object_component>
      <object_component id="oc-54">
         <name>.text</name>
         <load_address>0x52e0</load_address>
         <run_address>0x52e0</run_address>
         <size>0x6a</size>
         <input_file_ref idref="fl-d5"/>
      </object_component>
      <object_component id="oc-6d">
         <name>.text</name>
         <load_address>0x534a</load_address>
         <run_address>0x534a</run_address>
         <size>0x2</size>
         <input_file_ref idref="fl-da"/>
      </object_component>
      <object_component id="oc-b6">
         <name>.text:IntDisable</name>
         <load_address>0x534c</load_address>
         <run_address>0x534c</run_address>
         <size>0x64</size>
         <input_file_ref idref="fl-1b"/>
      </object_component>
      <object_component id="oc-b2">
         <name>.text:IntEnable</name>
         <load_address>0x53b0</load_address>
         <run_address>0x53b0</run_address>
         <size>0x64</size>
         <input_file_ref idref="fl-1b"/>
      </object_component>
      <object_component id="oc-c6">
         <name>.text</name>
         <load_address>0x5414</load_address>
         <run_address>0x5414</run_address>
         <size>0x60</size>
         <input_file_ref idref="fl-dc"/>
      </object_component>
      <object_component id="oc-29c">
         <name>.text</name>
         <load_address>0x5474</load_address>
         <run_address>0x5474</run_address>
         <size>0x5c</size>
         <input_file_ref idref="fl-ef"/>
      </object_component>
      <object_component id="oc-be">
         <name>.text:SysCtlPeripheralEnable</name>
         <load_address>0x54d0</load_address>
         <run_address>0x54d0</run_address>
         <size>0x58</size>
         <input_file_ref idref="fl-19"/>
      </object_component>
      <object_component id="oc-28c">
         <name>.text</name>
         <load_address>0x5528</load_address>
         <run_address>0x5528</run_address>
         <size>0x56</size>
         <input_file_ref idref="fl-ed"/>
      </object_component>
      <object_component id="oc-100">
         <name>.text</name>
         <load_address>0x557e</load_address>
         <run_address>0x557e</run_address>
         <size>0x2</size>
         <input_file_ref idref="fl-f1"/>
      </object_component>
      <object_component id="oc-1f6">
         <name>.text</name>
         <load_address>0x5580</load_address>
         <run_address>0x5580</run_address>
         <size>0x54</size>
         <input_file_ref idref="fl-10"/>
      </object_component>
      <object_component id="oc-85">
         <name>.text</name>
         <load_address>0x55d4</load_address>
         <run_address>0x55d4</run_address>
         <size>0x54</size>
         <input_file_ref idref="fl-d7"/>
      </object_component>
      <object_component id="oc-2b4">
         <name>.text</name>
         <load_address>0x5628</load_address>
         <run_address>0x5628</run_address>
         <size>0x4c</size>
         <input_file_ref idref="fl-e2"/>
      </object_component>
      <object_component id="oc-fa">
         <name>.text</name>
         <load_address>0x5674</load_address>
         <run_address>0x5674</run_address>
         <size>0x4c</size>
         <input_file_ref idref="fl-e4"/>
      </object_component>
      <object_component id="oc-287">
         <name>.text</name>
         <load_address>0x56c0</load_address>
         <run_address>0x56c0</run_address>
         <size>0x48</size>
         <input_file_ref idref="fl-ea"/>
      </object_component>
      <object_component id="oc-1a3">
         <name>.text:SSIConfigSetExpClk</name>
         <load_address>0x5708</load_address>
         <run_address>0x5708</run_address>
         <size>0x44</size>
         <input_file_ref idref="fl-1a"/>
      </object_component>
      <object_component id="oc-1fc">
         <name>.text</name>
         <load_address>0x574c</load_address>
         <run_address>0x574c</run_address>
         <size>0x42</size>
         <input_file_ref idref="fl-11"/>
      </object_component>
      <object_component id="oc-303">
         <name>.text:UARTConfigSetExpClk</name>
         <load_address>0x578e</load_address>
         <run_address>0x578e</run_address>
         <size>0x42</size>
         <input_file_ref idref="fl-18"/>
      </object_component>
      <object_component id="oc-24">
         <name>.text</name>
         <load_address>0x57d0</load_address>
         <run_address>0x57d0</run_address>
         <size>0x40</size>
         <input_file_ref idref="fl-d3"/>
      </object_component>
      <object_component id="oc-31c">
         <name>.text</name>
         <load_address>0x5810</load_address>
         <run_address>0x5810</run_address>
         <size>0x40</size>
         <input_file_ref idref="fl-de"/>
      </object_component>
      <object_component id="oc-1e6">
         <name>.text</name>
         <load_address>0x5850</load_address>
         <run_address>0x5850</run_address>
         <size>0x3c</size>
         <input_file_ref idref="fl-5"/>
      </object_component>
      <object_component id="oc-ae">
         <name>.text:IntRegister</name>
         <load_address>0x588c</load_address>
         <run_address>0x588c</run_address>
         <size>0x34</size>
         <input_file_ref idref="fl-1b"/>
      </object_component>
      <object_component id="oc-2d9">
         <name>.text:GPIODirModeSet</name>
         <load_address>0x58c0</load_address>
         <run_address>0x58c0</run_address>
         <size>0x2e</size>
         <input_file_ref idref="fl-1c"/>
      </object_component>
      <object_component id="oc-292">
         <name>.text</name>
         <load_address>0x58ee</load_address>
         <run_address>0x58ee</run_address>
         <size>0x2e</size>
         <input_file_ref idref="fl-ec"/>
      </object_component>
      <object_component id="oc-393">
         <name>.text:UARTDisable</name>
         <load_address>0x591c</load_address>
         <run_address>0x591c</run_address>
         <size>0x1c</size>
         <input_file_ref idref="fl-18"/>
      </object_component>
      <object_component id="oc-2ae">
         <name>.text</name>
         <load_address>0x5938</load_address>
         <run_address>0x5938</run_address>
         <size>0x1a</size>
         <input_file_ref idref="fl-ee"/>
      </object_component>
      <object_component id="oc-7f">
         <name>.text</name>
         <load_address>0x5954</load_address>
         <run_address>0x5954</run_address>
         <size>0x18</size>
         <input_file_ref idref="fl-e1"/>
      </object_component>
      <object_component id="oc-2a8">
         <name>.text</name>
         <load_address>0x596c</load_address>
         <run_address>0x596c</run_address>
         <size>0x16</size>
         <input_file_ref idref="fl-f2"/>
      </object_component>
      <object_component id="oc-ba">
         <name>.text:IntUnregister</name>
         <load_address>0x5984</load_address>
         <run_address>0x5984</run_address>
         <size>0x14</size>
         <input_file_ref idref="fl-1b"/>
      </object_component>
      <object_component id="oc-307">
         <name>.text:UARTEnable</name>
         <load_address>0x5998</load_address>
         <run_address>0x5998</run_address>
         <size>0x14</size>
         <input_file_ref idref="fl-18"/>
      </object_component>
      <object_component id="oc-20c">
         <name>.text</name>
         <load_address>0x59ac</load_address>
         <run_address>0x59ac</run_address>
         <size>0x14</size>
         <input_file_ref idref="fl-df"/>
      </object_component>
      <object_component id="oc-26d">
         <name>.text</name>
         <load_address>0x59c0</load_address>
         <run_address>0x59c0</run_address>
         <size>0x14</size>
         <input_file_ref idref="fl-f3"/>
      </object_component>
      <object_component id="oc-1b7">
         <name>.text:GPIOPinTypeGPIOOutput</name>
         <load_address>0x59d4</load_address>
         <run_address>0x59d4</run_address>
         <size>0x12</size>
         <input_file_ref idref="fl-1c"/>
      </object_component>
      <object_component id="oc-1a7">
         <name>.text:GPIOPinTypeSSI</name>
         <load_address>0x59e6</load_address>
         <run_address>0x59e6</run_address>
         <size>0x12</size>
         <input_file_ref idref="fl-1c"/>
      </object_component>
      <object_component id="oc-2f7">
         <name>.text:GPIOPinTypeUART</name>
         <load_address>0x59f8</load_address>
         <run_address>0x59f8</run_address>
         <size>0x12</size>
         <input_file_ref idref="fl-1c"/>
      </object_component>
      <object_component id="oc-1b3">
         <name>.text:SSIDataGetNonBlocking</name>
         <load_address>0x5a0a</load_address>
         <run_address>0x5a0a</run_address>
         <size>0x12</size>
         <input_file_ref idref="fl-1a"/>
      </object_component>
      <object_component id="oc-12">
         <name>.text:decompress:none</name>
         <load_address>0x5a1c</load_address>
         <run_address>0x5a1c</run_address>
         <size>0xe</size>
         <input_file_ref idref="fl-d4"/>
      </object_component>
      <object_component id="oc-176">
         <name>.text:CPUcpsie</name>
         <load_address>0x5a2a</load_address>
         <run_address>0x5a2a</run_address>
         <size>0xc</size>
         <input_file_ref idref="fl-1d"/>
      </object_component>
      <object_component id="oc-2e">
         <name>.text</name>
         <load_address>0x5a36</load_address>
         <run_address>0x5a36</run_address>
         <size>0xc</size>
         <input_file_ref idref="fl-2"/>
      </object_component>
      <object_component id="oc-c2">
         <name>.text:IntMasterEnable</name>
         <load_address>0x5a42</load_address>
         <run_address>0x5a42</run_address>
         <size>0xa</size>
         <input_file_ref idref="fl-1b"/>
      </object_component>
      <object_component id="oc-194">
         <name>.text:SSIDataPut</name>
         <load_address>0x5a4c</load_address>
         <run_address>0x5a4c</run_address>
         <size>0xa</size>
         <input_file_ref idref="fl-1a"/>
      </object_component>
      <object_component id="oc-19b">
         <name>.text:SSIDisable</name>
         <load_address>0x5a56</load_address>
         <run_address>0x5a56</run_address>
         <size>0xa</size>
         <input_file_ref idref="fl-1a"/>
      </object_component>
      <object_component id="oc-1af">
         <name>.text:SSIEnable</name>
         <load_address>0x5a60</load_address>
         <run_address>0x5a60</run_address>
         <size>0xa</size>
         <input_file_ref idref="fl-1a"/>
      </object_component>
      <object_component id="oc-30f">
         <name>.text:UARTCharGet</name>
         <load_address>0x5a6a</load_address>
         <run_address>0x5a6a</run_address>
         <size>0xa</size>
         <input_file_ref idref="fl-18"/>
      </object_component>
      <object_component id="oc-30b">
         <name>.text:UARTCharPut</name>
         <load_address>0x5a74</load_address>
         <run_address>0x5a74</run_address>
         <size>0xa</size>
         <input_file_ref idref="fl-18"/>
      </object_component>
      <object_component id="oc-18c">
         <name>.text:SSIBusy</name>
         <load_address>0x5a7e</load_address>
         <run_address>0x5a7e</run_address>
         <size>0x8</size>
         <input_file_ref idref="fl-1a"/>
      </object_component>
      <object_component id="oc-36d">
         <name>.text</name>
         <load_address>0x5a86</load_address>
         <run_address>0x5a86</run_address>
         <size>0x8</size>
         <input_file_ref idref="fl-f6"/>
      </object_component>
      <object_component id="oc-328">
         <name>.text:GPIOPinRead</name>
         <load_address>0x5a8e</load_address>
         <run_address>0x5a8e</run_address>
         <size>0x6</size>
         <input_file_ref idref="fl-1c"/>
      </object_component>
      <object_component id="oc-190">
         <name>.text:GPIOPinWrite</name>
         <load_address>0x5a94</load_address>
         <run_address>0x5a94</run_address>
         <size>0x6</size>
         <input_file_ref idref="fl-1c"/>
      </object_component>
      <object_component id="oc-2f5">
         <name>.text:SysCtlDelay</name>
         <load_address>0x5a9a</load_address>
         <run_address>0x5a9a</run_address>
         <size>0x6</size>
         <input_file_ref idref="fl-19"/>
      </object_component>
      <object_component id="oc-18">
         <name>.text:decompress:rle24</name>
         <load_address>0x5aa0</load_address>
         <run_address>0x5aa0</run_address>
         <size>0x6</size>
         <input_file_ref idref="fl-d5"/>
      </object_component>
      <object_component id="oc-73">
         <name>.text</name>
         <load_address>0x5aa6</load_address>
         <run_address>0x5aa6</run_address>
         <size>0x4</size>
         <input_file_ref idref="fl-db"/>
      </object_component>
      <object_component id="oc-1c6">
         <name>.const:g_pucFont</name>
         <load_address>0x5aac</load_address>
         <run_address>0x5aac</run_address>
         <size>0x1e0</size>
         <input_file_ref idref="fl-6"/>
      </object_component>
      <object_component id="oc-37c">
         <name>.const:.string:_ctypes_</name>
         <load_address>0x5c8c</load_address>
         <run_address>0x5c8c</run_address>
         <size>0x101</size>
         <input_file_ref idref="fl-e5"/>
      </object_component>
      <object_component id="oc-1be">
         <name>.const:.string:pucCommand1$1</name>
         <load_address>0x5d8d</load_address>
         <run_address>0x5d8d</run_address>
         <size>0x3</size>
         <input_file_ref idref="fl-6"/>
      </object_component>
      <object_component id="oc-169">
         <name>.const</name>
         <load_address>0x5d90</load_address>
         <run_address>0x5d90</run_address>
         <size>0x70</size>
         <input_file_ref idref="fl-1b"/>
      </object_component>
      <object_component id="oc-2d5">
         <name>.const:g_pulXtals</name>
         <load_address>0x5e00</load_address>
         <run_address>0x5e00</run_address>
         <size>0x6c</size>
         <input_file_ref idref="fl-19"/>
      </object_component>
      <object_component id="oc-ab">
         <name>.const:g_ppulTimerIntMap</name>
         <load_address>0x5e6c</load_address>
         <run_address>0x5e6c</run_address>
         <size>0x60</size>
         <input_file_ref idref="fl-12"/>
      </object_component>
      <object_component id="oc-1c9">
         <name>.const:.string:g_pucRIT128x96x4Init</name>
         <load_address>0x5ecc</load_address>
         <run_address>0x5ecc</run_address>
         <size>0x4f</size>
         <input_file_ref idref="fl-6"/>
      </object_component>
      <object_component id="oc-172">
         <name>.const</name>
         <load_address>0x5f1c</load_address>
         <run_address>0x5f1c</run_address>
         <size>0x40</size>
         <input_file_ref idref="fl-19"/>
      </object_component>
      <object_component id="oc-3a9">
         <name>.const:.string</name>
         <load_address>0x5f5c</load_address>
         <run_address>0x5f5c</run_address>
         <size>0x12</size>
         <input_file_ref idref="fl-7"/>
      </object_component>
      <object_component id="oc-1c0">
         <name>.const:.string:g_pucRIT128x96x4HorizontalInc</name>
         <load_address>0x5f6e</load_address>
         <run_address>0x5f6e</run_address>
         <size>0x2</size>
         <input_file_ref idref="fl-6"/>
      </object_component>
      <object_component id="oc-319">
         <name>.const:g_ulUARTBase</name>
         <load_address>0x5f70</load_address>
         <run_address>0x5f70</run_address>
         <size>0xc</size>
         <input_file_ref idref="fl-7"/>
      </object_component>
      <object_component id="oc-313">
         <name>.const:g_ulUARTPeriph</name>
         <load_address>0x5f7c</load_address>
         <run_address>0x5f7c</run_address>
         <size>0xc</size>
         <input_file_ref idref="fl-7"/>
      </object_component>
      <object_component id="oc-321">
         <name>.const</name>
         <load_address>0x5f88</load_address>
         <run_address>0x5f88</run_address>
         <size>0x4</size>
         <input_file_ref idref="fl-7"/>
      </object_component>
      <object_component id="oc-1bf">
         <name>.const:.string:pucCommand2$2</name>
         <load_address>0x5f8c</load_address>
         <run_address>0x5f8c</run_address>
         <size>0x3</size>
         <input_file_ref idref="fl-6"/>
      </object_component>
      <object_component id="oc-1c3">
         <name>.const:.string:g_pucRIT128x96x4VerticalInc</name>
         <load_address>0x5f8f</load_address>
         <run_address>0x5f8f</run_address>
         <size>0x2</size>
         <input_file_ref idref="fl-6"/>
      </object_component>
      <object_component id="oc-1cc">
         <name>.const:.string:pucCommand1$3</name>
         <load_address>0x5f91</load_address>
         <run_address>0x5f91</run_address>
         <size>0x2</size>
         <input_file_ref idref="fl-6"/>
      </object_component>
      <object_component id="oc-24a">
         <name>.const</name>
         <load_address>0x5f94</load_address>
         <run_address>0x5f94</run_address>
         <size>0x2</size>
         <input_file_ref idref="fl-4"/>
      </object_component>
      <object_component id="oc-402">
         <name>.cinit..data.load</name>
         <load_address>0x5f98</load_address>
         <run_address>0x5f98</run_address>
         <size>0x20</size>
      </object_component>
      <object_component id="oc-403">
         <name>.cinit..bss.load</name>
         <load_address>0x5fb8</load_address>
         <run_address>0x5fb8</run_address>
         <size>0xb</size>
      </object_component>
      <object_component id="oc-401">
         <name>.cinit..vtable.load</name>
         <load_address>0x5fc8</load_address>
         <run_address>0x5fc8</run_address>
         <size>0xb</size>
      </object_component>
      <object_component id="oc-3ff">
         <name>__TI_handler_table</name>
         <load_address>0x5fd4</load_address>
         <run_address>0x5fd4</run_address>
         <size>0x8</size>
      </object_component>
      <object_component id="oc-400">
         <name>__TI_cinit_table</name>
         <load_address>0x5fdc</load_address>
         <run_address>0x5fdc</run_address>
         <size>0x18</size>
      </object_component>
      <object_component id="oc-161">
         <name>.vtable</name>
         <uninitialized>true</uninitialized>
         <run_address>0x20000000</run_address>
         <size>0x26c</size>
         <input_file_ref idref="fl-1b"/>
      </object_component>
      <object_component id="oc-1f2">
         <name>.data</name>
         <load_address>0x2000d085</load_address>
         <run_address>0x2000d085</run_address>
         <size>0x1</size>
         <input_file_ref idref="fl-3"/>
      </object_component>
      <object_component id="oc-23e">
         <name>.data</name>
         <load_address>0x2000d068</load_address>
         <run_address>0x2000d068</run_address>
         <size>0x8</size>
         <input_file_ref idref="fl-4"/>
      </object_component>
      <object_component id="oc-2fb">
         <name>.data</name>
         <load_address>0x2000d088</load_address>
         <run_address>0x2000d088</run_address>
         <size>0x4</size>
         <input_file_ref idref="fl-5"/>
      </object_component>
      <object_component id="oc-316">
         <name>.data</name>
         <load_address>0x2000d080</load_address>
         <run_address>0x2000d080</run_address>
         <size>0x5</size>
         <input_file_ref idref="fl-7"/>
      </object_component>
      <object_component id="oc-98">
         <name>.data</name>
         <load_address>0x2000d010</load_address>
         <run_address>0x2000d010</run_address>
         <size>0x2c</size>
         <input_file_ref idref="fl-c"/>
      </object_component>
      <object_component id="oc-220">
         <name>.data</name>
         <load_address>0x2000d078</load_address>
         <run_address>0x2000d078</run_address>
         <size>0x8</size>
         <input_file_ref idref="fl-d"/>
      </object_component>
      <object_component id="oc-9c">
         <name>.data</name>
         <load_address>0x2000d070</load_address>
         <run_address>0x2000d070</run_address>
         <size>0x8</size>
         <input_file_ref idref="fl-e"/>
      </object_component>
      <object_component id="oc-d2">
         <name>.data</name>
         <load_address>0x2000d03c</load_address>
         <run_address>0x2000d03c</run_address>
         <size>0x18</size>
         <input_file_ref idref="fl-12"/>
      </object_component>
      <object_component id="oc-110">
         <name>.data:$O1$$</name>
         <load_address>0x2000d054</load_address>
         <run_address>0x2000d054</run_address>
         <size>0xc</size>
         <input_file_ref idref="fl-d7"/>
      </object_component>
      <object_component id="oc-8b">
         <name>.data</name>
         <load_address>0x2000d090</load_address>
         <run_address>0x2000d090</run_address>
         <size>0x4</size>
         <input_file_ref idref="fl-dd"/>
      </object_component>
      <object_component id="oc-113">
         <name>.data:$O1$$</name>
         <load_address>0x2000d060</load_address>
         <run_address>0x2000d060</run_address>
         <size>0x8</size>
         <input_file_ref idref="fl-df"/>
      </object_component>
      <object_component id="oc-373">
         <name>.data</name>
         <load_address>0x2000d08c</load_address>
         <run_address>0x2000d08c</run_address>
         <size>0x4</size>
         <input_file_ref idref="fl-f5"/>
      </object_component>
      <object_component id="oc-2b">
         <name>.bss:pulStack</name>
         <uninitialized>true</uninitialized>
         <run_address>0x2000c5c0</run_address>
         <size>0x100</size>
         <input_file_ref idref="fl-2"/>
      </object_component>
      <object_component id="oc-244">
         <name>.bss:xHeap</name>
         <uninitialized>true</uninitialized>
         <run_address>0x20000270</run_address>
         <size>0xc350</size>
         <input_file_ref idref="fl-4"/>
      </object_component>
      <object_component id="oc-241">
         <name>.bss:xStart</name>
         <uninitialized>true</uninitialized>
         <run_address>0x2000c800</run_address>
         <size>0x8</size>
         <input_file_ref idref="fl-4"/>
      </object_component>
      <object_component id="oc-247">
         <name>.bss:xEnd</name>
         <uninitialized>true</uninitialized>
         <run_address>0x2000c7f8</run_address>
         <size>0x8</size>
         <input_file_ref idref="fl-4"/>
      </object_component>
      <object_component id="oc-198">
         <name>.bss</name>
         <uninitialized>true</uninitialized>
         <run_address>0x2000c808</run_address>
         <size>0x4</size>
         <input_file_ref idref="fl-6"/>
      </object_component>
      <object_component id="oc-1bb">
         <name>.bss:g_pucBuffer</name>
         <uninitialized>true</uninitialized>
         <run_address>0x2000c7e0</run_address>
         <size>0x8</size>
         <input_file_ref idref="fl-6"/>
      </object_component>
      <object_component id="oc-127">
         <name>.bss:pxReadyTasksLists</name>
         <uninitialized>true</uninitialized>
         <run_address>0x2000c6c0</run_address>
         <size>0x64</size>
         <input_file_ref idref="fl-c"/>
      </object_component>
      <object_component id="oc-136">
         <name>.bss:xDelayedTaskList1</name>
         <uninitialized>true</uninitialized>
         <run_address>0x2000c7a4</run_address>
         <size>0x14</size>
         <input_file_ref idref="fl-c"/>
      </object_component>
      <object_component id="oc-139">
         <name>.bss:xDelayedTaskList2</name>
         <uninitialized>true</uninitialized>
         <run_address>0x2000c7b8</run_address>
         <size>0x14</size>
         <input_file_ref idref="fl-c"/>
      </object_component>
      <object_component id="oc-12d">
         <name>.bss</name>
         <uninitialized>true</uninitialized>
         <run_address>0x2000c7e8</run_address>
         <size>0x8</size>
         <input_file_ref idref="fl-c"/>
      </object_component>
      <object_component id="oc-12a">
         <name>.bss:xPendingReadyList</name>
         <uninitialized>true</uninitialized>
         <run_address>0x2000c7cc</run_address>
         <size>0x14</size>
         <input_file_ref idref="fl-c"/>
      </object_component>
      <object_component id="oc-226">
         <name>.bss:xActiveTimerList1</name>
         <uninitialized>true</uninitialized>
         <run_address>0x2000c77c</run_address>
         <size>0x14</size>
         <input_file_ref idref="fl-d"/>
      </object_component>
      <object_component id="oc-229">
         <name>.bss:xActiveTimerList2</name>
         <uninitialized>true</uninitialized>
         <run_address>0x2000c790</run_address>
         <size>0x14</size>
         <input_file_ref idref="fl-d"/>
      </object_component>
      <object_component id="oc-223">
         <name>.bss</name>
         <uninitialized>true</uninitialized>
         <run_address>0x2000c7f0</run_address>
         <size>0x8</size>
         <input_file_ref idref="fl-d"/>
      </object_component>
      <object_component id="oc-1f5">
         <name>.common:g_ulSystemClock</name>
         <uninitialized>true</uninitialized>
         <run_address>0x2000c80c</run_address>
         <size>0x4</size>
      </object_component>
      <object_component id="oc-335">
         <name>.common:xQueueRegistry</name>
         <uninitialized>true</uninitialized>
         <run_address>0x2000c724</run_address>
         <size>0x40</size>
      </object_component>
      <object_component id="oc-d5">
         <name>.common:HourString</name>
         <uninitialized>true</uninitialized>
         <run_address>0x2000c764</run_address>
         <size>0x18</size>
      </object_component>
      <object_component id="oc-2a">
         <name>.stack</name>
         <uninitialized>true</uninitialized>
         <run_address>0x2000c810</run_address>
         <size>0x0</size>
         <input_file_ref idref="fl-d3"/>
      </object_component>
      <object_component id="oc-404">
         <name>.stack</name>
         <uninitialized>true</uninitialized>
         <run_address>0x2000c810</run_address>
         <size>0x0</size>
      </object_component>
      <object_component id="oc-47">
         <name>.debug_info</name>
         <load_address>0x0</load_address>
         <run_address>0x0</run_address>
         <size>0x19c</size>
         <input_file_ref idref="fl-2"/>
      </object_component>
      <object_component id="oc-2c">
         <name>.debug_info</name>
         <load_address>0x19c</load_address>
         <run_address>0x19c</run_address>
         <size>0xd9</size>
         <input_file_ref idref="fl-2"/>
      </object_component>
      <object_component id="oc-10">
         <name>.debug_info</name>
         <load_address>0x275</load_address>
         <run_address>0x275</run_address>
         <size>0xe2</size>
         <input_file_ref idref="fl-2"/>
      </object_component>
      <object_component id="oc-2f">
         <name>.debug_info</name>
         <load_address>0x357</load_address>
         <run_address>0x357</run_address>
         <size>0x246</size>
         <input_file_ref idref="fl-2"/>
      </object_component>
      <object_component id="oc-d9">
         <name>.debug_info</name>
         <load_address>0x59d</load_address>
         <run_address>0x59d</run_address>
         <size>0x84</size>
         <input_file_ref idref="fl-2"/>
      </object_component>
      <object_component id="oc-143">
         <name>.debug_info</name>
         <load_address>0x621</load_address>
         <run_address>0x621</run_address>
         <size>0x18b</size>
         <input_file_ref idref="fl-2"/>
      </object_component>
      <object_component id="oc-187">
         <name>.debug_info</name>
         <load_address>0x7ac</load_address>
         <run_address>0x7ac</run_address>
         <size>0x4e</size>
         <input_file_ref idref="fl-2"/>
      </object_component>
      <object_component id="oc-158">
         <name>.debug_info</name>
         <load_address>0x7fa</load_address>
         <run_address>0x7fa</run_address>
         <size>0x3c1</size>
         <input_file_ref idref="fl-3"/>
      </object_component>
      <object_component id="oc-1f3">
         <name>.debug_info</name>
         <load_address>0xbbb</load_address>
         <run_address>0xbbb</run_address>
         <size>0xe0</size>
         <input_file_ref idref="fl-3"/>
      </object_component>
      <object_component id="oc-109">
         <name>.debug_info</name>
         <load_address>0xc9b</load_address>
         <run_address>0xc9b</run_address>
         <size>0x24e</size>
         <input_file_ref idref="fl-3"/>
      </object_component>
      <object_component id="oc-13e">
         <name>.debug_info</name>
         <load_address>0xee9</load_address>
         <run_address>0xee9</run_address>
         <size>0x2ef</size>
         <input_file_ref idref="fl-3"/>
      </object_component>
      <object_component id="oc-15a">
         <name>.debug_info</name>
         <load_address>0x11d8</load_address>
         <run_address>0x11d8</run_address>
         <size>0x8b</size>
         <input_file_ref idref="fl-3"/>
      </object_component>
      <object_component id="oc-a1">
         <name>.debug_info</name>
         <load_address>0x1263</load_address>
         <run_address>0x1263</run_address>
         <size>0x2c</size>
         <input_file_ref idref="fl-3"/>
      </object_component>
      <object_component id="oc-de">
         <name>.debug_info</name>
         <load_address>0x128f</load_address>
         <run_address>0x128f</run_address>
         <size>0x2c</size>
         <input_file_ref idref="fl-3"/>
      </object_component>
      <object_component id="oc-a6">
         <name>.debug_info</name>
         <load_address>0x12bb</load_address>
         <run_address>0x12bb</run_address>
         <size>0xae</size>
         <input_file_ref idref="fl-3"/>
      </object_component>
      <object_component id="oc-153">
         <name>.debug_info</name>
         <load_address>0x1369</load_address>
         <run_address>0x1369</run_address>
         <size>0x14c</size>
         <input_file_ref idref="fl-3"/>
      </object_component>
      <object_component id="oc-24e">
         <name>.debug_info</name>
         <load_address>0x14b5</load_address>
         <run_address>0x14b5</run_address>
         <size>0x1b8</size>
         <input_file_ref idref="fl-4"/>
      </object_component>
      <object_component id="oc-245">
         <name>.debug_info</name>
         <load_address>0x166d</load_address>
         <run_address>0x166d</run_address>
         <size>0xc4</size>
         <input_file_ref idref="fl-4"/>
      </object_component>
      <object_component id="oc-24b">
         <name>.debug_info</name>
         <load_address>0x1731</load_address>
         <run_address>0x1731</run_address>
         <size>0xd8</size>
         <input_file_ref idref="fl-4"/>
      </object_component>
      <object_component id="oc-242">
         <name>.debug_info</name>
         <load_address>0x1809</load_address>
         <run_address>0x1809</run_address>
         <size>0xc6</size>
         <input_file_ref idref="fl-4"/>
      </object_component>
      <object_component id="oc-248">
         <name>.debug_info</name>
         <load_address>0x18cf</load_address>
         <run_address>0x18cf</run_address>
         <size>0xc2</size>
         <input_file_ref idref="fl-4"/>
      </object_component>
      <object_component id="oc-23f">
         <name>.debug_info</name>
         <load_address>0x1991</load_address>
         <run_address>0x1991</run_address>
         <size>0xe0</size>
         <input_file_ref idref="fl-4"/>
      </object_component>
      <object_component id="oc-131">
         <name>.debug_info</name>
         <load_address>0x1a71</load_address>
         <run_address>0x1a71</run_address>
         <size>0x472</size>
         <input_file_ref idref="fl-4"/>
      </object_component>
      <object_component id="oc-24f">
         <name>.debug_info</name>
         <load_address>0x1ee3</load_address>
         <run_address>0x1ee3</run_address>
         <size>0x110</size>
         <input_file_ref idref="fl-4"/>
      </object_component>
      <object_component id="oc-34d">
         <name>.debug_info</name>
         <load_address>0x1ff3</load_address>
         <run_address>0x1ff3</run_address>
         <size>0x99</size>
         <input_file_ref idref="fl-4"/>
      </object_component>
      <object_component id="oc-2fc">
         <name>.debug_info</name>
         <load_address>0x208c</load_address>
         <run_address>0x208c</run_address>
         <size>0x100</size>
         <input_file_ref idref="fl-5"/>
      </object_component>
      <object_component id="oc-1e7">
         <name>.debug_info</name>
         <load_address>0x218c</load_address>
         <run_address>0x218c</run_address>
         <size>0x1ea</size>
         <input_file_ref idref="fl-5"/>
      </object_component>
      <object_component id="oc-1ce">
         <name>.debug_info</name>
         <load_address>0x2376</load_address>
         <run_address>0x2376</run_address>
         <size>0x3ad</size>
         <input_file_ref idref="fl-6"/>
      </object_component>
      <object_component id="oc-199">
         <name>.debug_info</name>
         <load_address>0x2723</load_address>
         <run_address>0x2723</run_address>
         <size>0xdf</size>
         <input_file_ref idref="fl-6"/>
      </object_component>
      <object_component id="oc-1bc">
         <name>.debug_info</name>
         <load_address>0x2802</load_address>
         <run_address>0x2802</run_address>
         <size>0xdd</size>
         <input_file_ref idref="fl-6"/>
      </object_component>
      <object_component id="oc-1c4">
         <name>.debug_info</name>
         <load_address>0x28df</load_address>
         <run_address>0x28df</run_address>
         <size>0xfd</size>
         <input_file_ref idref="fl-6"/>
      </object_component>
      <object_component id="oc-1c1">
         <name>.debug_info</name>
         <load_address>0x29dc</load_address>
         <run_address>0x29dc</run_address>
         <size>0x101</size>
         <input_file_ref idref="fl-6"/>
      </object_component>
      <object_component id="oc-1c7">
         <name>.debug_info</name>
         <load_address>0x2add</load_address>
         <run_address>0x2add</run_address>
         <size>0xd9</size>
         <input_file_ref idref="fl-6"/>
      </object_component>
      <object_component id="oc-1ca">
         <name>.debug_info</name>
         <load_address>0x2bb6</load_address>
         <run_address>0x2bb6</run_address>
         <size>0xef</size>
         <input_file_ref idref="fl-6"/>
      </object_component>
      <object_component id="oc-cd">
         <name>.debug_info</name>
         <load_address>0x2ca5</load_address>
         <run_address>0x2ca5</run_address>
         <size>0xcb1</size>
         <input_file_ref idref="fl-6"/>
      </object_component>
      <object_component id="oc-325">
         <name>.debug_info</name>
         <load_address>0x3956</load_address>
         <run_address>0x3956</run_address>
         <size>0x265</size>
         <input_file_ref idref="fl-7"/>
      </object_component>
      <object_component id="oc-317">
         <name>.debug_info</name>
         <load_address>0x3bbb</load_address>
         <run_address>0x3bbb</run_address>
         <size>0xd5</size>
         <input_file_ref idref="fl-7"/>
      </object_component>
      <object_component id="oc-322">
         <name>.debug_info</name>
         <load_address>0x3c90</load_address>
         <run_address>0x3c90</run_address>
         <size>0xd3</size>
         <input_file_ref idref="fl-7"/>
      </object_component>
      <object_component id="oc-31a">
         <name>.debug_info</name>
         <load_address>0x3d63</load_address>
         <run_address>0x3d63</run_address>
         <size>0xdd</size>
         <input_file_ref idref="fl-7"/>
      </object_component>
      <object_component id="oc-314">
         <name>.debug_info</name>
         <load_address>0x3e40</load_address>
         <run_address>0x3e40</run_address>
         <size>0xe1</size>
         <input_file_ref idref="fl-7"/>
      </object_component>
      <object_component id="oc-1ed">
         <name>.debug_info</name>
         <load_address>0x3f21</load_address>
         <run_address>0x3f21</run_address>
         <size>0x766</size>
         <input_file_ref idref="fl-7"/>
      </object_component>
      <object_component id="oc-346">
         <name>.debug_info</name>
         <load_address>0x4687</load_address>
         <run_address>0x4687</run_address>
         <size>0x46e</size>
         <input_file_ref idref="fl-9"/>
      </object_component>
      <object_component id="oc-3bc">
         <name>.debug_info</name>
         <load_address>0x4af5</load_address>
         <run_address>0x4af5</run_address>
         <size>0x39</size>
         <input_file_ref idref="fl-9"/>
      </object_component>
      <object_component id="oc-22d">
         <name>.debug_info</name>
         <load_address>0x4b2e</load_address>
         <run_address>0x4b2e</run_address>
         <size>0x46</size>
         <input_file_ref idref="fl-9"/>
      </object_component>
      <object_component id="oc-3c1">
         <name>.debug_info</name>
         <load_address>0x4b74</load_address>
         <run_address>0x4b74</run_address>
         <size>0x62</size>
         <input_file_ref idref="fl-9"/>
      </object_component>
      <object_component id="oc-219">
         <name>.debug_info</name>
         <load_address>0x4bd6</load_address>
         <run_address>0x4bd6</run_address>
         <size>0x11c</size>
         <input_file_ref idref="fl-a"/>
      </object_component>
      <object_component id="oc-11c">
         <name>.debug_info</name>
         <load_address>0x4cf2</load_address>
         <run_address>0x4cf2</run_address>
         <size>0x48b</size>
         <input_file_ref idref="fl-a"/>
      </object_component>
      <object_component id="oc-336">
         <name>.debug_info</name>
         <load_address>0x517d</load_address>
         <run_address>0x517d</run_address>
         <size>0x690</size>
         <input_file_ref idref="fl-b"/>
      </object_component>
      <object_component id="oc-21b">
         <name>.debug_info</name>
         <load_address>0x580d</load_address>
         <run_address>0x580d</run_address>
         <size>0x2692</size>
         <input_file_ref idref="fl-b"/>
      </object_component>
      <object_component id="oc-3b5">
         <name>.debug_info</name>
         <load_address>0x7e9f</load_address>
         <run_address>0x7e9f</run_address>
         <size>0x1a5</size>
         <input_file_ref idref="fl-b"/>
      </object_component>
      <object_component id="oc-339">
         <name>.debug_info</name>
         <load_address>0x8044</load_address>
         <run_address>0x8044</run_address>
         <size>0x46</size>
         <input_file_ref idref="fl-b"/>
      </object_component>
      <object_component id="oc-13d">
         <name>.debug_info</name>
         <load_address>0x808a</load_address>
         <run_address>0x808a</run_address>
         <size>0x55d</size>
         <input_file_ref idref="fl-c"/>
      </object_component>
      <object_component id="oc-99">
         <name>.debug_info</name>
         <load_address>0x85e7</load_address>
         <run_address>0x85e7</run_address>
         <size>0x2ba</size>
         <input_file_ref idref="fl-c"/>
      </object_component>
      <object_component id="oc-128">
         <name>.debug_info</name>
         <load_address>0x88a1</load_address>
         <run_address>0x88a1</run_address>
         <size>0xe2</size>
         <input_file_ref idref="fl-c"/>
      </object_component>
      <object_component id="oc-137">
         <name>.debug_info</name>
         <load_address>0x8983</load_address>
         <run_address>0x8983</run_address>
         <size>0xe2</size>
         <input_file_ref idref="fl-c"/>
      </object_component>
      <object_component id="oc-13a">
         <name>.debug_info</name>
         <load_address>0x8a65</load_address>
         <run_address>0x8a65</run_address>
         <size>0xe2</size>
         <input_file_ref idref="fl-c"/>
      </object_component>
      <object_component id="oc-12e">
         <name>.debug_info</name>
         <load_address>0x8b47</load_address>
         <run_address>0x8b47</run_address>
         <size>0x124</size>
         <input_file_ref idref="fl-c"/>
      </object_component>
      <object_component id="oc-12b">
         <name>.debug_info</name>
         <load_address>0x8c6b</load_address>
         <run_address>0x8c6b</run_address>
         <size>0xe2</size>
         <input_file_ref idref="fl-c"/>
      </object_component>
      <object_component id="oc-93">
         <name>.debug_info</name>
         <load_address>0x8d4d</load_address>
         <run_address>0x8d4d</run_address>
         <size>0x305d</size>
         <input_file_ref idref="fl-c"/>
      </object_component>
      <object_component id="oc-148">
         <name>.debug_info</name>
         <load_address>0xbdaa</load_address>
         <run_address>0xbdaa</run_address>
         <size>0x141</size>
         <input_file_ref idref="fl-c"/>
      </object_component>
      <object_component id="oc-232">
         <name>.debug_info</name>
         <load_address>0xbeeb</load_address>
         <run_address>0xbeeb</run_address>
         <size>0x653</size>
         <input_file_ref idref="fl-d"/>
      </object_component>
      <object_component id="oc-227">
         <name>.debug_info</name>
         <load_address>0xc53e</load_address>
         <run_address>0xc53e</run_address>
         <size>0xe3</size>
         <input_file_ref idref="fl-d"/>
      </object_component>
      <object_component id="oc-22a">
         <name>.debug_info</name>
         <load_address>0xc621</load_address>
         <run_address>0xc621</run_address>
         <size>0xe3</size>
         <input_file_ref idref="fl-d"/>
      </object_component>
      <object_component id="oc-224">
         <name>.debug_info</name>
         <load_address>0xc704</load_address>
         <run_address>0xc704</run_address>
         <size>0x11b</size>
         <input_file_ref idref="fl-d"/>
      </object_component>
      <object_component id="oc-221">
         <name>.debug_info</name>
         <load_address>0xc81f</load_address>
         <run_address>0xc81f</run_address>
         <size>0xd7</size>
         <input_file_ref idref="fl-d"/>
      </object_component>
      <object_component id="oc-122">
         <name>.debug_info</name>
         <load_address>0xc8f6</load_address>
         <run_address>0xc8f6</run_address>
         <size>0x16c6</size>
         <input_file_ref idref="fl-d"/>
      </object_component>
      <object_component id="oc-233">
         <name>.debug_info</name>
         <load_address>0xdfbc</load_address>
         <run_address>0xdfbc</run_address>
         <size>0x1ba</size>
         <input_file_ref idref="fl-d"/>
      </object_component>
      <object_component id="oc-a0">
         <name>.debug_info</name>
         <load_address>0xe176</load_address>
         <run_address>0xe176</run_address>
         <size>0x205</size>
         <input_file_ref idref="fl-e"/>
      </object_component>
      <object_component id="oc-9d">
         <name>.debug_info</name>
         <load_address>0xe37b</load_address>
         <run_address>0xe37b</run_address>
         <size>0x129</size>
         <input_file_ref idref="fl-e"/>
      </object_component>
      <object_component id="oc-3a">
         <name>.debug_info</name>
         <load_address>0xe4a4</load_address>
         <run_address>0xe4a4</run_address>
         <size>0x6d9</size>
         <input_file_ref idref="fl-e"/>
      </object_component>
      <object_component id="oc-35">
         <name>.debug_info</name>
         <load_address>0xeb7d</load_address>
         <run_address>0xeb7d</run_address>
         <size>0x148</size>
         <input_file_ref idref="fl-f"/>
      </object_component>
      <object_component id="oc-32d">
         <name>.debug_info</name>
         <load_address>0xecc5</load_address>
         <run_address>0xecc5</run_address>
         <size>0x26b</size>
         <input_file_ref idref="fl-10"/>
      </object_component>
      <object_component id="oc-1f7">
         <name>.debug_info</name>
         <load_address>0xef30</load_address>
         <run_address>0xef30</run_address>
         <size>0x1fd</size>
         <input_file_ref idref="fl-10"/>
      </object_component>
      <object_component id="oc-32f">
         <name>.debug_info</name>
         <load_address>0xf12d</load_address>
         <run_address>0xf12d</run_address>
         <size>0x230</size>
         <input_file_ref idref="fl-11"/>
      </object_component>
      <object_component id="oc-1fd">
         <name>.debug_info</name>
         <load_address>0xf35d</load_address>
         <run_address>0xf35d</run_address>
         <size>0x229</size>
         <input_file_ref idref="fl-11"/>
      </object_component>
      <object_component id="oc-d6">
         <name>.debug_info</name>
         <load_address>0xf586</load_address>
         <run_address>0xf586</run_address>
         <size>0x3b8</size>
         <input_file_ref idref="fl-12"/>
      </object_component>
      <object_component id="oc-ac">
         <name>.debug_info</name>
         <load_address>0xf93e</load_address>
         <run_address>0xf93e</run_address>
         <size>0xea</size>
         <input_file_ref idref="fl-12"/>
      </object_component>
      <object_component id="oc-d3">
         <name>.debug_info</name>
         <load_address>0xfa28</load_address>
         <run_address>0xfa28</run_address>
         <size>0x185</size>
         <input_file_ref idref="fl-12"/>
      </object_component>
      <object_component id="oc-40">
         <name>.debug_info</name>
         <load_address>0xfbad</load_address>
         <run_address>0xfbad</run_address>
         <size>0x291b</size>
         <input_file_ref idref="fl-12"/>
      </object_component>
      <object_component id="oc-398">
         <name>.debug_info</name>
         <load_address>0x124c8</load_address>
         <run_address>0x124c8</run_address>
         <size>0x47d</size>
         <input_file_ref idref="fl-18"/>
      </object_component>
      <object_component id="oc-309">
         <name>.debug_info</name>
         <load_address>0x12945</load_address>
         <run_address>0x12945</run_address>
         <size>0x1b4</size>
         <input_file_ref idref="fl-18"/>
      </object_component>
      <object_component id="oc-396">
         <name>.debug_info</name>
         <load_address>0x12af9</load_address>
         <run_address>0x12af9</run_address>
         <size>0x23d</size>
         <input_file_ref idref="fl-18"/>
      </object_component>
      <object_component id="oc-306">
         <name>.debug_info</name>
         <load_address>0x12d36</load_address>
         <run_address>0x12d36</run_address>
         <size>0x27b</size>
         <input_file_ref idref="fl-18"/>
      </object_component>
      <object_component id="oc-30e">
         <name>.debug_info</name>
         <load_address>0x12fb1</load_address>
         <run_address>0x12fb1</run_address>
         <size>0x268</size>
         <input_file_ref idref="fl-18"/>
      </object_component>
      <object_component id="oc-312">
         <name>.debug_info</name>
         <load_address>0x13219</load_address>
         <run_address>0x13219</run_address>
         <size>0x242</size>
         <input_file_ref idref="fl-18"/>
      </object_component>
      <object_component id="oc-164">
         <name>.debug_info</name>
         <load_address>0x1345b</load_address>
         <run_address>0x1345b</run_address>
         <size>0x84</size>
         <input_file_ref idref="fl-18"/>
      </object_component>
      <object_component id="oc-17b">
         <name>.debug_info</name>
         <load_address>0x134df</load_address>
         <run_address>0x134df</run_address>
         <size>0x2c</size>
         <input_file_ref idref="fl-18"/>
      </object_component>
      <object_component id="oc-175">
         <name>.debug_info</name>
         <load_address>0x1350b</load_address>
         <run_address>0x1350b</run_address>
         <size>0x4cc</size>
         <input_file_ref idref="fl-19"/>
      </object_component>
      <object_component id="oc-173">
         <name>.debug_info</name>
         <load_address>0x139d7</load_address>
         <run_address>0x139d7</run_address>
         <size>0x1b8</size>
         <input_file_ref idref="fl-19"/>
      </object_component>
      <object_component id="oc-2d6">
         <name>.debug_info</name>
         <load_address>0x13b8f</load_address>
         <run_address>0x13b8f</run_address>
         <size>0x10e</size>
         <input_file_ref idref="fl-19"/>
      </object_component>
      <object_component id="oc-301">
         <name>.debug_info</name>
         <load_address>0x13c9d</load_address>
         <run_address>0x13c9d</run_address>
         <size>0x1f0</size>
         <input_file_ref idref="fl-19"/>
      </object_component>
      <object_component id="oc-c0">
         <name>.debug_info</name>
         <load_address>0x13e8d</load_address>
         <run_address>0x13e8d</run_address>
         <size>0x1ea</size>
         <input_file_ref idref="fl-19"/>
      </object_component>
      <object_component id="oc-1e5">
         <name>.debug_info</name>
         <load_address>0x14077</load_address>
         <run_address>0x14077</run_address>
         <size>0x2e4</size>
         <input_file_ref idref="fl-19"/>
      </object_component>
      <object_component id="oc-1a2">
         <name>.debug_info</name>
         <load_address>0x1435b</load_address>
         <run_address>0x1435b</run_address>
         <size>0x1ea</size>
         <input_file_ref idref="fl-19"/>
      </object_component>
      <object_component id="oc-2ce">
         <name>.debug_info</name>
         <load_address>0x14545</load_address>
         <run_address>0x14545</run_address>
         <size>0x477</size>
         <input_file_ref idref="fl-1a"/>
      </object_component>
      <object_component id="oc-1b2">
         <name>.debug_info</name>
         <load_address>0x149bc</load_address>
         <run_address>0x149bc</run_address>
         <size>0x1af</size>
         <input_file_ref idref="fl-1a"/>
      </object_component>
      <object_component id="oc-19e">
         <name>.debug_info</name>
         <load_address>0x14b6b</load_address>
         <run_address>0x14b6b</run_address>
         <size>0x1b1</size>
         <input_file_ref idref="fl-1a"/>
      </object_component>
      <object_component id="oc-197">
         <name>.debug_info</name>
         <load_address>0x14d1c</load_address>
         <run_address>0x14d1c</run_address>
         <size>0x261</size>
         <input_file_ref idref="fl-1a"/>
      </object_component>
      <object_component id="oc-1b5">
         <name>.debug_info</name>
         <load_address>0x14f7d</load_address>
         <run_address>0x14f7d</run_address>
         <size>0x1f9</size>
         <input_file_ref idref="fl-1a"/>
      </object_component>
      <object_component id="oc-1a5">
         <name>.debug_info</name>
         <load_address>0x15176</load_address>
         <run_address>0x15176</run_address>
         <size>0x396</size>
         <input_file_ref idref="fl-1a"/>
      </object_component>
      <object_component id="oc-18d">
         <name>.debug_info</name>
         <load_address>0x1550c</load_address>
         <run_address>0x1550c</run_address>
         <size>0x1af</size>
         <input_file_ref idref="fl-1a"/>
      </object_component>
      <object_component id="oc-168">
         <name>.debug_info</name>
         <load_address>0x156bb</load_address>
         <run_address>0x156bb</run_address>
         <size>0x478</size>
         <input_file_ref idref="fl-1b"/>
      </object_component>
      <object_component id="oc-16a">
         <name>.debug_info</name>
         <load_address>0x15b33</load_address>
         <run_address>0x15b33</run_address>
         <size>0x1bd</size>
         <input_file_ref idref="fl-1b"/>
      </object_component>
      <object_component id="oc-162">
         <name>.debug_info</name>
         <load_address>0x15cf0</load_address>
         <run_address>0x15cf0</run_address>
         <size>0x11c</size>
         <input_file_ref idref="fl-1b"/>
      </object_component>
      <object_component id="oc-bb">
         <name>.debug_info</name>
         <load_address>0x15e0c</load_address>
         <run_address>0x15e0c</run_address>
         <size>0x1dd</size>
         <input_file_ref idref="fl-1b"/>
      </object_component>
      <object_component id="oc-af">
         <name>.debug_info</name>
         <load_address>0x15fe9</load_address>
         <run_address>0x15fe9</run_address>
         <size>0x2b6</size>
         <input_file_ref idref="fl-1b"/>
      </object_component>
      <object_component id="oc-c3">
         <name>.debug_info</name>
         <load_address>0x1629f</load_address>
         <run_address>0x1629f</run_address>
         <size>0x1b3</size>
         <input_file_ref idref="fl-1b"/>
      </object_component>
      <object_component id="oc-b3">
         <name>.debug_info</name>
         <load_address>0x16452</load_address>
         <run_address>0x16452</run_address>
         <size>0x1d5</size>
         <input_file_ref idref="fl-1b"/>
      </object_component>
      <object_component id="oc-b7">
         <name>.debug_info</name>
         <load_address>0x16627</load_address>
         <run_address>0x16627</run_address>
         <size>0x1d7</size>
         <input_file_ref idref="fl-1b"/>
      </object_component>
      <object_component id="oc-16e">
         <name>.debug_info</name>
         <load_address>0x167fe</load_address>
         <run_address>0x167fe</run_address>
         <size>0x228</size>
         <input_file_ref idref="fl-1b"/>
      </object_component>
      <object_component id="oc-2d0">
         <name>.debug_info</name>
         <load_address>0x16a26</load_address>
         <run_address>0x16a26</run_address>
         <size>0x471</size>
         <input_file_ref idref="fl-1c"/>
      </object_component>
      <object_component id="oc-191">
         <name>.debug_info</name>
         <load_address>0x16e97</load_address>
         <run_address>0x16e97</run_address>
         <size>0x208</size>
         <input_file_ref idref="fl-1c"/>
      </object_component>
      <object_component id="oc-2da">
         <name>.debug_info</name>
         <load_address>0x1709f</load_address>
         <run_address>0x1709f</run_address>
         <size>0x214</size>
         <input_file_ref idref="fl-1c"/>
      </object_component>
      <object_component id="oc-1ac">
         <name>.debug_info</name>
         <load_address>0x172b3</load_address>
         <run_address>0x172b3</run_address>
         <size>0x25a</size>
         <input_file_ref idref="fl-1c"/>
      </object_component>
      <object_component id="oc-2f8">
         <name>.debug_info</name>
         <load_address>0x1750d</load_address>
         <run_address>0x1750d</run_address>
         <size>0x1ea</size>
         <input_file_ref idref="fl-1c"/>
      </object_component>
      <object_component id="oc-1a8">
         <name>.debug_info</name>
         <load_address>0x176f7</load_address>
         <run_address>0x176f7</run_address>
         <size>0x1e8</size>
         <input_file_ref idref="fl-1c"/>
      </object_component>
      <object_component id="oc-1b8">
         <name>.debug_info</name>
         <load_address>0x178df</load_address>
         <run_address>0x178df</run_address>
         <size>0x1f6</size>
         <input_file_ref idref="fl-1c"/>
      </object_component>
      <object_component id="oc-329">
         <name>.debug_info</name>
         <load_address>0x17ad5</load_address>
         <run_address>0x17ad5</run_address>
         <size>0x1e4</size>
         <input_file_ref idref="fl-1c"/>
      </object_component>
      <object_component id="oc-177">
         <name>.debug_info</name>
         <load_address>0x17cb9</load_address>
         <run_address>0x17cb9</run_address>
         <size>0x187</size>
         <input_file_ref idref="fl-1d"/>
      </object_component>
      <object_component id="oc-27">
         <name>.debug_info</name>
         <load_address>0x17e40</load_address>
         <run_address>0x17e40</run_address>
         <size>0x17c</size>
         <input_file_ref idref="fl-d3"/>
      </object_component>
      <object_component id="oc-53">
         <name>.debug_info</name>
         <load_address>0x17fbc</load_address>
         <run_address>0x17fbc</run_address>
         <size>0x15c</size>
         <input_file_ref idref="fl-d4"/>
      </object_component>
      <object_component id="oc-15">
         <name>.debug_info</name>
         <load_address>0x18118</load_address>
         <run_address>0x18118</run_address>
         <size>0x1fb</size>
         <input_file_ref idref="fl-d4"/>
      </object_component>
      <object_component id="oc-4e">
         <name>.debug_info</name>
         <load_address>0x18313</load_address>
         <run_address>0x18313</run_address>
         <size>0x46</size>
         <input_file_ref idref="fl-d4"/>
      </object_component>
      <object_component id="oc-e6">
         <name>.debug_info</name>
         <load_address>0x18359</load_address>
         <run_address>0x18359</run_address>
         <size>0x2c</size>
         <input_file_ref idref="fl-d4"/>
      </object_component>
      <object_component id="oc-5b">
         <name>.debug_info</name>
         <load_address>0x18385</load_address>
         <run_address>0x18385</run_address>
         <size>0x150</size>
         <input_file_ref idref="fl-d5"/>
      </object_component>
      <object_component id="oc-55">
         <name>.debug_info</name>
         <load_address>0x184d5</load_address>
         <run_address>0x184d5</run_address>
         <size>0x263</size>
         <input_file_ref idref="fl-d5"/>
      </object_component>
      <object_component id="oc-19">
         <name>.debug_info</name>
         <load_address>0x18738</load_address>
         <run_address>0x18738</run_address>
         <size>0x1cd</size>
[...]
      </symbol>
      <symbol id="sm-5ae">
         <name>TimerControlLevel</name>
         <value>0x2b59</value>
         <object_component_ref idref="oc-3f"/>
      </symbol>
      <symbol id="sm-5af">
         <name>TimerDisable</name>
         <value>0x2aff</value>
         <object_component_ref idref="oc-3f"/>
      </symbol>
      <symbol id="sm-5b0">
         <name>TimerIntRegister</name>
         <value>0x2ec9</value>
         <object_component_ref idref="oc-3f"/>
      </symbol>
      <symbol id="sm-5b1">
         <name>TimerMatchSet64</name>
         <value>0x2e77</value>
         <object_component_ref idref="oc-3f"/>
      </symbol>
      <symbol id="sm-5b2">
         <name>TimerEnable</name>
         <value>0x2ae1</value>
         <object_component_ref idref="oc-3f"/>
      </symbol>
      <symbol id="sm-5b3">
         <name>Task_TimeOfDay</name>
         <value>0x3043</value>
         <object_component_ref idref="oc-3f"/>
      </symbol>
      <symbol id="sm-5b4">
         <name>TimerLoadGet64</name>
         <value>0x2db1</value>
         <object_component_ref idref="oc-3f"/>
      </symbol>
      <symbol id="sm-5b5">
         <name>TimerIntUnregister</name>
         <value>0x2f0b</value>
         <object_component_ref idref="oc-3f"/>
      </symbol>
      <symbol id="sm-5b6">
         <name>TimerValueGet64</name>
         <value>0x2dff</value>
         <object_component_ref idref="oc-3f"/>
      </symbol>
      <symbol id="sm-5b7">
         <name>TimerMatchGet</name>
         <value>0x2e5b</value>
         <object_component_ref idref="oc-3f"/>
      </symbol>
      <symbol id="sm-5b8">
         <name>TimerIntStatus</name>
         <value>0x2f77</value>
         <object_component_ref idref="oc-3f"/>
      </symbol>
      <symbol id="sm-5b9">
         <name>TimerIntDisable</name>
         <value>0x2f5f</value>
         <object_component_ref idref="oc-3f"/>
      </symbol>
      <symbol id="sm-5ba">
         <name>TimerValueGet</name>
         <value>0x2de3</value>
         <object_component_ref idref="oc-3f"/>
      </symbol>
      <symbol id="sm-5bb">
         <name>TimerControlTrigger</name>
         <value>0x2b8f</value>
         <object_component_ref idref="oc-3f"/>
      </symbol>
      <symbol id="sm-5bc">
         <name>TimerQuiesce</name>
         <value>0x2fb9</value>
         <object_component_ref idref="oc-3f"/>
      </symbol>
      <symbol id="sm-5bd">
         <name>TimerPrescaleSet</name>
         <value>0x2cb1</value>
         <object_component_ref idref="oc-3f"/>
      </symbol>
      <symbol id="sm-5be">
         <name>TimerControlStall</name>
         <value>0x2bef</value>
         <object_component_ref idref="oc-3f"/>
      </symbol>
      <symbol id="sm-5bf">
         <name>TimerMatchGet64</name>
         <value>0x2e97</value>
         <object_component_ref idref="oc-3f"/>
      </symbol>
      <symbol id="sm-5c0">
         <name>TimerRTCEnable</name>
         <value>0x2c85</value>
         <object_component_ref idref="oc-3f"/>
      </symbol>
      <symbol id="sm-5c1">
         <name>Timer_0_A_ISR_Handler</name>
         <value>0x3111</value>
         <object_component_ref idref="oc-3f"/>
      </symbol>
      <symbol id="sm-5c2">
         <name>TimerLoadGet</name>
         <value>0x2d71</value>
         <object_component_ref idref="oc-3f"/>
      </symbol>
      <symbol id="sm-5c3">
         <name>TimerIntEnable</name>
         <value>0x2f47</value>
         <object_component_ref idref="oc-3f"/>
      </symbol>
      <symbol id="sm-5c4">
         <name>TimerLoadSet64</name>
         <value>0x2d8d</value>
         <object_component_ref idref="oc-3f"/>
      </symbol>
      <symbol id="sm-5c5">
         <name>TimerCount</name>
         <value>0x2000d03c</value>
         <object_component_ref idref="oc-d2"/>
      </symbol>
      <symbol id="sm-5c6">
         <name>TimerRTCDisable</name>
         <value>0x2c9b</value>
         <object_component_ref idref="oc-3f"/>
      </symbol>
      <symbol id="sm-5c7">
         <name>TimerPrescaleMatchSet</name>
         <value>0x2cf7</value>
         <object_component_ref idref="oc-3f"/>
      </symbol>
      <symbol id="sm-5c8">
         <name>TimerControlWaitOnTrigger</name>
         <value>0x2c25</value>
         <object_component_ref idref="oc-3f"/>
      </symbol>
      <symbol id="sm-5c9">
         <name>TimerConfigure</name>
         <value>0x2b1d</value>
         <object_component_ref idref="oc-3f"/>
      </symbol>
      <symbol id="sm-5ca">
         <name>TimerControlEvent</name>
         <value>0x2bc5</value>
         <object_component_ref idref="oc-3f"/>
      </symbol>
      <symbol id="sm-5cb">
         <name>TimerIntClear</name>
         <value>0x2f95</value>
         <object_component_ref idref="oc-3f"/>
      </symbol>
      <symbol id="sm-5cc">
         <name>TimerSynchronize</name>
         <value>0x2fa7</value>
         <object_component_ref idref="oc-3f"/>
      </symbol>
      <symbol id="sm-604">
         <name>UARTConfigSetExpClk</name>
         <value>0x578f</value>
         <object_component_ref idref="oc-303"/>
      </symbol>
      <symbol id="sm-605">
         <name>UARTDisable</name>
         <value>0x591d</value>
         <object_component_ref idref="oc-393"/>
      </symbol>
      <symbol id="sm-606">
         <name>UARTCharPut</name>
         <value>0x5a75</value>
         <object_component_ref idref="oc-30b"/>
      </symbol>
      <symbol id="sm-607">
         <name>UARTEnable</name>
         <value>0x5999</value>
         <object_component_ref idref="oc-307"/>
      </symbol>
      <symbol id="sm-608">
         <name>UARTCharGet</name>
         <value>0x5a6b</value>
         <object_component_ref idref="oc-30f"/>
      </symbol>
      <symbol id="sm-689">
         <name>SysCtlPeripheralPresent</name>
         <value>0x51f9</value>
         <object_component_ref idref="oc-2ff"/>
      </symbol>
      <symbol id="sm-68a">
         <name>SysCtlClockSet</name>
         <value>0x4739</value>
         <object_component_ref idref="oc-1e2"/>
      </symbol>
      <symbol id="sm-68b">
         <name>SysCtlDelay</name>
         <value>0x5a9b</value>
         <object_component_ref idref="oc-2f5"/>
      </symbol>
      <symbol id="sm-68c">
         <name>SysCtlPeripheralEnable</name>
         <value>0x54d1</value>
         <object_component_ref idref="oc-be"/>
      </symbol>
      <symbol id="sm-68d">
         <name>SysCtlClockGet</name>
         <value>0x45a1</value>
         <object_component_ref idref="oc-19f"/>
      </symbol>
      <symbol id="sm-6c1">
         <name>SSIDataPut</name>
         <value>0x5a4d</value>
         <object_component_ref idref="oc-194"/>
      </symbol>
      <symbol id="sm-6c2">
         <name>SSIDataGetNonBlocking</name>
         <value>0x5a0b</value>
         <object_component_ref idref="oc-1b3"/>
      </symbol>
      <symbol id="sm-6c3">
         <name>SSIConfigSetExpClk</name>
         <value>0x5709</value>
         <object_component_ref idref="oc-1a3"/>
      </symbol>
      <symbol id="sm-6c4">
         <name>SSIEnable</name>
         <value>0x5a61</value>
         <object_component_ref idref="oc-1af"/>
      </symbol>
      <symbol id="sm-6c5">
         <name>SSIBusy</name>
         <value>0x5a7f</value>
         <object_component_ref idref="oc-18c"/>
      </symbol>
      <symbol id="sm-6c6">
         <name>SSIDisable</name>
         <value>0x5a57</value>
         <object_component_ref idref="oc-19b"/>
      </symbol>
      <symbol id="sm-721">
         <name>IntEnable</name>
         <value>0x53b1</value>
         <object_component_ref idref="oc-b2"/>
      </symbol>
      <symbol id="sm-722">
         <name>IntDisable</name>
         <value>0x534d</value>
         <object_component_ref idref="oc-b6"/>
      </symbol>
      <symbol id="sm-723">
         <name>IntRegister</name>
         <value>0x588d</value>
         <object_component_ref idref="oc-ae"/>
      </symbol>
      <symbol id="sm-724">
         <name>IntUnregister</name>
         <value>0x5985</value>
         <object_component_ref idref="oc-ba"/>
      </symbol>
      <symbol id="sm-725">
         <name>g_pfnRAMVectors</name>
         <value>0x20000000</value>
         <object_component_ref idref="oc-161"/>
      </symbol>
      <symbol id="sm-726">
         <name>IntMasterEnable</name>
         <value>0x5a43</value>
         <object_component_ref idref="oc-c2"/>
      </symbol>
      <symbol id="sm-76b">
         <name>GPIOPinTypeUART</name>
         <value>0x59f9</value>
         <object_component_ref idref="oc-2f7"/>
      </symbol>
      <symbol id="sm-76c">
         <name>GPIOPinTypeGPIOOutput</name>
         <value>0x59d5</value>
         <object_component_ref idref="oc-1b7"/>
      </symbol>
      <symbol id="sm-76d">
         <name>GPIOPinRead</name>
         <value>0x5a8f</value>
         <object_component_ref idref="oc-328"/>
      </symbol>
      <symbol id="sm-76e">
         <name>GPIODirModeSet</name>
         <value>0x58c1</value>
         <object_component_ref idref="oc-2d9"/>
      </symbol>
      <symbol id="sm-76f">
         <name>GPIOPinWrite</name>
         <value>0x5a95</value>
         <object_component_ref idref="oc-190"/>
      </symbol>
      <symbol id="sm-770">
         <name>GPIOPadConfigSet</name>
         <value>0x4e8d</value>
         <object_component_ref idref="oc-1ab"/>
      </symbol>
      <symbol id="sm-771">
         <name>GPIOPinTypeSSI</name>
         <value>0x59e7</value>
         <object_component_ref idref="oc-1a7"/>
      </symbol>
      <symbol id="sm-779">
         <name>CPUcpsie</name>
         <value>0x5a2b</value>
         <object_component_ref idref="oc-176"/>
      </symbol>
      <symbol id="sm-789">
         <name>_c_int00</name>
         <value>0x57d1</value>
         <object_component_ref idref="oc-24"/>
      </symbol>
      <symbol id="sm-78a">
         <name>__stack</name>
         <value>0x2000c810</value>
         <object_component_ref idref="oc-2a"/>
      </symbol>
      <symbol id="sm-7a1">
         <name>__TI_decompress_none</name>
         <value>0x5a1d</value>
         <object_component_ref idref="oc-12"/>
      </symbol>
      <symbol id="sm-7c9">
         <name>__TI_decompress_rle24</name>
         <value>0x5aa1</value>
         <object_component_ref idref="oc-18"/>
      </symbol>
      <symbol id="sm-7eb">
         <name>C$$EXIT</name>
         <value>0x55d5</value>
         <object_component_ref idref="oc-85"/>
      </symbol>
      <symbol id="sm-7ec">
         <name>abort</name>
         <value>0x55d9</value>
         <object_component_ref idref="oc-85"/>
      </symbol>
      <symbol id="sm-7ed">
         <name>exit</name>
         <value>0x55e1</value>
         <object_component_ref idref="oc-85"/>
      </symbol>
      <symbol id="sm-7ee">
         <name>__TI_dtors_ptr</name>
         <value>0x2000d058</value>
         <object_component_ref idref="oc-110"/>
      </symbol>
      <symbol id="sm-7ef">
         <name>__TI_cleanup_ptr</name>
         <value>0x2000d054</value>
         <object_component_ref idref="oc-110"/>
      </symbol>
      <symbol id="sm-7f0">
         <name>__TI_enable_exit_profile_output</name>
         <value>0x2000d05c</value>
         <object_component_ref idref="oc-110"/>
      </symbol>
      <symbol id="sm-80b">
         <name>memcpy</name>
         <value>0x4f55</value>
         <object_component_ref idref="oc-48"/>
      </symbol>
      <symbol id="sm-80c">
         <name>__aeabi_memcpy</name>
         <value>0x4f55</value>
         <object_component_ref idref="oc-48"/>
      </symbol>
      <symbol id="sm-80d">
         <name>__aeabi_memcpy8</name>
         <value>0x4f55</value>
         <object_component_ref idref="oc-48"/>
      </symbol>
      <symbol id="sm-80e">
         <name>__aeabi_memcpy4</name>
         <value>0x4f55</value>
         <object_component_ref idref="oc-48"/>
      </symbol>
      <symbol id="sm-81d">
         <name>__aeabi_memset</name>
         <value>0x517f</value>
         <object_component_ref idref="oc-61"/>
      </symbol>
      <symbol id="sm-81e">
         <name>memset</name>
         <value>0x5185</value>
         <object_component_ref idref="oc-61"/>
      </symbol>
      <symbol id="sm-81f">
         <name>__aeabi_memset8</name>
         <value>0x517f</value>
         <object_component_ref idref="oc-61"/>
      </symbol>
      <symbol id="sm-820">
         <name>__aeabi_memset4</name>
         <value>0x517f</value>
         <object_component_ref idref="oc-61"/>
      </symbol>
      <symbol id="sm-821">
         <name>__aeabi_memclr8</name>
         <value>0x517d</value>
         <object_component_ref idref="oc-61"/>
      </symbol>
      <symbol id="sm-822">
         <name>__aeabi_memclr4</name>
         <value>0x517d</value>
         <object_component_ref idref="oc-61"/>
      </symbol>
      <symbol id="sm-823">
         <name>__aeabi_memclr</name>
         <value>0x517d</value>
         <object_component_ref idref="oc-61"/>
      </symbol>
      <symbol id="sm-82d">
         <name>__mpu_init</name>
         <value>0x534b</value>
         <object_component_ref idref="oc-6d"/>
      </symbol>
      <symbol id="sm-837">
         <name>_system_pre_init</name>
         <value>0x5aa7</value>
         <object_component_ref idref="oc-73"/>
      </symbol>
      <symbol id="sm-850">
         <name>sprintf</name>
         <value>0x5415</value>
         <object_component_ref idref="oc-c6"/>
      </symbol>
      <symbol id="sm-858">
         <name>main_func_sp</name>
         <value>0x2000d090</value>
         <object_component_ref idref="oc-8b"/>
      </symbol>
      <symbol id="sm-867">
         <name>__aeabi_uidivmod</name>
         <value>0x5811</value>
         <object_component_ref idref="oc-31c"/>
      </symbol>
      <symbol id="sm-868">
         <name>__aeabi_uidiv</name>
         <value>0x5811</value>
         <object_component_ref idref="oc-31c"/>
      </symbol>
      <symbol id="sm-881">
         <name>_nop</name>
         <value>0x59bb</value>
         <object_component_ref idref="oc-20c"/>
      </symbol>
      <symbol id="sm-882">
         <name>_lock</name>
         <value>0x2000d060</value>
         <object_component_ref idref="oc-113"/>
      </symbol>
      <symbol id="sm-883">
         <name>_unlock</name>
         <value>0x2000d064</value>
         <object_component_ref idref="oc-113"/>
      </symbol>
      <symbol id="sm-884">
         <name>_register_lock</name>
         <value>0x59b3</value>
         <object_component_ref idref="oc-20c"/>
      </symbol>
      <symbol id="sm-885">
         <name>_register_unlock</name>
         <value>0x59ad</value>
         <object_component_ref idref="oc-20c"/>
      </symbol>
      <symbol id="sm-98c">
         <name>__TI_printfi</name>
         <value>0xfeb</value>
         <object_component_ref idref="oc-17f"/>
      </symbol>
      <symbol id="sm-9a0">
         <name>_args_main</name>
         <value>0x5955</value>
         <object_component_ref idref="oc-7f"/>
      </symbol>
      <symbol id="sm-9b6">
         <name>atoi</name>
         <value>0x5629</value>
         <object_component_ref idref="oc-2b4"/>
      </symbol>
      <symbol id="sm-9db">
         <name>__TI_auto_init</name>
         <value>0x5271</value>
         <object_component_ref idref="oc-79"/>
      </symbol>
      <symbol id="sm-9f5">
         <name>copy_in</name>
         <value>0x5675</value>
         <object_component_ref idref="oc-fa"/>
      </symbol>
      <symbol id="sm-a00">
         <name>_ctypes_</name>
         <value>0x5c8c</value>
         <object_component_ref idref="oc-37c"/>
      </symbol>
      <symbol id="sm-a17">
         <name>__aeabi_dsub</name>
         <value>0x43e9</value>
         <object_component_ref idref="oc-297"/>
      </symbol>
      <symbol id="sm-a18">
         <name>__aeabi_dadd</name>
         <value>0x43f3</value>
         <object_component_ref idref="oc-297"/>
      </symbol>
      <symbol id="sm-a3a">
         <name>__aeabi_cdcmpeq</name>
         <value>0x4ff1</value>
         <object_component_ref idref="oc-273"/>
      </symbol>
      <symbol id="sm-a3b">
         <name>__aeabi_cdcmple</name>
         <value>0x4ff1</value>
         <object_component_ref idref="oc-273"/>
      </symbol>
      <symbol id="sm-a3c">
         <name>__aeabi_cdrcmple</name>
         <value>0x5077</value>
         <object_component_ref idref="oc-282"/>
      </symbol>
      <symbol id="sm-a50">
         <name>__aeabi_ddiv</name>
         <value>0x487d</value>
         <object_component_ref idref="oc-27d"/>
      </symbol>
      <symbol id="sm-a5b">
         <name>__aeabi_dmul</name>
         <value>0x4add</value>
         <object_component_ref idref="oc-278"/>
      </symbol>
      <symbol id="sm-a65">
         <name>__aeabi_d2iz</name>
         <value>0x56c1</value>
         <object_component_ref idref="oc-287"/>
      </symbol>
      <symbol id="sm-a6f">
         <name>__aeabi_idiv0</name>
         <value>0x51f7</value>
         <object_component_ref idref="oc-3a2"/>
      </symbol>
      <symbol id="sm-a79">
         <name>__aeabi_i2d</name>
         <value>0x58ef</value>
         <object_component_ref idref="oc-292"/>
      </symbol>
      <symbol id="sm-a88">
         <name>ltoa</name>
         <value>0x5529</value>
         <object_component_ref idref="oc-28c"/>
      </symbol>
      <symbol id="sm-a98">
         <name>memccpy</name>
         <value>0x5939</value>
         <object_component_ref idref="oc-2ae"/>
      </symbol>
      <symbol id="sm-ab1">
         <name>frexpl</name>
         <value>0x5475</value>
         <object_component_ref idref="oc-29c"/>
      </symbol>
      <symbol id="sm-ab2">
         <name>frexp</name>
         <value>0x5475</value>
         <object_component_ref idref="oc-29c"/>
      </symbol>
      <symbol id="sm-ad0">
         <name>scalbn</name>
         <value>0x4dbd</value>
         <object_component_ref idref="oc-2a2"/>
      </symbol>
      <symbol id="sm-ad1">
         <name>scalbnl</name>
         <value>0x4dbd</value>
         <object_component_ref idref="oc-2a2"/>
      </symbol>
      <symbol id="sm-ad2">
         <name>ldexpl</name>
         <value>0x4dbd</value>
         <object_component_ref idref="oc-2a2"/>
      </symbol>
      <symbol id="sm-ad3">
         <name>ldexp</name>
         <value>0x4dbd</value>
         <object_component_ref idref="oc-2a2"/>
      </symbol>
      <symbol id="sm-add">
         <name>_system_post_cinit</name>
         <value>0x557f</value>
         <object_component_ref idref="oc-100"/>
      </symbol>
      <symbol id="sm-aed">
         <name>strchr</name>
         <value>0x596d</value>
         <object_component_ref idref="oc-2a8"/>
      </symbol>
      <symbol id="sm-afb">
         <name>strlen</name>
         <value>0x59c1</value>
         <object_component_ref idref="oc-26d"/>
      </symbol>
      <symbol id="sm-b17">
         <name>__aeabi_uldivmod</name>
         <value>0x403d</value>
         <object_component_ref idref="oc-268"/>
      </symbol>
      <symbol id="sm-b1f">
         <name>errno</name>
         <value>0x2000d08c</value>
         <object_component_ref idref="oc-373"/>
      </symbol>
      <symbol id="sm-b29">
         <name>copysign</name>
         <value>0x5a87</value>
         <object_component_ref idref="oc-36d"/>
      </symbol>
      <symbol id="sm-b2a">
         <name>copysignl</name>
         <value>0x5a87</value>
         <object_component_ref idref="oc-36d"/>
      </symbol>
      <symbol id="sm-b2b">
         <name>__TI_static_base__</name>
         <value>0x0</value>
      </symbol>
      <symbol id="sm-b2e">
         <name>SHT$$INIT_ARRAY$$Limit</name>
         <value>0x0</value>
      </symbol>
      <symbol id="sm-b2f">
         <name>SHT$$INIT_ARRAY$$Base</name>
         <value>0x0</value>
      </symbol>
   </symbol_table>
   <title>Link successful</title>
</link_info>
