******************************************************************************
                  TI ARM Linker PC v15.12.1                    
******************************************************************************
>> Linked Wed Feb 15 15:45:56 2017

OUTPUT FILE NAME:   <Program_PushButton.out>
ENTRY POINT SYMBOL: "_c_int00"  address: 00002181


MEMORY CONFIGURATION

         name            origin    length      used     unused   attr    fill
----------------------  --------  ---------  --------  --------  ----  --------
  FLASH                 00000000   00040000  00002867  0003d799  R  X
  SRAM                  20000000   00010000  00000889  0000f777  RW X


SEGMENT ALLOCATION MAP

run origin  load origin   length   init length attrs members
----------  ----------- ---------- ----------- ----- -------
00000000    00000000    0000286c   0000286c    r-x
  00000000    00000000    000000f0   000000f0    r-- .intvecs
  000000f0    000000f0    0000230c   0000230c    r-x .text
  000023fc    000023fc    00000417   00000417    r-- .const
  00002818    00002818    00000054   00000054    r-- .cinit
20000000    20000000    00000889   00000000    rw-
  20000000    20000000    00000800   00000000    rw- .stack
  20000800    20000800    0000005c   00000000    rw- .data
  2000085c    2000085c    0000002d   00000000    rw- .bss


SECTION ALLOCATION MAP

 output                                  attributes/
section   page    origin      length       input sections
--------  ----  ----------  ----------   ----------------
.intvecs   0    00000000    000000f0     
                  00000000    000000f0     Program_PushButton_startup.obj (.intvecs)

.text      0    000000f0    0000230c     
                  000000f0    00000764     rtsv7M3_T_le_eabi.lib : _printfi_nf.obj (.text)
                  00000854    00000510     rit128x96x4.obj (.text)
                  00000d64    00000488     uartstdio.obj (.text)
                  000011ec    00000270     Task_PushButton.obj (.text)
                  0000145c    000001f4     rtsv7M3_T_le_eabi.lib : ull_div_t2.obj (.text)
                  00001650    00000198     driverlib-cm3.lib : sysctl.obj (.text:SysCtlClockGet)
                  000017e8    00000144                       : sysctl.obj (.text:SysCtlClockSet)
                  0000192c    0000011c     Task_Speakerbuzz.obj (.text)
                  00001a48    000000c8     driverlib-cm3.lib : gpio.obj (.text:GPIOPadConfigSet)
                  00001b10    000000a4     Task_LEDBlink.obj (.text)
                  00001bb4    000000a4     Task_ReportSysTick.obj (.text)
                  00001c58    0000009c     rtsv7M3_T_le_eabi.lib : memcpy_t2.obj (.text)
                  00001cf4    00000090     Program_PushButton.obj (.text)
                  00001d84    0000007a     rtsv7M3_T_le_eabi.lib : memset_t2.obj (.text)
                  00001dfe    00000002                           : i_div0.obj (.text)
                  00001e00    00000078     driverlib-cm3.lib : sysctl.obj (.text:SysCtlPeripheralPresent)
                  00001e78    00000070     rtsv7M3_T_le_eabi.lib : autoinit.obj (.text)
                  00001ee8    0000006a                           : copy_decompress_rle.obj (.text)
                  00001f52    00000002                           : mpu_init.obj (.text)
                  00001f54    00000060                           : sprintf.obj (.text)
                  00001fb4    00000058     driverlib-cm3.lib : sysctl.obj (.text:SysCtlPeripheralEnable)
                  0000200c    00000054     rtsv7M3_T_le_eabi.lib : exit.obj (.text)
                  00002060    0000004c                           : atoi.obj (.text)
                  000020ac    0000004c                           : cpy_tbl.obj (.text)
                  000020f8    00000044     driverlib-cm3.lib : ssi.obj (.text:SSIConfigSetExpClk)
                  0000213c    00000042                       : uart.obj (.text:UARTConfigSetExpClk)
                  0000217e    00000002     rtsv7M3_T_le_eabi.lib : startup.obj (.text)
                  00002180    00000040                           : boot.obj (.text)
                  000021c0    00000040                           : u_divt2.obj (.text)
                  00002200    0000003c     UARTStdio_Initialization.obj (.text)
                  0000223c    0000002e     driverlib-cm3.lib : gpio.obj (.text:GPIODirModeSet)
                  0000226a    00000002     --HOLE-- [fill = 0]
                  0000226c    0000001c                       : uart.obj (.text:UARTDisable)
                  00002288    0000001a     rtsv7M3_T_le_eabi.lib : memccpy.obj (.text)
                  000022a2    00000002     --HOLE-- [fill = 0]
                  000022a4    00000018                           : args_main.obj (.text)
                  000022bc    00000014     driverlib-cm3.lib : systick.obj (.text:SysTickEnable)
                  000022d0    00000014                       : systick.obj (.text:SysTickIntEnable)
                  000022e4    00000014                       : uart.obj (.text:UARTEnable)
                  000022f8    00000014     rtsv7M3_T_le_eabi.lib : _lock.obj (.text)
                  0000230c    00000014                           : strlen.obj (.text)
                  00002320    00000012     driverlib-cm3.lib : gpio.obj (.text:GPIOPinTypeGPIOInput)
                  00002332    00000012                       : gpio.obj (.text:GPIOPinTypeGPIOOutput)
                  00002344    00000012                       : gpio.obj (.text:GPIOPinTypeSSI)
                  00002356    00000012                       : gpio.obj (.text:GPIOPinTypeUART)
                  00002368    00000012                       : ssi.obj (.text:SSIDataGetNonBlocking)
                  0000237a    00000002     --HOLE-- [fill = 0]
                  0000237c    00000010                       : systick.obj (.text:SysTickPeriodSet)
                  0000238c    0000000e     rtsv7M3_T_le_eabi.lib : copy_decompress_none.obj (.text:decompress:none)
                  0000239a    0000000c     Program_PushButton_startup.obj (.text)
                  000023a6    0000000a     driverlib-cm3.lib : ssi.obj (.text:SSIDataPut)
                  000023b0    0000000a                       : ssi.obj (.text:SSIDisable)
                  000023ba    0000000a                       : ssi.obj (.text:SSIEnable)
                  000023c4    0000000a                       : uart.obj (.text:UARTCharGet)
                  000023ce    0000000a                       : uart.obj (.text:UARTCharPut)
                  000023d8    00000008                       : ssi.obj (.text:SSIBusy)
                  000023e0    00000006                       : gpio.obj (.text:GPIOPinRead)
                  000023e6    00000006                       : gpio.obj (.text:GPIOPinWrite)
                  000023ec    00000006                       : sysctl.obj (.text:SysCtlDelay)
                  000023f2    00000006     rtsv7M3_T_le_eabi.lib : copy_decompress_rle.obj (.text:decompress:rle24)
                  000023f8    00000004                           : pre_init.obj (.text)

.const     0    000023fc    00000417     
                  000023fc    000001e0     rit128x96x4.obj (.const:g_pucFont)
                  000025dc    00000101     rtsv7M3_T_le_eabi.lib : ctype.obj (.const:.string:_ctypes_)
                  000026dd    00000003     rit128x96x4.obj (.const:.string:pucCommand1$1)
                  000026e0    0000006c     driverlib-cm3.lib : sysctl.obj (.const:g_pulXtals)
                  0000274c    0000004f     rit128x96x4.obj (.const:.string:g_pucRIT128x96x4Init)
                  0000279b    00000001     --HOLE-- [fill = 0]
                  0000279c    00000040     driverlib-cm3.lib : sysctl.obj (.const)
                  000027dc    00000012     uartstdio.obj (.const:.string)
                  000027ee    00000002     rit128x96x4.obj (.const:.string:g_pucRIT128x96x4HorizontalInc)
                  000027f0    0000000c     uartstdio.obj (.const:g_ulUARTBase)
                  000027fc    0000000c     uartstdio.obj (.const:g_ulUARTPeriph)
                  00002808    00000004     uartstdio.obj (.const)
                  0000280c    00000003     rit128x96x4.obj (.const:.string:pucCommand2$2)
                  0000280f    00000002     rit128x96x4.obj (.const:.string:g_pucRIT128x96x4VerticalInc)
                  00002811    00000002     rit128x96x4.obj (.const:.string:pucCommand1$3)

.cinit     0    00002818    00000054     
                  00002818    0000002b     (.cinit..data.load) [load image, compression = rle]
                  00002843    00000005     --HOLE-- [fill = 0]
                  00002848    00000009     (.cinit..bss.load) [load image, compression = rle]
                  00002851    00000003     --HOLE-- [fill = 0]
                  00002854    00000008     (__TI_handler_table)
                  0000285c    00000010     (__TI_cinit_table)

.init_array 
*          0    00000000    00000000     UNINITIALIZED

.stack     0    20000000    00000800     UNINITIALIZED
                  20000000    00000800     --HOLE--

.data      0    20000800    0000005c     UNINITIALIZED
                  20000800    0000000d     Task_Speakerbuzz.obj (.data)
                  2000080d    00000003     --HOLE--
                  20000810    0000000c     rtsv7M3_T_le_eabi.lib : exit.obj (.data:$O1$$)
                  2000081c    0000000c     Task_ReportSysTick.obj (.data)
                  20000828    00000009     Program_PushButton.obj (.data)
                  20000831    00000003     --HOLE--
                  20000834    00000008     rtsv7M3_T_le_eabi.lib : _lock.obj (.data:$O1$$)
                  2000083c    00000006     Task_PushButton.obj (.data)
                  20000842    00000002     --HOLE--
                  20000844    00000005     Task_LEDBlink.obj (.data)
                  20000849    00000003     --HOLE--
                  2000084c    00000005     uartstdio.obj (.data)
                  20000851    00000003     --HOLE--
                  20000854    00000004     UARTStdio_Initialization.obj (.data)
                  20000858    00000004     rtsv7M3_T_le_eabi.lib : stkdepth_vars.obj (.data)

.bss       0    2000085c    0000002d     UNINITIALIZED
                  2000085c    00000008     Task_Speakerbuzz.obj (.bss)
                  20000864    00000008     rit128x96x4.obj (.bss:g_pucBuffer)
                  2000086c    00000004     Task_LEDBlink.obj (.bss)
                  20000870    00000004     Task_PushButton.obj (.bss)
                  20000874    00000004     Task_ReportSysTick.obj (.bss)
                  20000878    00000004     rit128x96x4.obj (.bss)
                  2000087c    00000004     (.common:bSignal)
                  20000880    00000004     (.common:g_ulSystemClock)
                  20000884    00000004     (.common:pSignal)
                  20000888    00000001     (.common:ButtonIndex)

MODULE SUMMARY

       Module                           code   ro data   rw data
       ------                           ----   -------   -------
    .\
       Program_PushButton_startup.obj   12     240       0      
       Program_PushButton.obj           144    0         13     
    +--+--------------------------------+------+---------+---------+
       Total:                           156    240       13     
                                                                
    .\Drivers\
       rit128x96x4.obj                  1296   571       12     
       uartstdio.obj                    1160   46        5      
       UARTStdio_Initialization.obj     60     0         4      
    +--+--------------------------------+------+---------+---------+
       Total:                           2516   617       21     
                                                                
    .\Tasks\
       Task_PushButton.obj              624    0         19     
       Task_Speakerbuzz.obj             284    0         21     
       Task_ReportSysTick.obj           164    0         16     
       Task_LEDBlink.obj                164    0         9      
    +--+--------------------------------+------+---------+---------+
       Total:                           1236   0         65     
                                                                
    C:/TI_CodeComposer/StellarisWare-LM3S1968/driverlib/ccs-cm3/Debug/driverlib-cm3.lib
       sysctl.obj                       946    172       0      
       gpio.obj                         330    0         0      
       uart.obj                         134    0         0      
       ssi.obj                          124    0         0      
       systick.obj                      56     0         0      
    +--+--------------------------------+------+---------+---------+
       Total:                           1590   172       0      
                                                                
    C:\TI_CodeComposer\ccsv6\tools\compiler\ti-cgt-arm_15.12.1.LTS\lib\rtsv7M3_T_le_eabi.lib
       _printfi_nf.obj                  1892   0         0      
       ull_div_t2.obj                   500    0         0      
       ctype.obj                        0      257       0      
       memcpy_t2.obj                    156    0         0      
       memset_t2.obj                    122    0         0      
       autoinit.obj                     112    0         0      
       copy_decompress_rle.obj          112    0         0      
       exit.obj                         84     0         12     
       sprintf.obj                      96     0         0      
       atoi.obj                         76     0         0      
       cpy_tbl.obj                      76     0         0      
       boot.obj                         64     0         0      
       u_divt2.obj                      64     0         0      
       _lock.obj                        20     0         8      
       memccpy.obj                      26     0         0      
       args_main.obj                    24     0         0      
       strlen.obj                       20     0         0      
       copy_decompress_none.obj         14     0         0      
       pre_init.obj                     4      0         0      
       stkdepth_vars.obj                0      0         4      
       i_div0.obj                       2      0         0      
       mpu_init.obj                     2      0         0      
       startup.obj                      2      0         0      
    +--+--------------------------------+------+---------+---------+
       Total:                           3468   257       24     
                                                                
       Stack:                           0      0         2048   
       Linker Generated:                0      76        0      
    +--+--------------------------------+------+---------+---------+
       Grand Total:                     8966   1362      2171   


LINKER GENERATED COPY TABLES

__TI_cinit_table @ 0000285c records: 2, size/record: 8, table size: 16
	.data: load addr=00002818, load size=0000002b bytes, run addr=20000800, run size=0000005c bytes, compression=rle
	.bss: load addr=00002848, load size=00000009 bytes, run addr=2000085c, run size=0000002d bytes, compression=rle


LINKER GENERATED HANDLER TABLE

__TI_handler_table @ 00002854 records: 2, size/record: 4, table size: 8
	index: 0, handler: __TI_decompress_rle24
	index: 1, handler: __TI_decompress_none


GLOBAL SYMBOLS: SORTED ALPHABETICALLY BY Name 

address   name                           
-------   ----                           
20000888  ButtonIndex                    
0000200d  C$$EXIT                        
0000223d  GPIODirModeSet                 
00001a49  GPIOPadConfigSet               
000023e1  GPIOPinRead                    
00002321  GPIOPinTypeGPIOInput           
00002333  GPIOPinTypeGPIOOutput          
00002345  GPIOPinTypeSSI                 
00002357  GPIOPinTypeUART                
000023e7  GPIOPinWrite                   
00001cff  Initialize_OLED                
20000830  OLED_Initialized               
0000095d  RIT128x96x4Clear               
00000bdb  RIT128x96x4Disable             
00000d2d  RIT128x96x4DisplayOff          
00000cf9  RIT128x96x4DisplayOn           
00000b81  RIT128x96x4Enable              
00000af9  RIT128x96x4ImageDraw           
00000c55  RIT128x96x4Init                
000009b9  RIT128x96x4StringDraw          
0000239b  ResetISR                       
UNDEFED   SHT$$INIT_ARRAY$$Base          
UNDEFED   SHT$$INIT_ARRAY$$Limit         
000023d9  SSIBusy                        
000020f9  SSIConfigSetExpClk             
00002369  SSIDataGetNonBlocking          
000023a7  SSIDataPut                     
000023b1  SSIDisable                     
000023bb  SSIEnable                      
00001651  SysCtlClockGet                 
000017e9  SysCtlClockSet                 
000023ed  SysCtlDelay                    
00001fb5  SysCtlPeripheralEnable         
00001e01  SysCtlPeripheralPresent        
2000082c  SysTickCount_Nbr               
000022bd  SysTickEnable                  
20000828  SysTickFrequency_Nbr           
000022d1  SysTickIntEnable               
00001cf5  SysTickIntHandler              
0000237d  SysTickPeriodSet               
00001b11  Task_LEDBlink                  
000011ed  Task_PushButton                
00001bb5  Task_ReportSysTick             
000019e9  Task_SpeakerVarSet             
0000192d  Task_Speakerbuzz               
000023c5  UARTCharGet                    
000023cf  UARTCharPut                    
0000213d  UARTConfigSetExpClk            
0000226d  UARTDisable                    
000022e5  UARTEnable                     
00000d65  UARTStdioInit                  
00000d75  UARTStdioInitExpClk            
20000854  UARTStdioInitFlag              
00002201  UARTStdio_Initialization       
00000ebb  UARTgetc                       
00000e03  UARTgets                       
00000ee1  UARTprintf                     
00000dbd  UARTwrite                      
20000800  __STACK_END                    
00000800  __STACK_SIZE                   
20000200  __STACK_TOP                    
0000285c  __TI_CINIT_Base                
0000286c  __TI_CINIT_Limit               
00002854  __TI_Handler_Table_Base        
0000285c  __TI_Handler_Table_Limit       
00001e79  __TI_auto_init                 
20000810  __TI_cleanup_ptr               
0000238d  __TI_decompress_none           
000023f3  __TI_decompress_rle24          
20000814  __TI_dtors_ptr                 
20000818  __TI_enable_exit_profile_output
ffffffff  __TI_pprof_out_hndl            
00000551  __TI_printfi_nofloat           
ffffffff  __TI_prof_data_size            
ffffffff  __TI_prof_data_start           
00000000  __TI_static_base__             
00001dff  __aeabi_idiv0                  
00001d85  __aeabi_memclr                 
00001d85  __aeabi_memclr4                
00001d85  __aeabi_memclr8                
00001c59  __aeabi_memcpy                 
00001c59  __aeabi_memcpy4                
00001c59  __aeabi_memcpy8                
00001d87  __aeabi_memset                 
00001d87  __aeabi_memset4                
00001d87  __aeabi_memset8                
000021c1  __aeabi_uidiv                  
000021c1  __aeabi_uidivmod               
0000145d  __aeabi_uldivmod               
ffffffff  __binit__                      
ffffffff  __c_args__                     
00001f53  __mpu_init                     
20000000  __stack                        
000022a5  _args_main                     
00002181  _c_int00                       
000025dc  _ctypes_                       
20000834  _lock                          
00002307  _nop                           
000022ff  _register_lock                 
000022f9  _register_unlock               
0000217f  _system_post_cinit             
000023f9  _system_pre_init               
20000838  _unlock                        
00002011  abort                          
00002061  atoi                           
2000087c  bSignal                        
20000841  bState                         
ffffffff  binit                          
000020ad  copy_in                        
00002019  exit                           
00000000  g_pfnVectors                   
20000880  g_ulSystemClock                
00001d21  main                           
20000858  main_func_sp                   
00002289  memccpy                        
00001c59  memcpy                         
00001d8d  memset                         
20000884  pSignal                        
00001f55  sprintf                        
0000230d  strlen                         


GLOBAL SYMBOLS: SORTED BY Symbol Address 

address   name                           
-------   ----                           
00000000  __TI_static_base__             
00000000  g_pfnVectors                   
00000551  __TI_printfi_nofloat           
00000800  __STACK_SIZE                   
0000095d  RIT128x96x4Clear               
000009b9  RIT128x96x4StringDraw          
00000af9  RIT128x96x4ImageDraw           
00000b81  RIT128x96x4Enable              
00000bdb  RIT128x96x4Disable             
00000c55  RIT128x96x4Init                
00000cf9  RIT128x96x4DisplayOn           
00000d2d  RIT128x96x4DisplayOff          
00000d65  UARTStdioInit                  
00000d75  UARTStdioInitExpClk            
00000dbd  UARTwrite                      
00000e03  UARTgets                       
00000ebb  UARTgetc                       
00000ee1  UARTprintf                     
000011ed  Task_PushButton                
0000145d  __aeabi_uldivmod               
00001651  SysCtlClockGet                 
000017e9  SysCtlClockSet                 
0000192d  Task_Speakerbuzz               
000019e9  Task_SpeakerVarSet             
00001a49  GPIOPadConfigSet               
00001b11  Task_LEDBlink                  
00001bb5  Task_ReportSysTick             
00001c59  __aeabi_memcpy                 
00001c59  __aeabi_memcpy4                
00001c59  __aeabi_memcpy8                
00001c59  memcpy                         
00001cf5  SysTickIntHandler              
00001cff  Initialize_OLED                
00001d21  main                           
00001d85  __aeabi_memclr                 
00001d85  __aeabi_memclr4                
00001d85  __aeabi_memclr8                
00001d87  __aeabi_memset                 
00001d87  __aeabi_memset4                
00001d87  __aeabi_memset8                
00001d8d  memset                         
00001dff  __aeabi_idiv0                  
00001e01  SysCtlPeripheralPresent        
00001e79  __TI_auto_init                 
00001f53  __mpu_init                     
00001f55  sprintf                        
00001fb5  SysCtlPeripheralEnable         
0000200d  C$$EXIT                        
00002011  abort                          
00002019  exit                           
00002061  atoi                           
000020ad  copy_in                        
000020f9  SSIConfigSetExpClk             
0000213d  UARTConfigSetExpClk            
0000217f  _system_post_cinit             
00002181  _c_int00                       
000021c1  __aeabi_uidiv                  
000021c1  __aeabi_uidivmod               
00002201  UARTStdio_Initialization       
0000223d  GPIODirModeSet                 
0000226d  UARTDisable                    
00002289  memccpy                        
000022a5  _args_main                     
000022bd  SysTickEnable                  
000022d1  SysTickIntEnable               
000022e5  UARTEnable                     
000022f9  _register_unlock               
000022ff  _register_lock                 
00002307  _nop                           
0000230d  strlen                         
00002321  GPIOPinTypeGPIOInput           
00002333  GPIOPinTypeGPIOOutput          
00002345  GPIOPinTypeSSI                 
00002357  GPIOPinTypeUART                
00002369  SSIDataGetNonBlocking          
0000237d  SysTickPeriodSet               
0000238d  __TI_decompress_none           
0000239b  ResetISR                       
000023a7  SSIDataPut                     
000023b1  SSIDisable                     
000023bb  SSIEnable                      
000023c5  UARTCharGet                    
000023cf  UARTCharPut                    
000023d9  SSIBusy                        
000023e1  GPIOPinRead                    
000023e7  GPIOPinWrite                   
000023ed  SysCtlDelay                    
000023f3  __TI_decompress_rle24          
000023f9  _system_pre_init               
000025dc  _ctypes_                       
00002854  __TI_Handler_Table_Base        
0000285c  __TI_CINIT_Base                
0000285c  __TI_Handler_Table_Limit       
0000286c  __TI_CINIT_Limit               
20000000  __stack                        
20000200  __STACK_TOP                    
20000800  __STACK_END                    
20000810  __TI_cleanup_ptr               
20000814  __TI_dtors_ptr                 
20000818  __TI_enable_exit_profile_output
20000828  SysTickFrequency_Nbr           
2000082c  SysTickCount_Nbr               
20000830  OLED_Initialized               
20000834  _lock                          
20000838  _unlock                        
20000841  bState                         
20000854  UARTStdioInitFlag              
20000858  main_func_sp                   
2000087c  bSignal                        
20000880  g_ulSystemClock                
20000884  pSignal                        
20000888  ButtonIndex                    
ffffffff  __TI_pprof_out_hndl            
ffffffff  __TI_prof_data_size            
ffffffff  __TI_prof_data_start           
ffffffff  __binit__                      
ffffffff  __c_args__                     
ffffffff  binit                          
UNDEFED   SHT$$INIT_ARRAY$$Base          
UNDEFED   SHT$$INIT_ARRAY$$Limit         

[120 symbols]
