******************************************************************************
                  TI ARM Linker PC v15.12.1                    
******************************************************************************
>> Linked Wed Feb 01 15:50:02 2017

OUTPUT FILE NAME:   <Program_Speakerbuzz.out>
ENTRY POINT SYMBOL: "_c_int00"  address: 000019b9


MEMORY CONFIGURATION

         name            origin    length      used     unused   attr    fill
----------------------  --------  ---------  --------  --------  ----  --------
  FLASH                 00000000   00040000  00001f81  0003e07f  R  X
  SRAM                  20000000   00010000  00000860  0000f7a0  RW X


SEGMENT ALLOCATION MAP

run origin  load origin   length   init length attrs members
----------  ----------- ---------- ----------- ----- -------
00000000    00000000    00001f84   00001f84    r-x
  00000000    00000000    000000f0   000000f0    r-- .intvecs
  000000f0    000000f0    00001a5c   00001a5c    r-x .text
  00001b4c    00001b4c    000003e9   000003e9    r-- .const
  00001f38    00001f38    0000004c   0000004c    r-- .cinit
20000000    20000000    00000860   00000000    rw-
  20000000    20000000    00000800   00000000    rw- .stack
  20000800    20000800    00000044   00000000    rw- .data
  20000844    20000844    0000001c   00000000    rw- .bss


SECTION ALLOCATION MAP

 output                                  attributes/
section   page    origin      length       input sections
--------  ----  ----------  ----------   ----------------
.intvecs   0    00000000    000000f0     
                  00000000    000000f0     Program_Speakerbuzz_startup.obj (.intvecs)

.text      0    000000f0    00001a5c     
                  000000f0    00000764     rtsv7M3_T_le_eabi.lib : _printfi_nf.obj (.text)
                  00000854    00000510     rit128x96x4.obj (.text)
                  00000d64    000001f4     rtsv7M3_T_le_eabi.lib : ull_div_t2.obj (.text)
                  00000f58    00000198     driverlib-cm3.lib : sysctl.obj (.text:SysCtlClockGet)
                  000010f0    00000144                       : sysctl.obj (.text:SysCtlClockSet)
                  00001234    0000010c     Task_Speakerbuzz.obj (.text)
                  00001340    000000c8     driverlib-cm3.lib : gpio.obj (.text:GPIOPadConfigSet)
                  00001408    000000a4     Task_LEDBlink.obj (.text)
                  000014ac    000000a4     Task_ReportSysTick.obj (.text)
                  00001550    0000009c     rtsv7M3_T_le_eabi.lib : memcpy_t2.obj (.text)
                  000015ec    0000008c     Program_Speakerbuzz.obj (.text)
                  00001678    0000007a     rtsv7M3_T_le_eabi.lib : memset_t2.obj (.text)
                  000016f2    00000002                           : mpu_init.obj (.text)
                  000016f4    00000070                           : autoinit.obj (.text)
                  00001764    0000006a                           : copy_decompress_rle.obj (.text)
                  000017ce    00000002                           : startup.obj (.text)
                  000017d0    00000060                           : sprintf.obj (.text)
                  00001830    00000058     driverlib-cm3.lib : sysctl.obj (.text:SysCtlPeripheralEnable)
                  00001888    00000054     rtsv7M3_T_le_eabi.lib : exit.obj (.text)
                  000018dc    0000004c                           : atoi.obj (.text)
                  00001928    0000004c                           : cpy_tbl.obj (.text)
                  00001974    00000044     driverlib-cm3.lib : ssi.obj (.text:SSIConfigSetExpClk)
                  000019b8    00000040     rtsv7M3_T_le_eabi.lib : boot.obj (.text)
                  000019f8    0000002e     driverlib-cm3.lib : gpio.obj (.text:GPIODirModeSet)
                  00001a26    0000001a     rtsv7M3_T_le_eabi.lib : memccpy.obj (.text)
                  00001a40    00000018                           : args_main.obj (.text)
                  00001a58    00000014     driverlib-cm3.lib : systick.obj (.text:SysTickEnable)
                  00001a6c    00000014                       : systick.obj (.text:SysTickIntEnable)
                  00001a80    00000014     rtsv7M3_T_le_eabi.lib : _lock.obj (.text)
                  00001a94    00000014                           : strlen.obj (.text)
                  00001aa8    00000012     driverlib-cm3.lib : gpio.obj (.text:GPIOPinTypeGPIOOutput)
                  00001aba    00000012                       : gpio.obj (.text:GPIOPinTypeSSI)
                  00001acc    00000012                       : ssi.obj (.text:SSIDataGetNonBlocking)
                  00001ade    00000002     --HOLE-- [fill = 0]
                  00001ae0    00000010                       : systick.obj (.text:SysTickPeriodSet)
                  00001af0    0000000e     rtsv7M3_T_le_eabi.lib : copy_decompress_none.obj (.text:decompress:none)
                  00001afe    0000000c     Program_Speakerbuzz_startup.obj (.text)
                  00001b0a    0000000a     driverlib-cm3.lib : ssi.obj (.text:SSIDataPut)
                  00001b14    0000000a                       : ssi.obj (.text:SSIDisable)
                  00001b1e    0000000a                       : ssi.obj (.text:SSIEnable)
                  00001b28    00000008                       : ssi.obj (.text:SSIBusy)
                  00001b30    00000006                       : gpio.obj (.text:GPIOPinRead)
                  00001b36    00000006                       : gpio.obj (.text:GPIOPinWrite)
                  00001b3c    00000006                       : sysctl.obj (.text:SysCtlDelay)
                  00001b42    00000006     rtsv7M3_T_le_eabi.lib : copy_decompress_rle.obj (.text:decompress:rle24)
                  00001b48    00000004                           : pre_init.obj (.text)

.const     0    00001b4c    000003e9     
                  00001b4c    000001e0     rit128x96x4.obj (.const:g_pucFont)
                  00001d2c    00000101     rtsv7M3_T_le_eabi.lib : ctype.obj (.const:.string:_ctypes_)
                  00001e2d    00000003     rit128x96x4.obj (.const:.string:pucCommand1$1)
                  00001e30    0000006c     driverlib-cm3.lib : sysctl.obj (.const:g_pulXtals)
                  00001e9c    0000004f     rit128x96x4.obj (.const:.string:g_pucRIT128x96x4Init)
                  00001eeb    00000001     --HOLE-- [fill = 0]
                  00001eec    00000040     driverlib-cm3.lib : sysctl.obj (.const)
                  00001f2c    00000003     rit128x96x4.obj (.const:.string:pucCommand2$2)
                  00001f2f    00000002     rit128x96x4.obj (.const:.string:g_pucRIT128x96x4HorizontalInc)
                  00001f31    00000002     rit128x96x4.obj (.const:.string:g_pucRIT128x96x4VerticalInc)
                  00001f33    00000002     rit128x96x4.obj (.const:.string:pucCommand1$3)

.cinit     0    00001f38    0000004c     
                  00001f38    00000027     (.cinit..data.load) [load image, compression = rle]
                  00001f5f    00000001     --HOLE-- [fill = 0]
                  00001f60    00000009     (.cinit..bss.load) [load image, compression = rle]
                  00001f69    00000003     --HOLE-- [fill = 0]
                  00001f6c    00000008     (__TI_handler_table)
                  00001f74    00000010     (__TI_cinit_table)

.init_array 
*          0    00000000    00000000     UNINITIALIZED

.stack     0    20000000    00000800     UNINITIALIZED
                  20000000    00000800     --HOLE--

.data      0    20000800    00000044     UNINITIALIZED
                  20000800    0000000c     rtsv7M3_T_le_eabi.lib : exit.obj (.data:$O1$$)
                  2000080c    0000000c     Task_ReportSysTick.obj (.data)
                  20000818    0000000c     Task_Speakerbuzz.obj (.data)
                  20000824    00000009     Program_Speakerbuzz.obj (.data)
                  2000082d    00000003     --HOLE--
                  20000830    00000008     rtsv7M3_T_le_eabi.lib : _lock.obj (.data:$O1$$)
                  20000838    00000005     Task_LEDBlink.obj (.data)
                  2000083d    00000003     --HOLE--
                  20000840    00000004     rtsv7M3_T_le_eabi.lib : stkdepth_vars.obj (.data)

.bss       0    20000844    0000001c     UNINITIALIZED
                  20000844    00000008     rit128x96x4.obj (.bss:g_pucBuffer)
                  2000084c    00000004     Task_LEDBlink.obj (.bss)
                  20000850    00000004     Task_ReportSysTick.obj (.bss)
                  20000854    00000004     Task_Speakerbuzz.obj (.bss)
                  20000858    00000004     rit128x96x4.obj (.bss)
                  2000085c    00000004     (.common:g_ulSystemClock)

MODULE SUMMARY

       Module                            code   ro data   rw data
       ------                            ----   -------   -------
    .\
       Program_Speakerbuzz_startup.obj   12     240       0      
       Program_Speakerbuzz.obj           140    0         13     
    +--+---------------------------------+------+---------+---------+
       Total:                            152    240       13     
                                                                 
    .\Drivers\
       rit128x96x4.obj                   1296   571       12     
    +--+---------------------------------+------+---------+---------+
       Total:                            1296   571       12     
                                                                 
    .\Tasks\
       Task_Speakerbuzz.obj              268    0         16     
       Task_ReportSysTick.obj            164    0         16     
       Task_LEDBlink.obj                 164    0         9      
    +--+---------------------------------+------+---------+---------+
       Total:                            596    0         41     
                                                                 
    C:/TI_CodeComposer/StellarisWare-LM3S1968/driverlib/ccs-cm3/Debug/driverlib-cm3.lib
       sysctl.obj                        826    172       0      
       gpio.obj                          294    0         0      
       ssi.obj                           124    0         0      
       systick.obj                       56     0         0      
    +--+---------------------------------+------+---------+---------+
       Total:                            1300   172       0      
                                                                 
    C:\TI_CodeComposer\ccsv6\tools\compiler\ti-cgt-arm_15.12.1.LTS\lib\rtsv7M3_T_le_eabi.lib
       _printfi_nf.obj                   1892   0         0      
       ull_div_t2.obj                    500    0         0      
       ctype.obj                         0      257       0      
       memcpy_t2.obj                     156    0         0      
       memset_t2.obj                     122    0         0      
       autoinit.obj                      112    0         0      
       copy_decompress_rle.obj           112    0         0      
       exit.obj                          84     0         12     
       sprintf.obj                       96     0         0      
       atoi.obj                          76     0         0      
       cpy_tbl.obj                       76     0         0      
       boot.obj                          64     0         0      
       _lock.obj                         20     0         8      
       memccpy.obj                       26     0         0      
       args_main.obj                     24     0         0      
       strlen.obj                        20     0         0      
       copy_decompress_none.obj          14     0         0      
       pre_init.obj                      4      0         0      
       stkdepth_vars.obj                 0      0         4      
       mpu_init.obj                      2      0         0      
       startup.obj                       2      0         0      
    +--+---------------------------------+------+---------+---------+
       Total:                            3402   257       24     
                                                                 
       Stack:                            0      0         2048   
       Linker Generated:                 0      72        0      
    +--+---------------------------------+------+---------+---------+
       Grand Total:                      6746   1312      2138   


LINKER GENERATED COPY TABLES

__TI_cinit_table @ 00001f74 records: 2, size/record: 8, table size: 16
	.data: load addr=00001f38, load size=00000027 bytes, run addr=20000800, run size=00000044 bytes, compression=rle
	.bss: load addr=00001f60, load size=00000009 bytes, run addr=20000844, run size=0000001c bytes, compression=rle


LINKER GENERATED HANDLER TABLE

__TI_handler_table @ 00001f6c records: 2, size/record: 4, table size: 8
	index: 0, handler: __TI_decompress_rle24
	index: 1, handler: __TI_decompress_none


GLOBAL SYMBOLS: SORTED ALPHABETICALLY BY Name 

address   name                           
-------   ----                           
00001889  C$$EXIT                        
000019f9  GPIODirModeSet                 
00001341  GPIOPadConfigSet               
00001b31  GPIOPinRead                    
00001aa9  GPIOPinTypeGPIOOutput          
00001abb  GPIOPinTypeSSI                 
00001b37  GPIOPinWrite                   
000015f7  Initialize_OLED                
2000082c  OLED_Initialized               
0000095d  RIT128x96x4Clear               
00000bdb  RIT128x96x4Disable             
00000d2d  RIT128x96x4DisplayOff          
00000cf9  RIT128x96x4DisplayOn           
00000b81  RIT128x96x4Enable              
00000af9  RIT128x96x4ImageDraw           
00000c55  RIT128x96x4Init                
000009b9  RIT128x96x4StringDraw          
00001aff  ResetISR                       
UNDEFED   SHT$$INIT_ARRAY$$Base          
UNDEFED   SHT$$INIT_ARRAY$$Limit         
00001b29  SSIBusy                        
00001975  SSIConfigSetExpClk             
00001acd  SSIDataGetNonBlocking          
00001b0b  SSIDataPut                     
00001b15  SSIDisable                     
00001b1f  SSIEnable                      
00000f59  SysCtlClockGet                 
000010f1  SysCtlClockSet                 
00001b3d  SysCtlDelay                    
00001831  SysCtlPeripheralEnable         
20000828  SysTickCount_Nbr               
00001a59  SysTickEnable                  
20000824  SysTickFrequency_Nbr           
00001a6d  SysTickIntEnable               
000015ed  SysTickIntHandler              
00001ae1  SysTickPeriodSet               
00001409  Task_LEDBlink                  
000014ad  Task_ReportSysTick             
00001235  Task_Speakerbuzz               
20000800  __STACK_END                    
00000800  __STACK_SIZE                   
20000200  __STACK_TOP                    
00001f74  __TI_CINIT_Base                
00001f84  __TI_CINIT_Limit               
00001f6c  __TI_Handler_Table_Base        
00001f74  __TI_Handler_Table_Limit       
000016f5  __TI_auto_init                 
20000800  __TI_cleanup_ptr               
00001af1  __TI_decompress_none           
00001b43  __TI_decompress_rle24          
20000804  __TI_dtors_ptr                 
20000808  __TI_enable_exit_profile_output
ffffffff  __TI_pprof_out_hndl            
00000551  __TI_printfi_nofloat           
ffffffff  __TI_prof_data_size            
ffffffff  __TI_prof_data_start           
00000000  __TI_static_base__             
00001679  __aeabi_memclr                 
00001679  __aeabi_memclr4                
00001679  __aeabi_memclr8                
00001551  __aeabi_memcpy                 
00001551  __aeabi_memcpy4                
00001551  __aeabi_memcpy8                
0000167b  __aeabi_memset                 
0000167b  __aeabi_memset4                
0000167b  __aeabi_memset8                
00000d65  __aeabi_uldivmod               
ffffffff  __binit__                      
ffffffff  __c_args__                     
000016f3  __mpu_init                     
20000000  __stack                        
00001a41  _args_main                     
000019b9  _c_int00                       
00001d2c  _ctypes_                       
20000830  _lock                          
00001a8f  _nop                           
00001a87  _register_lock                 
00001a81  _register_unlock               
000017cf  _system_post_cinit             
00001b49  _system_pre_init               
20000834  _unlock                        
0000188d  abort                          
000018dd  atoi                           
ffffffff  binit                          
00001929  copy_in                        
00001895  exit                           
00000000  g_pfnVectors                   
2000085c  g_ulSystemClock                
00001619  main                           
20000840  main_func_sp                   
00001a27  memccpy                        
00001551  memcpy                         
00001681  memset                         
000017d1  sprintf                        
00001a95  strlen                         


GLOBAL SYMBOLS: SORTED BY Symbol Address 

address   name                           
-------   ----                           
00000000  __TI_static_base__             
00000000  g_pfnVectors                   
00000551  __TI_printfi_nofloat           
00000800  __STACK_SIZE                   
0000095d  RIT128x96x4Clear               
000009b9  RIT128x96x4StringDraw          
00000af9  RIT128x96x4ImageDraw           
00000b81  RIT128x96x4Enable              
00000bdb  RIT128x96x4Disable             
00000c55  RIT128x96x4Init                
00000cf9  RIT128x96x4DisplayOn           
00000d2d  RIT128x96x4DisplayOff          
00000d65  __aeabi_uldivmod               
00000f59  SysCtlClockGet                 
000010f1  SysCtlClockSet                 
00001235  Task_Speakerbuzz               
00001341  GPIOPadConfigSet               
00001409  Task_LEDBlink                  
000014ad  Task_ReportSysTick             
00001551  __aeabi_memcpy                 
00001551  __aeabi_memcpy4                
00001551  __aeabi_memcpy8                
00001551  memcpy                         
000015ed  SysTickIntHandler              
000015f7  Initialize_OLED                
00001619  main                           
00001679  __aeabi_memclr                 
00001679  __aeabi_memclr4                
00001679  __aeabi_memclr8                
0000167b  __aeabi_memset                 
0000167b  __aeabi_memset4                
0000167b  __aeabi_memset8                
00001681  memset                         
000016f3  __mpu_init                     
000016f5  __TI_auto_init                 
000017cf  _system_post_cinit             
000017d1  sprintf                        
00001831  SysCtlPeripheralEnable         
00001889  C$$EXIT                        
0000188d  abort                          
00001895  exit                           
000018dd  atoi                           
00001929  copy_in                        
00001975  SSIConfigSetExpClk             
000019b9  _c_int00                       
000019f9  GPIODirModeSet                 
00001a27  memccpy                        
00001a41  _args_main                     
00001a59  SysTickEnable                  
00001a6d  SysTickIntEnable               
00001a81  _register_unlock               
00001a87  _register_lock                 
00001a8f  _nop                           
00001a95  strlen                         
00001aa9  GPIOPinTypeGPIOOutput          
00001abb  GPIOPinTypeSSI                 
00001acd  SSIDataGetNonBlocking          
00001ae1  SysTickPeriodSet               
00001af1  __TI_decompress_none           
00001aff  ResetISR                       
00001b0b  SSIDataPut                     
00001b15  SSIDisable                     
00001b1f  SSIEnable                      
00001b29  SSIBusy                        
00001b31  GPIOPinRead                    
00001b37  GPIOPinWrite                   
00001b3d  SysCtlDelay                    
00001b43  __TI_decompress_rle24          
00001b49  _system_pre_init               
00001d2c  _ctypes_                       
00001f6c  __TI_Handler_Table_Base        
00001f74  __TI_CINIT_Base                
00001f74  __TI_Handler_Table_Limit       
00001f84  __TI_CINIT_Limit               
20000000  __stack                        
20000200  __STACK_TOP                    
20000800  __STACK_END                    
20000800  __TI_cleanup_ptr               
20000804  __TI_dtors_ptr                 
20000808  __TI_enable_exit_profile_output
20000824  SysTickFrequency_Nbr           
20000828  SysTickCount_Nbr               
2000082c  OLED_Initialized               
20000830  _lock                          
20000834  _unlock                        
20000840  main_func_sp                   
2000085c  g_ulSystemClock                
ffffffff  __TI_pprof_out_hndl            
ffffffff  __TI_prof_data_size            
ffffffff  __TI_prof_data_start           
ffffffff  __binit__                      
ffffffff  __c_args__                     
ffffffff  binit                          
UNDEFED   SHT$$INIT_ARRAY$$Base          
UNDEFED   SHT$$INIT_ARRAY$$Limit         

[95 symbols]
