******************************************************************************
                  TI ARM Linker PC v15.12.1                    
******************************************************************************
>> Linked Wed Mar 29 16:32:41 2017

OUTPUT FILE NAME:   <Project7.out>
ENTRY POINT SYMBOL: "_c_int00"  address: 00005741


MEMORY CONFIGURATION

         name            origin    length      used     unused   attr    fill
----------------------  --------  ---------  --------  --------  ----  --------
  FLASH                 00000000   00040000  00005f10  0003a0f0  R  X
  SRAM                  20000000   00010000  0000d060  00002fa0  RW X


SEGMENT ALLOCATION MAP

run origin  load origin   length   init length attrs members
----------  ----------- ---------- ----------- ----- -------
00000000    00000000    00005f14   00005f14    r-x
  00000000    00000000    00000200   00000200    r-- .intvecs
  00000200    00000200    0000582a   0000582a    r-x .text
  00005a2c    00005a2c    0000048a   0000048a    r-- .const
  00005eb8    00005eb8    0000005c   0000005c    r-- .cinit
20000000    20000000    0000d064   00000000    rw-
  20000000    20000000    0000026c   00000000    rw- .vtable
  20000270    20000270    0000c588   00000000    rw- .bss
  2000c7f8    2000c7f8    00000800   00000000    rw- .stack
  2000cff8    2000cff8    0000006c   00000000    rw- .data


SECTION ALLOCATION MAP

 output                                  attributes/
section   page    origin      length       input sections
--------  ----  ----------  ----------   ----------------
.intvecs   0    00000000    00000200     
                  00000000    00000200     FreeRTOS_LM3S_Startup.obj (.intvecs)

.text      0    00000200    0000582a     
                  00000200    000010f0     rtsv7M3_T_le_eabi.lib : _printfi.obj (.text)
                  000012f0    00000ea0     tasks.obj (.text)
                  00002190    00000914     queue.obj (.text)
                  00002aa4    00000648     Task_PWM.obj (.text)
                  000030ec    00000528     timers.obj (.text)
                  00003614    00000510     rit128x96x4.obj (.text)
                  00003b24    00000488     uartstdio.obj (.text)
                  00003fac    000001f4     rtsv7M3_T_le_eabi.lib : ull_div_t2.obj (.text)
                  000041a0    000001b8     heap_2.obj (.text)
                  00004358    000001b6     rtsv7M3_T_le_eabi.lib : fd_add_t2.obj (.text)
                  0000450e    00000002     driverlib-cm3.lib : interrupt.obj (.text:IntDefaultHandler)
                  00004510    00000198                       : sysctl.obj (.text:SysCtlClockGet)
                  000046a8    00000144                       : sysctl.obj (.text:SysCtlClockSet)
                  000047ec    00000136     rtsv7M3_T_le_eabi.lib : fd_div_t2.obj (.text)
                  00004922    0000012a     list.obj (.text)
                  00004a4c    000000fc     rtsv7M3_T_le_eabi.lib : fd_mul_t2.obj (.text)
                  00004b48    000000f4     Main_Blinky.obj (.text)
                  00004c3c    000000f0     port.obj (.text)
                  00004d2c    000000d0     rtsv7M3_T_le_eabi.lib : s_scalbn.obj (.text)
                  00004dfc    000000c8     driverlib-cm3.lib : gpio.obj (.text:GPIOPadConfigSet)
                  00004ec4    0000009c     rtsv7M3_T_le_eabi.lib : memcpy_t2.obj (.text)
                  00004f60    00000086                           : fd_cmp_t2.obj (.text:__aeabi_cdcmple)
                  00004fe6    00000086                           : fd_cmp_t2.obj (.text:__aeabi_cdrcmple)
                  0000506c    00000080     portasm.obj (.text)
                  000050ec    0000007a     rtsv7M3_T_le_eabi.lib : memset_t2.obj (.text)
                  00005166    00000002                           : i_div0.obj (.text)
                  00005168    00000078     driverlib-cm3.lib : sysctl.obj (.text:SysCtlPeripheralPresent)
                  000051e0    00000070     rtsv7M3_T_le_eabi.lib : autoinit.obj (.text)
                  00005250    0000006a                           : copy_decompress_rle.obj (.text)
                  000052ba    00000002                           : mpu_init.obj (.text)
                  000052bc    00000064     driverlib-cm3.lib : interrupt.obj (.text:IntDisable)
                  00005320    00000064                       : interrupt.obj (.text:IntEnable)
                  00005384    00000060     rtsv7M3_T_le_eabi.lib : sprintf.obj (.text)
                  000053e4    0000005c                           : s_frexp.obj (.text)
                  00005440    00000058     driverlib-cm3.lib : sysctl.obj (.text:SysCtlPeripheralEnable)
                  00005498    00000056     rtsv7M3_T_le_eabi.lib : ltoa.obj (.text)
                  000054ee    00000002                           : startup.obj (.text)
                  000054f0    00000054     Task_Blinky.obj (.text)
                  00005544    00000054     rtsv7M3_T_le_eabi.lib : exit.obj (.text)
                  00005598    0000004c                           : atoi.obj (.text)
                  000055e4    0000004c                           : cpy_tbl.obj (.text)
                  00005630    00000048                           : fd_toi_t2.obj (.text)
                  00005678    00000044     driverlib-cm3.lib : ssi.obj (.text:SSIConfigSetExpClk)
                  000056bc    00000042     Task_ReportSysTick.obj (.text)
                  000056fe    00000042     driverlib-cm3.lib : uart.obj (.text:UARTConfigSetExpClk)
                  00005740    00000040     rtsv7M3_T_le_eabi.lib : boot.obj (.text)
                  00005780    00000040                           : u_divt2.obj (.text)
                  000057c0    0000003c     UARTStdio_Initialization_LM3S1968.obj (.text)
                  000057fc    00000034     driverlib-cm3.lib : interrupt.obj (.text:IntRegister)
                  00005830    0000002e                       : gpio.obj (.text:GPIODirModeSet)
                  0000585e    0000002e     rtsv7M3_T_le_eabi.lib : i_tofd_t2.obj (.text)
                  0000588c    0000001c     driverlib-cm3.lib : uart.obj (.text:UARTDisable)
                  000058a8    0000001a     rtsv7M3_T_le_eabi.lib : memccpy.obj (.text)
                  000058c2    00000002     --HOLE-- [fill = 0]
                  000058c4    00000018                           : args_main.obj (.text)
                  000058dc    00000016                           : strchr.obj (.text)
                  000058f2    00000002     --HOLE-- [fill = 0]
                  000058f4    00000014     driverlib-cm3.lib : interrupt.obj (.text:IntUnregister)
                  00005908    00000014                       : sysctl.obj (.text:SysCtlPWMClockSet)
                  0000591c    00000014                       : uart.obj (.text:UARTEnable)
                  00005930    00000014     rtsv7M3_T_le_eabi.lib : _lock.obj (.text)
                  00005944    00000014                           : strlen.obj (.text)
                  00005958    00000012     driverlib-cm3.lib : gpio.obj (.text:GPIOPinTypeGPIOOutput)
                  0000596a    00000012                       : gpio.obj (.text:GPIOPinTypePWM)
                  0000597c    00000012                       : gpio.obj (.text:GPIOPinTypeSSI)
                  0000598e    00000012                       : gpio.obj (.text:GPIOPinTypeUART)
                  000059a0    00000012                       : ssi.obj (.text:SSIDataGetNonBlocking)
                  000059b2    0000000e     rtsv7M3_T_le_eabi.lib : copy_decompress_none.obj (.text:decompress:none)
                  000059c0    0000000c     FreeRTOS_LM3S_Startup.obj (.text)
                  000059cc    0000000a     driverlib-cm3.lib : ssi.obj (.text:SSIDataPut)
                  000059d6    0000000a                       : ssi.obj (.text:SSIDisable)
                  000059e0    0000000a                       : ssi.obj (.text:SSIEnable)
                  000059ea    0000000a                       : uart.obj (.text:UARTCharGet)
                  000059f4    0000000a                       : uart.obj (.text:UARTCharPut)
                  000059fe    00000008                       : ssi.obj (.text:SSIBusy)
                  00005a06    00000008     rtsv7M3_T_le_eabi.lib : s_copysign.obj (.text)
                  00005a0e    00000006     driverlib-cm3.lib : gpio.obj (.text:GPIOPinRead)
                  00005a14    00000006                       : gpio.obj (.text:GPIOPinWrite)
                  00005a1a    00000006                       : sysctl.obj (.text:SysCtlDelay)
                  00005a20    00000006     rtsv7M3_T_le_eabi.lib : copy_decompress_rle.obj (.text:decompress:rle24)
                  00005a26    00000004                           : pre_init.obj (.text)

.const     0    00005a2c    0000048a     
                  00005a2c    000001e0     rit128x96x4.obj (.const:g_pucFont)
                  00005c0c    00000101     rtsv7M3_T_le_eabi.lib : ctype.obj (.const:.string:_ctypes_)
                  00005d0d    00000003     rit128x96x4.obj (.const:.string:pucCommand1$1)
                  00005d10    00000070     driverlib-cm3.lib : interrupt.obj (.const)
                  00005d80    0000006c                       : sysctl.obj (.const:g_pulXtals)
                  00005dec    0000004f     rit128x96x4.obj (.const:.string:g_pucRIT128x96x4Init)
                  00005e3b    00000001     --HOLE-- [fill = 0]
                  00005e3c    00000040     driverlib-cm3.lib : sysctl.obj (.const)
                  00005e7c    00000012     uartstdio.obj (.const:.string)
                  00005e8e    00000002     rit128x96x4.obj (.const:.string:g_pucRIT128x96x4HorizontalInc)
                  00005e90    0000000c     uartstdio.obj (.const:g_ulUARTBase)
                  00005e9c    0000000c     uartstdio.obj (.const:g_ulUARTPeriph)
                  00005ea8    00000004     uartstdio.obj (.const)
                  00005eac    00000003     rit128x96x4.obj (.const:.string:pucCommand2$2)
                  00005eaf    00000002     rit128x96x4.obj (.const:.string:g_pucRIT128x96x4VerticalInc)
                  00005eb1    00000002     rit128x96x4.obj (.const:.string:pucCommand1$3)
                  00005eb3    00000001     --HOLE-- [fill = 0]
                  00005eb4    00000002     heap_2.obj (.const)

.cinit     0    00005eb8    0000005c     
                  00005eb8    00000020     (.cinit..data.load) [load image, compression = rle]
                  00005ed8    0000000b     (.cinit..bss.load) [load image, compression = rle]
                  00005ee3    00000005     --HOLE-- [fill = 0]
                  00005ee8    0000000b     (.cinit..vtable.load) [load image, compression = rle]
                  00005ef3    00000001     --HOLE-- [fill = 0]
                  00005ef4    00000008     (__TI_handler_table)
                  00005efc    00000018     (__TI_cinit_table)

.init_array 
*          0    00000000    00000000     UNINITIALIZED

.vtable    0    20000000    0000026c     UNINITIALIZED
                  20000000    0000026c     driverlib-cm3.lib : interrupt.obj (.vtable)

.bss       0    20000270    0000c588     UNINITIALIZED
                  20000270    0000c350     heap_2.obj (.bss:xHeap)
                  2000c5c0    00000100     FreeRTOS_LM3S_Startup.obj (.bss:pulStack)
                  2000c6c0    00000064     tasks.obj (.bss:pxReadyTasksLists)
                  2000c724    00000040     (.common:xQueueRegistry)
                  2000c764    00000014     timers.obj (.bss:xActiveTimerList1)
                  2000c778    00000014     timers.obj (.bss:xActiveTimerList2)
                  2000c78c    00000014     tasks.obj (.bss:xDelayedTaskList1)
                  2000c7a0    00000014     tasks.obj (.bss:xDelayedTaskList2)
                  2000c7b4    00000014     tasks.obj (.bss:xPendingReadyList)
                  2000c7c8    00000008     rit128x96x4.obj (.bss:g_pucBuffer)
                  2000c7d0    00000008     tasks.obj (.bss)
                  2000c7d8    00000008     timers.obj (.bss)
                  2000c7e0    00000008     heap_2.obj (.bss:xEnd)
                  2000c7e8    00000008     heap_2.obj (.bss:xStart)
                  2000c7f0    00000004     rit128x96x4.obj (.bss)
                  2000c7f4    00000004     (.common:g_ulSystemClock)

.stack     0    2000c7f8    00000800     UNINITIALIZED
                  2000c7f8    00000800     --HOLE--

.data      0    2000cff8    0000006c     UNINITIALIZED
                  2000cff8    0000002c     tasks.obj (.data)
                  2000d024    0000000c     rtsv7M3_T_le_eabi.lib : exit.obj (.data:$O1$$)
                  2000d030    00000008                           : _lock.obj (.data:$O1$$)
                  2000d038    00000008     heap_2.obj (.data)
                  2000d040    00000008     port.obj (.data)
                  2000d048    00000008     timers.obj (.data)
                  2000d050    00000005     uartstdio.obj (.data)
                  2000d055    00000001     Main_Blinky.obj (.data)
                  2000d056    00000001     Task_PWM.obj (.data)
                  2000d057    00000001     --HOLE--
                  2000d058    00000004     UARTStdio_Initialization_LM3S1968.obj (.data)
                  2000d05c    00000004     rtsv7M3_T_le_eabi.lib : errno.obj (.data)
                  2000d060    00000004                           : stkdepth_vars.obj (.data)

MODULE SUMMARY

       Module                                  code    ro data   rw data
       ------                                  ----    -------   -------
    .\
       heap_2.obj                              440     2         50024  
       FreeRTOS_LM3S_Startup.obj               12      512       256    
       Main_Blinky.obj                         244     0         5      
    +--+---------------------------------------+-------+---------+---------+
       Total:                                  696     514       50285  
                                                                        
    .\Drivers\
       rit128x96x4.obj                         1296    571       12     
       uartstdio.obj                           1160    46        5      
       UARTStdio_Initialization_LM3S1968.obj   60      0         4      
    +--+---------------------------------------+-------+---------+---------+
       Total:                                  2516    617       21     
                                                                        
    .\Source\
       tasks.obj                               3744    0         212    
       queue.obj                               2324    0         64     
       timers.obj                              1320    0         56     
       list.obj                                298     0         0      
    +--+---------------------------------------+-------+---------+---------+
       Total:                                  7686    0         332    
                                                                        
    .\Source\portable\CCS\ARM_CM3\
       port.obj                                240     0         8      
       portasm.obj                             128     0         0      
    +--+---------------------------------------+-------+---------+---------+
       Total:                                  368     0         8      
                                                                        
    .\Tasks\
       Task_PWM.obj                            1608    0         1      
       Task_Blinky.obj                         84      0         0      
       Task_ReportSysTick.obj                  66      0         0      
    +--+---------------------------------------+-------+---------+---------+
       Total:                                  1758    0         1      
                                                                        
    C:/TI_CodeComposer/StellarisWare-LM3S1968/driverlib/ccs-cm3/Debug/driverlib-cm3.lib
       sysctl.obj                              966     172       0      
       interrupt.obj                           274     112       620    
       gpio.obj                                330     0         0      
       uart.obj                                134     0         0      
       ssi.obj                                 124     0         0      
    +--+---------------------------------------+-------+---------+---------+
       Total:                                  1828    284       620    
                                                                        
    C:\TI_CodeComposer\ccsv6\tools\compiler\ti-cgt-arm_15.12.1.LTS\lib\rtsv7M3_T_le_eabi.lib
       _printfi.obj                            4336    0         0      
       ull_div_t2.obj                          500     0         0      
       fd_add_t2.obj                           438     0         0      
       fd_div_t2.obj                           310     0         0      
       fd_cmp_t2.obj                           268     0         0      
       ctype.obj                               0       257       0      
       fd_mul_t2.obj                           252     0         0      
       s_scalbn.obj                            208     0         0      
       memcpy_t2.obj                           156     0         0      
       memset_t2.obj                           122     0         0      
       autoinit.obj                            112     0         0      
       copy_decompress_rle.obj                 112     0         0      
       exit.obj                                84      0         12     
       sprintf.obj                             96      0         0      
       s_frexp.obj                             92      0         0      
       ltoa.obj                                86      0         0      
       atoi.obj                                76      0         0      
       cpy_tbl.obj                             76      0         0      
       fd_toi_t2.obj                           72      0         0      
       boot.obj                                64      0         0      
       u_divt2.obj                             64      0         0      
       i_tofd_t2.obj                           46      0         0      
       _lock.obj                               20      0         8      
       memccpy.obj                             26      0         0      
       args_main.obj                           24      0         0      
       strchr.obj                              22      0         0      
       strlen.obj                              20      0         0      
       copy_decompress_none.obj                14      0         0      
       s_copysign.obj                          8       0         0      
       errno.obj                               0       0         4      
       pre_init.obj                            4       0         0      
       stkdepth_vars.obj                       0       0         4      
       i_div0.obj                              2       0         0      
       mpu_init.obj                            2       0         0      
       startup.obj                             2       0         0      
    +--+---------------------------------------+-------+---------+---------+
       Total:                                  7714    257       28     
                                                                        
       Stack:                                  0       0         2048   
       Linker Generated:                       0       86        0      
    +--+---------------------------------------+-------+---------+---------+
       Grand Total:                            22566   1758      53343  


LINKER GENERATED COPY TABLES

__TI_cinit_table @ 00005efc records: 3, size/record: 8, table size: 24
	.data: load addr=00005eb8, load size=00000020 bytes, run addr=2000cff8, run size=0000006c bytes, compression=rle
	.bss: load addr=00005ed8, load size=0000000b bytes, run addr=20000270, run size=0000c588 bytes, compression=rle
	.vtable: load addr=00005ee8, load size=0000000b bytes, run addr=20000000, run size=0000026c bytes, compression=rle


LINKER GENERATED HANDLER TABLE

__TI_handler_table @ 00005ef4 records: 2, size/record: 4, table size: 8
	index: 0, handler: __TI_decompress_rle24
	index: 1, handler: __TI_decompress_none


GLOBAL SYMBOLS: SORTED ALPHABETICALLY BY Name 

address   name                             
-------   ----                             
00005545  C$$EXIT                          
00005831  GPIODirModeSet                   
00004dfd  GPIOPadConfigSet                 
00005a0f  GPIOPinRead                      
00005959  GPIOPinTypeGPIOOutput            
0000596b  GPIOPinTypePWM                   
0000597d  GPIOPinTypeSSI                   
0000598f  GPIOPinTypeUART                  
00005a15  GPIOPinWrite                     
00004b49  Initialize_OLED                  
000052bd  IntDisable                       
00005321  IntEnable                        
000057fd  IntRegister                      
000058f5  IntUnregister                    
2000d055  OLED_Initialized                 
00002c49  PWMDeadBandDisable               
00002c11  PWMDeadBandEnable                
00002ef3  PWMFaultIntClear                 
00002f25  PWMFaultIntClearExt              
00002e0d  PWMFaultIntRegister              
00002e2b  PWMFaultIntUnregister            
00002aa5  PWMGenConfigure                  
00002b63  PWMGenDisable                    
00002b49  PWMGenEnable                     
00002fdf  PWMGenFaultClear                 
00002f37  PWMGenFaultConfigure             
00002faf  PWMGenFaultStatus                
00002f8b  PWMGenFaultTriggerGet            
00002f61  PWMGenFaultTriggerSet            
00002eab  PWMGenIntClear                   
00002daf  PWMGenIntRegister                
00002e81  PWMGenIntStatus                  
00002e63  PWMGenIntTrigDisable             
00002e45  PWMGenIntTrigEnable              
00002dd7  PWMGenIntUnregister              
00002b1f  PWMGenPeriodGet                  
00002aef  PWMGenPeriodSet                  
00002edb  PWMIntDisable                    
00002ec3  PWMIntEnable                     
00002f05  PWMIntStatus                     
00002d1f  PWMOutputFault                   
00002ced  PWMOutputFaultLevel              
00002cbb  PWMOutputInvert                  
00002c89  PWMOutputState                   
00002bc7  PWMPulseWidthGet                 
00002b7d  PWMPulseWidthSet                 
00002c77  PWMSyncTimeBase                  
00002c65  PWMSyncUpdate                    
0000371d  RIT128x96x4Clear                 
0000399b  RIT128x96x4Disable               
00003aed  RIT128x96x4DisplayOff            
00003ab9  RIT128x96x4DisplayOn             
00003941  RIT128x96x4Enable                
000038b9  RIT128x96x4ImageDraw             
00003a15  RIT128x96x4Init                  
00003779  RIT128x96x4StringDraw            
000059c1  ResetISR                         
UNDEFED   SHT$$INIT_ARRAY$$Base            
UNDEFED   SHT$$INIT_ARRAY$$Limit           
000059ff  SSIBusy                          
00005679  SSIConfigSetExpClk               
000059a1  SSIDataGetNonBlocking            
000059cd  SSIDataPut                       
000059d7  SSIDisable                       
000059e1  SSIEnable                        
00004511  SysCtlClockGet                   
000046a9  SysCtlClockSet                   
00005a1b  SysCtlDelay                      
00005909  SysCtlPWMClockSet                
00005441  SysCtlPeripheralEnable           
00005169  SysCtlPeripheralPresent          
000054f1  Task_Blinky                      
00003019  Task_PWM                         
000056bd  Task_ReportSysTick               
000059eb  UARTCharGet                      
000059f5  UARTCharPut                      
000056ff  UARTConfigSetExpClk              
0000588d  UARTDisable                      
0000591d  UARTEnable                       
00003b25  UARTStdioInit                    
00003b35  UARTStdioInitExpClk              
2000d058  UARTStdioInitFlag                
000057c1  UARTStdio_Initialization         
00003c7b  UARTgetc                         
00003bc3  UARTgets                         
00003ca1  UARTprintf                       
00003b7d  UARTwrite                        
2000cff8  __STACK_END                      
00000800  __STACK_SIZE                     
2000c9f8  __STACK_TOP                      
00005efc  __TI_CINIT_Base                  
00005f14  __TI_CINIT_Limit                 
00005ef4  __TI_Handler_Table_Base          
00005efc  __TI_Handler_Table_Limit         
000051e1  __TI_auto_init                   
2000d024  __TI_cleanup_ptr                 
000059b3  __TI_decompress_none             
00005a21  __TI_decompress_rle24            
2000d028  __TI_dtors_ptr                   
2000d02c  __TI_enable_exit_profile_output  
ffffffff  __TI_pprof_out_hndl              
00000feb  __TI_printfi                     
ffffffff  __TI_prof_data_size              
ffffffff  __TI_prof_data_start             
00000000  __TI_static_base__               
00004f61  __aeabi_cdcmpeq                  
00004f61  __aeabi_cdcmple                  
00004fe7  __aeabi_cdrcmple                 
00005631  __aeabi_d2iz                     
00004363  __aeabi_dadd                     
000047ed  __aeabi_ddiv                     
00004a4d  __aeabi_dmul                     
00004359  __aeabi_dsub                     
0000585f  __aeabi_i2d                      
00005167  __aeabi_idiv0                    
000050ed  __aeabi_memclr                   
000050ed  __aeabi_memclr4                  
000050ed  __aeabi_memclr8                  
00004ec5  __aeabi_memcpy                   
00004ec5  __aeabi_memcpy4                  
00004ec5  __aeabi_memcpy8                  
000050ef  __aeabi_memset                   
000050ef  __aeabi_memset4                  
000050ef  __aeabi_memset8                  
00005781  __aeabi_uidiv                    
00005781  __aeabi_uidivmod                 
00003fad  __aeabi_uldivmod                 
ffffffff  __binit__                        
ffffffff  __c_args__                       
000052bb  __mpu_init                       
2000c7f8  __stack                          
000058c5  _args_main                       
00005741  _c_int00                         
00005c0c  _ctypes_                         
2000d030  _lock                            
0000593f  _nop                             
00005937  _register_lock                   
00005931  _register_unlock                 
000054ef  _system_post_cinit               
00005a27  _system_pre_init                 
2000d034  _unlock                          
00005549  abort                            
00005599  atoi                             
ffffffff  binit                            
000055e5  copy_in                          
00005a07  copysign                         
00005a07  copysignl                        
2000d05c  errno                            
00005551  exit                             
000053e5  frexp                            
000053e5  frexpl                           
20000000  g_pfnRAMVectors                  
00000000  g_pfnVectors                     
2000c7f4  g_ulSystemClock                  
00004d2d  ldexp                            
00004d2d  ldexpl                           
00005499  ltoa                             
00004b6b  main                             
2000d060  main_func_sp                     
000058a9  memccpy                          
00004ec5  memcpy                           
000050f5  memset                           
000031e9  pcTimerGetTimerName              
000041a1  pvPortMalloc                     
00001d51  pvTaskIncrementMutexHeldCount    
000035c5  pvTimerGetTimerID                
2000cff8  pxCurrentTCB                     
00004c3d  pxPortInitialiseStack            
00004d2d  scalbn                           
00004d2d  scalbnl                          
00005385  sprintf                          
2000d056  state                            
000058dd  strchr                           
00005945  strlen                           
000050a9  ulPortSetInterruptMask           
00001d81  ulTaskNotifyTake                 
00004a05  uxListRemove                     
00002771  uxQueueMessagesWaiting           
000027a7  uxQueueMessagesWaitingFromISR    
00002787  uxQueueSpacesAvailable           
00001635  uxTaskGetNumberOfTasks           
00001d2b  uxTaskResetEventItemValue        
00004923  vListInitialise                  
00004953  vListInitialiseItem              
0000499f  vListInsert                      
00004963  vListInsertEnd                   
000050b7  vPortClearInterruptMask          
00004cad  vPortEndScheduler                
00004cb9  vPortEnterCritical               
00004cc9  vPortExitCritical                
000042cd  vPortFree                        
00004335  vPortInitialiseBlocks            
000050bd  vPortSVCHandler                  
00004d05  vPortSetupTimerInterrupt         
000050db  vPortStartFirstTask              
00004caf  vPortYieldFromISR                
000029cd  vQueueAddToRegistry              
000027b9  vQueueDelete                     
00002a0f  vQueueUnregisterQueue            
00002a49  vQueueWaitForMessageRestricted   
00001481  vTaskDelay                       
000013f5  vTaskDelayUntil                  
0000151b  vTaskEndScheduler                
000019ff  vTaskMissedYield                 
000020a1  vTaskNotifyGiveFromISR           
000017a9  vTaskPlaceOnEventList            
00001831  vTaskPlaceOnEventListRestricted  
000017e1  vTaskPlaceOnUnorderedEventList   
00001c0d  vTaskPriorityInherit             
00001973  vTaskSetTimeOutState             
000014c1  vTaskStartScheduler              
0000152d  vTaskSuspendAll                  
00001729  vTaskSwitchContext               
000035df  vTimerSetTimerID                 
0000432f  xPortGetFreeHeapSize             
0000506d  xPortPendSVHandler               
00004c85  xPortStartScheduler              
2000d044  xPortSysTickCount                
00004ce1  xPortSysTickHandler              
00002375  xQueueCreateCountingSemaphore    
00002283  xQueueCreateMutex                
0000221d  xQueueGenericCreate              
0000257d  xQueueGenericReceive             
00002191  xQueueGenericReset               
00002395  xQueueGenericSend                
0000248d  xQueueGenericSendFromISR         
0000250b  xQueueGiveFromISR                
000022ef  xQueueGiveMutexRecursive         
00002969  xQueueIsQueueEmptyFromISR        
000029ab  xQueueIsQueueFullFromISR         
0000272d  xQueuePeekFromISR                
000026b5  xQueueReceiveFromISR             
2000c724  xQueueRegistry                   
0000232b  xQueueTakeMutexRecursive         
00001995  xTaskCheckForTimeOut             
000012f1  xTaskGenericCreate               
00001ec9  xTaskGenericNotify               
00001fa9  xTaskGenericNotifyFromISR        
00001bd1  xTaskGetCurrentTaskHandle        
00001be1  xTaskGetSchedulerState           
00001609  xTaskGetTickCount                
00001621  xTaskGetTickCountFromISR         
00001641  xTaskIncrementTick               
0000213d  xTaskNotifyStateClear            
00001e19  xTaskNotifyWait                  
00001cab  xTaskPriorityDisinherit          
00001875  xTaskRemoveFromEventList         
000018fd  xTaskRemoveFromUnorderedEventList
00001537  xTaskResumeAll                   
00003127  xTimerCreate                     
000030ed  xTimerCreateTimerTask            
0000317b  xTimerGenericCommand             
00003599  xTimerIsTimerActive              


GLOBAL SYMBOLS: SORTED BY Symbol Address 

address   name                             
-------   ----                             
00000000  __TI_static_base__               
00000000  g_pfnVectors                     
00000800  __STACK_SIZE                     
00000feb  __TI_printfi                     
000012f1  xTaskGenericCreate               
000013f5  vTaskDelayUntil                  
00001481  vTaskDelay                       
000014c1  vTaskStartScheduler              
0000151b  vTaskEndScheduler                
0000152d  vTaskSuspendAll                  
00001537  xTaskResumeAll                   
00001609  xTaskGetTickCount                
00001621  xTaskGetTickCountFromISR         
00001635  uxTaskGetNumberOfTasks           
00001641  xTaskIncrementTick               
00001729  vTaskSwitchContext               
000017a9  vTaskPlaceOnEventList            
000017e1  vTaskPlaceOnUnorderedEventList   
00001831  vTaskPlaceOnEventListRestricted  
00001875  xTaskRemoveFromEventList         
000018fd  xTaskRemoveFromUnorderedEventList
00001973  vTaskSetTimeOutState             
00001995  xTaskCheckForTimeOut             
000019ff  vTaskMissedYield                 
00001bd1  xTaskGetCurrentTaskHandle        
00001be1  xTaskGetSchedulerState           
00001c0d  vTaskPriorityInherit             
00001cab  xTaskPriorityDisinherit          
00001d2b  uxTaskResetEventItemValue        
00001d51  pvTaskIncrementMutexHeldCount    
00001d81  ulTaskNotifyTake                 
00001e19  xTaskNotifyWait                  
00001ec9  xTaskGenericNotify               
00001fa9  xTaskGenericNotifyFromISR        
000020a1  vTaskNotifyGiveFromISR           
0000213d  xTaskNotifyStateClear            
00002191  xQueueGenericReset               
0000221d  xQueueGenericCreate              
00002283  xQueueCreateMutex                
000022ef  xQueueGiveMutexRecursive         
0000232b  xQueueTakeMutexRecursive         
00002375  xQueueCreateCountingSemaphore    
00002395  xQueueGenericSend                
0000248d  xQueueGenericSendFromISR         
0000250b  xQueueGiveFromISR                
0000257d  xQueueGenericReceive             
000026b5  xQueueReceiveFromISR             
0000272d  xQueuePeekFromISR                
00002771  uxQueueMessagesWaiting           
00002787  uxQueueSpacesAvailable           
000027a7  uxQueueMessagesWaitingFromISR    
000027b9  vQueueDelete                     
00002969  xQueueIsQueueEmptyFromISR        
000029ab  xQueueIsQueueFullFromISR         
000029cd  vQueueAddToRegistry              
00002a0f  vQueueUnregisterQueue            
00002a49  vQueueWaitForMessageRestricted   
00002aa5  PWMGenConfigure                  
00002aef  PWMGenPeriodSet                  
00002b1f  PWMGenPeriodGet                  
00002b49  PWMGenEnable                     
00002b63  PWMGenDisable                    
00002b7d  PWMPulseWidthSet                 
00002bc7  PWMPulseWidthGet                 
00002c11  PWMDeadBandEnable                
00002c49  PWMDeadBandDisable               
00002c65  PWMSyncUpdate                    
00002c77  PWMSyncTimeBase                  
00002c89  PWMOutputState                   
00002cbb  PWMOutputInvert                  
00002ced  PWMOutputFaultLevel              
00002d1f  PWMOutputFault                   
00002daf  PWMGenIntRegister                
00002dd7  PWMGenIntUnregister              
00002e0d  PWMFaultIntRegister              
00002e2b  PWMFaultIntUnregister            
00002e45  PWMGenIntTrigEnable              
00002e63  PWMGenIntTrigDisable             
00002e81  PWMGenIntStatus                  
00002eab  PWMGenIntClear                   
00002ec3  PWMIntEnable                     
00002edb  PWMIntDisable                    
00002ef3  PWMFaultIntClear                 
00002f05  PWMIntStatus                     
00002f25  PWMFaultIntClearExt              
00002f37  PWMGenFaultConfigure             
00002f61  PWMGenFaultTriggerSet            
00002f8b  PWMGenFaultTriggerGet            
00002faf  PWMGenFaultStatus                
00002fdf  PWMGenFaultClear                 
00003019  Task_PWM                         
000030ed  xTimerCreateTimerTask            
00003127  xTimerCreate                     
0000317b  xTimerGenericCommand             
000031e9  pcTimerGetTimerName              
00003599  xTimerIsTimerActive              
000035c5  pvTimerGetTimerID                
000035df  vTimerSetTimerID                 
0000371d  RIT128x96x4Clear                 
00003779  RIT128x96x4StringDraw            
000038b9  RIT128x96x4ImageDraw             
00003941  RIT128x96x4Enable                
0000399b  RIT128x96x4Disable               
00003a15  RIT128x96x4Init                  
00003ab9  RIT128x96x4DisplayOn             
00003aed  RIT128x96x4DisplayOff            
00003b25  UARTStdioInit                    
00003b35  UARTStdioInitExpClk              
00003b7d  UARTwrite                        
00003bc3  UARTgets                         
00003c7b  UARTgetc                         
00003ca1  UARTprintf                       
00003fad  __aeabi_uldivmod                 
000041a1  pvPortMalloc                     
000042cd  vPortFree                        
0000432f  xPortGetFreeHeapSize             
00004335  vPortInitialiseBlocks            
00004359  __aeabi_dsub                     
00004363  __aeabi_dadd                     
00004511  SysCtlClockGet                   
000046a9  SysCtlClockSet                   
000047ed  __aeabi_ddiv                     
00004923  vListInitialise                  
00004953  vListInitialiseItem              
00004963  vListInsertEnd                   
0000499f  vListInsert                      
00004a05  uxListRemove                     
00004a4d  __aeabi_dmul                     
00004b49  Initialize_OLED                  
00004b6b  main                             
00004c3d  pxPortInitialiseStack            
00004c85  xPortStartScheduler              
00004cad  vPortEndScheduler                
00004caf  vPortYieldFromISR                
00004cb9  vPortEnterCritical               
00004cc9  vPortExitCritical                
00004ce1  xPortSysTickHandler              
00004d05  vPortSetupTimerInterrupt         
00004d2d  ldexp                            
00004d2d  ldexpl                           
00004d2d  scalbn                           
00004d2d  scalbnl                          
00004dfd  GPIOPadConfigSet                 
00004ec5  __aeabi_memcpy                   
00004ec5  __aeabi_memcpy4                  
00004ec5  __aeabi_memcpy8                  
00004ec5  memcpy                           
00004f61  __aeabi_cdcmpeq                  
00004f61  __aeabi_cdcmple                  
00004fe7  __aeabi_cdrcmple                 
0000506d  xPortPendSVHandler               
000050a9  ulPortSetInterruptMask           
000050b7  vPortClearInterruptMask          
000050bd  vPortSVCHandler                  
000050db  vPortStartFirstTask              
000050ed  __aeabi_memclr                   
000050ed  __aeabi_memclr4                  
000050ed  __aeabi_memclr8                  
000050ef  __aeabi_memset                   
000050ef  __aeabi_memset4                  
000050ef  __aeabi_memset8                  
000050f5  memset                           
00005167  __aeabi_idiv0                    
00005169  SysCtlPeripheralPresent          
000051e1  __TI_auto_init                   
000052bb  __mpu_init                       
000052bd  IntDisable                       
00005321  IntEnable                        
00005385  sprintf                          
000053e5  frexp                            
000053e5  frexpl                           
00005441  SysCtlPeripheralEnable           
00005499  ltoa                             
000054ef  _system_post_cinit               
000054f1  Task_Blinky                      
00005545  C$$EXIT                          
00005549  abort                            
00005551  exit                             
00005599  atoi                             
000055e5  copy_in                          
00005631  __aeabi_d2iz                     
00005679  SSIConfigSetExpClk               
000056bd  Task_ReportSysTick               
000056ff  UARTConfigSetExpClk              
00005741  _c_int00                         
00005781  __aeabi_uidiv                    
00005781  __aeabi_uidivmod                 
000057c1  UARTStdio_Initialization         
000057fd  IntRegister                      
00005831  GPIODirModeSet                   
0000585f  __aeabi_i2d                      
0000588d  UARTDisable                      
000058a9  memccpy                          
000058c5  _args_main                       
000058dd  strchr                           
000058f5  IntUnregister                    
00005909  SysCtlPWMClockSet                
0000591d  UARTEnable                       
00005931  _register_unlock                 
00005937  _register_lock                   
0000593f  _nop                             
00005945  strlen                           
00005959  GPIOPinTypeGPIOOutput            
0000596b  GPIOPinTypePWM                   
0000597d  GPIOPinTypeSSI                   
0000598f  GPIOPinTypeUART                  
000059a1  SSIDataGetNonBlocking            
000059b3  __TI_decompress_none             
000059c1  ResetISR                         
000059cd  SSIDataPut                       
000059d7  SSIDisable                       
000059e1  SSIEnable                        
000059eb  UARTCharGet                      
000059f5  UARTCharPut                      
000059ff  SSIBusy                          
00005a07  copysign                         
00005a07  copysignl                        
00005a0f  GPIOPinRead                      
00005a15  GPIOPinWrite                     
00005a1b  SysCtlDelay                      
00005a21  __TI_decompress_rle24            
00005a27  _system_pre_init                 
00005c0c  _ctypes_                         
00005ef4  __TI_Handler_Table_Base          
00005efc  __TI_CINIT_Base                  
00005efc  __TI_Handler_Table_Limit         
00005f14  __TI_CINIT_Limit                 
20000000  g_pfnRAMVectors                  
2000c724  xQueueRegistry                   
2000c7f4  g_ulSystemClock                  
2000c7f8  __stack                          
2000c9f8  __STACK_TOP                      
2000cff8  __STACK_END                      
2000cff8  pxCurrentTCB                     
2000d024  __TI_cleanup_ptr                 
2000d028  __TI_dtors_ptr                   
2000d02c  __TI_enable_exit_profile_output  
2000d030  _lock                            
2000d034  _unlock                          
2000d044  xPortSysTickCount                
2000d055  OLED_Initialized                 
2000d056  state                            
2000d058  UARTStdioInitFlag                
2000d05c  errno                            
2000d060  main_func_sp                     
ffffffff  __TI_pprof_out_hndl              
ffffffff  __TI_prof_data_size              
ffffffff  __TI_prof_data_start             
ffffffff  __binit__                        
ffffffff  __c_args__                       
ffffffff  binit                            
UNDEFED   SHT$$INIT_ARRAY$$Base            
UNDEFED   SHT$$INIT_ARRAY$$Limit           

[253 symbols]
