******************************************************************************
                  TI ARM Linker PC v15.12.1                    
******************************************************************************
>> Linked Wed Apr 12 16:37:01 2017

OUTPUT FILE NAME:   <Project 8.out>
ENTRY POINT SYMBOL: "_c_int00"  address: 000057a9


MEMORY CONFIGURATION

         name            origin    length      used     unused   attr    fill
----------------------  --------  ---------  --------  --------  ----  --------
  FLASH                 00000000   00040000  00005fb2  0003a04e  R  X
  SRAM                  20000000   00010000  0000d090  00002f70  RW X


SEGMENT ALLOCATION MAP

run origin  load origin   length   init length attrs members
----------  ----------- ---------- ----------- ----- -------
00000000    00000000    00005fb4   00005fb4    r-x
  00000000    00000000    00000200   00000200    r-- .intvecs
  00000200    00000200    0000586c   0000586c    r-x .text
  00005a6c    00005a6c    000004ea   000004ea    r-- .const
  00005f58    00005f58    0000005c   0000005c    r-- .cinit
20000000    20000000    0000d094   00000000    rw-
  20000000    20000000    0000026c   00000000    rw- .vtable
  20000270    20000270    0000c5a0   00000000    rw- .bss
  2000c810    2000c810    00000800   00000000    rw- .stack
  2000d010    2000d010    00000084   00000000    rw- .data


SECTION ALLOCATION MAP

 output                                  attributes/
section   page    origin      length       input sections
--------  ----  ----------  ----------   ----------------
.intvecs   0    00000000    00000200     
                  00000000    00000200     FreeRTOS_LM3S_Startup.obj (.intvecs)

.text      0    00000200    0000586c     
                  00000200    000010f0     rtsv7M3_T_le_eabi.lib : _printfi.obj (.text)
                  000012f0    00000ea0     tasks.obj (.text)
                  00002190    00000914     queue.obj (.text)
                  00002aa4    000006b0     Task_TimeOfDay.obj (.text)
                  00003154    00000528     timers.obj (.text)
                  0000367c    00000510     rit128x96x4.obj (.text)
                  00003b8c    00000488     uartstdio.obj (.text)
                  00004014    000001f4     rtsv7M3_T_le_eabi.lib : ull_div_t2.obj (.text)
                  00004208    000001b8     heap_2.obj (.text)
                  000043c0    000001b6     rtsv7M3_T_le_eabi.lib : fd_add_t2.obj (.text)
                  00004576    00000002     driverlib-cm3.lib : interrupt.obj (.text:IntDefaultHandler)
                  00004578    00000198                       : sysctl.obj (.text:SysCtlClockGet)
                  00004710    00000144                       : sysctl.obj (.text:SysCtlClockSet)
                  00004854    00000136     rtsv7M3_T_le_eabi.lib : fd_div_t2.obj (.text)
                  0000498a    0000012a     list.obj (.text)
                  00004ab4    000000fc     rtsv7M3_T_le_eabi.lib : fd_mul_t2.obj (.text)
                  00004bb0    000000f4     Main_Blinky.obj (.text)
                  00004ca4    000000f0     port.obj (.text)
                  00004d94    000000d0     rtsv7M3_T_le_eabi.lib : s_scalbn.obj (.text)
                  00004e64    000000c8     driverlib-cm3.lib : gpio.obj (.text:GPIOPadConfigSet)
                  00004f2c    0000009c     rtsv7M3_T_le_eabi.lib : memcpy_t2.obj (.text)
                  00004fc8    00000086                           : fd_cmp_t2.obj (.text:__aeabi_cdcmple)
                  0000504e    00000086                           : fd_cmp_t2.obj (.text:__aeabi_cdrcmple)
                  000050d4    00000080     portasm.obj (.text)
                  00005154    0000007a     rtsv7M3_T_le_eabi.lib : memset_t2.obj (.text)
                  000051ce    00000002                           : i_div0.obj (.text)
                  000051d0    00000078     driverlib-cm3.lib : sysctl.obj (.text:SysCtlPeripheralPresent)
                  00005248    00000070     rtsv7M3_T_le_eabi.lib : autoinit.obj (.text)
                  000052b8    0000006a                           : copy_decompress_rle.obj (.text)
                  00005322    00000002                           : mpu_init.obj (.text)
                  00005324    00000064     driverlib-cm3.lib : interrupt.obj (.text:IntDisable)
                  00005388    00000064                       : interrupt.obj (.text:IntEnable)
                  000053ec    00000060     rtsv7M3_T_le_eabi.lib : sprintf.obj (.text)
                  0000544c    0000005c                           : s_frexp.obj (.text)
                  000054a8    00000058     driverlib-cm3.lib : sysctl.obj (.text:SysCtlPeripheralEnable)
                  00005500    00000056     rtsv7M3_T_le_eabi.lib : ltoa.obj (.text)
                  00005556    00000002                           : startup.obj (.text)
                  00005558    00000054     Task_Blinky.obj (.text)
                  000055ac    00000054     rtsv7M3_T_le_eabi.lib : exit.obj (.text)
                  00005600    0000004c                           : atoi.obj (.text)
                  0000564c    0000004c                           : cpy_tbl.obj (.text)
                  00005698    00000048                           : fd_toi_t2.obj (.text)
                  000056e0    00000044     driverlib-cm3.lib : ssi.obj (.text:SSIConfigSetExpClk)
                  00005724    00000042     Task_ReportSysTick.obj (.text)
                  00005766    00000042     driverlib-cm3.lib : uart.obj (.text:UARTConfigSetExpClk)
                  000057a8    00000040     rtsv7M3_T_le_eabi.lib : boot.obj (.text)
                  000057e8    00000040                           : u_divt2.obj (.text)
                  00005828    0000003c     UARTStdio_Initialization_LM3S1968.obj (.text)
                  00005864    00000034     driverlib-cm3.lib : interrupt.obj (.text:IntRegister)
                  00005898    0000002e                       : gpio.obj (.text:GPIODirModeSet)
                  000058c6    0000002e     rtsv7M3_T_le_eabi.lib : i_tofd_t2.obj (.text)
                  000058f4    0000001c     driverlib-cm3.lib : uart.obj (.text:UARTDisable)
                  00005910    0000001a     rtsv7M3_T_le_eabi.lib : memccpy.obj (.text)
                  0000592a    00000002     --HOLE-- [fill = 0]
                  0000592c    00000018                           : args_main.obj (.text)
                  00005944    00000016                           : strchr.obj (.text)
                  0000595a    00000002     --HOLE-- [fill = 0]
                  0000595c    00000014     driverlib-cm3.lib : interrupt.obj (.text:IntUnregister)
                  00005970    00000014                       : uart.obj (.text:UARTEnable)
                  00005984    00000014     rtsv7M3_T_le_eabi.lib : _lock.obj (.text)
                  00005998    00000014                           : strlen.obj (.text)
                  000059ac    00000012     driverlib-cm3.lib : gpio.obj (.text:GPIOPinTypeGPIOOutput)
                  000059be    00000012                       : gpio.obj (.text:GPIOPinTypeSSI)
                  000059d0    00000012                       : gpio.obj (.text:GPIOPinTypeUART)
                  000059e2    00000012                       : ssi.obj (.text:SSIDataGetNonBlocking)
                  000059f4    0000000e     rtsv7M3_T_le_eabi.lib : copy_decompress_none.obj (.text:decompress:none)
                  00005a02    0000000c     FreeRTOS_LM3S_Startup.obj (.text)
                  00005a0e    0000000a     driverlib-cm3.lib : ssi.obj (.text:SSIDataPut)
                  00005a18    0000000a                       : ssi.obj (.text:SSIDisable)
                  00005a22    0000000a                       : ssi.obj (.text:SSIEnable)
                  00005a2c    0000000a                       : uart.obj (.text:UARTCharGet)
                  00005a36    0000000a                       : uart.obj (.text:UARTCharPut)
                  00005a40    00000008                       : ssi.obj (.text:SSIBusy)
                  00005a48    00000008     rtsv7M3_T_le_eabi.lib : s_copysign.obj (.text)
                  00005a50    00000006     driverlib-cm3.lib : gpio.obj (.text:GPIOPinRead)
                  00005a56    00000006                       : gpio.obj (.text:GPIOPinWrite)
                  00005a5c    00000006                       : sysctl.obj (.text:SysCtlDelay)
                  00005a62    00000006     rtsv7M3_T_le_eabi.lib : copy_decompress_rle.obj (.text:decompress:rle24)
                  00005a68    00000004                           : pre_init.obj (.text)

.const     0    00005a6c    000004ea     
                  00005a6c    000001e0     rit128x96x4.obj (.const:g_pucFont)
                  00005c4c    00000101     rtsv7M3_T_le_eabi.lib : ctype.obj (.const:.string:_ctypes_)
                  00005d4d    00000003     rit128x96x4.obj (.const:.string:pucCommand1$1)
                  00005d50    00000070     driverlib-cm3.lib : interrupt.obj (.const)
                  00005dc0    0000006c                       : sysctl.obj (.const:g_pulXtals)
                  00005e2c    00000060     Task_TimeOfDay.obj (.const:g_ppulTimerIntMap)
                  00005e8c    0000004f     rit128x96x4.obj (.const:.string:g_pucRIT128x96x4Init)
                  00005edb    00000001     --HOLE-- [fill = 0]
                  00005edc    00000040     driverlib-cm3.lib : sysctl.obj (.const)
                  00005f1c    00000012     uartstdio.obj (.const:.string)
                  00005f2e    00000002     rit128x96x4.obj (.const:.string:g_pucRIT128x96x4HorizontalInc)
                  00005f30    0000000c     uartstdio.obj (.const:g_ulUARTBase)
                  00005f3c    0000000c     uartstdio.obj (.const:g_ulUARTPeriph)
                  00005f48    00000004     uartstdio.obj (.const)
                  00005f4c    00000003     rit128x96x4.obj (.const:.string:pucCommand2$2)
                  00005f4f    00000002     rit128x96x4.obj (.const:.string:g_pucRIT128x96x4VerticalInc)
                  00005f51    00000002     rit128x96x4.obj (.const:.string:pucCommand1$3)
                  00005f53    00000001     --HOLE-- [fill = 0]
                  00005f54    00000002     heap_2.obj (.const)

.cinit     0    00005f58    0000005c     
                  00005f58    00000020     (.cinit..data.load) [load image, compression = rle]
                  00005f78    0000000b     (.cinit..bss.load) [load image, compression = rle]
                  00005f83    00000005     --HOLE-- [fill = 0]
                  00005f88    0000000b     (.cinit..vtable.load) [load image, compression = rle]
                  00005f93    00000001     --HOLE-- [fill = 0]
                  00005f94    00000008     (__TI_handler_table)
                  00005f9c    00000018     (__TI_cinit_table)

.init_array 
*          0    00000000    00000000     UNINITIALIZED

.vtable    0    20000000    0000026c     UNINITIALIZED
                  20000000    0000026c     driverlib-cm3.lib : interrupt.obj (.vtable)

.bss       0    20000270    0000c5a0     UNINITIALIZED
                  20000270    0000c350     heap_2.obj (.bss:xHeap)
                  2000c5c0    00000100     FreeRTOS_LM3S_Startup.obj (.bss:pulStack)
                  2000c6c0    00000064     tasks.obj (.bss:pxReadyTasksLists)
                  2000c724    00000040     (.common:xQueueRegistry)
                  2000c764    00000018     (.common:HourString)
                  2000c77c    00000014     timers.obj (.bss:xActiveTimerList1)
                  2000c790    00000014     timers.obj (.bss:xActiveTimerList2)
                  2000c7a4    00000014     tasks.obj (.bss:xDelayedTaskList1)
                  2000c7b8    00000014     tasks.obj (.bss:xDelayedTaskList2)
                  2000c7cc    00000014     tasks.obj (.bss:xPendingReadyList)
                  2000c7e0    00000008     rit128x96x4.obj (.bss:g_pucBuffer)
                  2000c7e8    00000008     tasks.obj (.bss)
                  2000c7f0    00000008     timers.obj (.bss)
                  2000c7f8    00000008     heap_2.obj (.bss:xEnd)
                  2000c800    00000008     heap_2.obj (.bss:xStart)
                  2000c808    00000004     rit128x96x4.obj (.bss)
                  2000c80c    00000004     (.common:g_ulSystemClock)

.stack     0    2000c810    00000800     UNINITIALIZED
                  2000c810    00000800     --HOLE--

.data      0    2000d010    00000084     UNINITIALIZED
                  2000d010    0000002c     tasks.obj (.data)
                  2000d03c    00000018     Task_TimeOfDay.obj (.data)
                  2000d054    0000000c     rtsv7M3_T_le_eabi.lib : exit.obj (.data:$O1$$)
                  2000d060    00000008                           : _lock.obj (.data:$O1$$)
                  2000d068    00000008     heap_2.obj (.data)
                  2000d070    00000008     port.obj (.data)
                  2000d078    00000008     timers.obj (.data)
                  2000d080    00000005     uartstdio.obj (.data)
                  2000d085    00000001     Main_Blinky.obj (.data)
                  2000d086    00000002     --HOLE--
                  2000d088    00000004     UARTStdio_Initialization_LM3S1968.obj (.data)
                  2000d08c    00000004     rtsv7M3_T_le_eabi.lib : errno.obj (.data)
                  2000d090    00000004                           : stkdepth_vars.obj (.data)

MODULE SUMMARY

       Module                                  code    ro data   rw data
       ------                                  ----    -------   -------
    .\
       heap_2.obj                              440     2         50024  
       FreeRTOS_LM3S_Startup.obj               12      512       256    
       Main_Blinky.obj                         244     0         5      
    +--+---------------------------------------+-------+---------+---------+
       Total:                                  696     514       50285  
                                                                        
    .\Drivers\
       rit128x96x4.obj                         1296    571       12     
       uartstdio.obj                           1160    46        5      
       UARTStdio_Initialization_LM3S1968.obj   60      0         4      
    +--+---------------------------------------+-------+---------+---------+
       Total:                                  2516    617       21     
                                                                        
    .\Source\
       tasks.obj                               3744    0         212    
       queue.obj                               2324    0         64     
       timers.obj                              1320    0         56     
       list.obj                                298     0         0      
    +--+---------------------------------------+-------+---------+---------+
       Total:                                  7686    0         332    
                                                                        
    .\Source\portable\CCS\ARM_CM3\
       port.obj                                240     0         8      
       portasm.obj                             128     0         0      
    +--+---------------------------------------+-------+---------+---------+
       Total:                                  368     0         8      
                                                                        
    .\Tasks\
       Task_TimeOfDay.obj                      1712    96        48     
       Task_Blinky.obj                         84      0         0      
       Task_ReportSysTick.obj                  66      0         0      
    +--+---------------------------------------+-------+---------+---------+
       Total:                                  1862    96        48     
                                                                        
    C:/TI_CodeComposer/StellarisWare-LM3S1968/driverlib/ccs-cm3/Debug/driverlib-cm3.lib
       sysctl.obj                              946     172       0      
       interrupt.obj                           274     112       620    
       gpio.obj                                312     0         0      
       uart.obj                                134     0         0      
       ssi.obj                                 124     0         0      
    +--+---------------------------------------+-------+---------+---------+
       Total:                                  1790    284       620    
                                                                        
    C:\TI_CodeComposer\ccsv6\tools\compiler\ti-cgt-arm_15.12.1.LTS\lib\rtsv7M3_T_le_eabi.lib
       _printfi.obj                            4336    0         0      
       ull_div_t2.obj                          500     0         0      
       fd_add_t2.obj                           438     0         0      
       fd_div_t2.obj                           310     0         0      
       fd_cmp_t2.obj                           268     0         0      
       ctype.obj                               0       257       0      
       fd_mul_t2.obj                           252     0         0      
       s_scalbn.obj                            208     0         0      
       memcpy_t2.obj                           156     0         0      
       memset_t2.obj                           122     0         0      
       autoinit.obj                            112     0         0      
       copy_decompress_rle.obj                 112     0         0      
       exit.obj                                84      0         12     
       sprintf.obj                             96      0         0      
       s_frexp.obj                             92      0         0      
       ltoa.obj                                86      0         0      
       atoi.obj                                76      0         0      
       cpy_tbl.obj                             76      0         0      
       fd_toi_t2.obj                           72      0         0      
       boot.obj                                64      0         0      
       u_divt2.obj                             64      0         0      
       i_tofd_t2.obj                           46      0         0      
       _lock.obj                               20      0         8      
       memccpy.obj                             26      0         0      
       args_main.obj                           24      0         0      
       strchr.obj                              22      0         0      
       strlen.obj                              20      0         0      
       copy_decompress_none.obj                14      0         0      
       s_copysign.obj                          8       0         0      
       errno.obj                               0       0         4      
       pre_init.obj                            4       0         0      
       stkdepth_vars.obj                       0       0         4      
       i_div0.obj                              2       0         0      
       mpu_init.obj                            2       0         0      
       startup.obj                             2       0         0      
    +--+---------------------------------------+-------+---------+---------+
       Total:                                  7714    257       28     
                                                                        
       Stack:                                  0       0         2048   
       Linker Generated:                       0       86        0      
    +--+---------------------------------------+-------+---------+---------+
       Grand Total:                            22632   1854      53390  


LINKER GENERATED COPY TABLES

__TI_cinit_table @ 00005f9c records: 3, size/record: 8, table size: 24
	.data: load addr=00005f58, load size=00000020 bytes, run addr=2000d010, run size=00000084 bytes, compression=rle
	.bss: load addr=00005f78, load size=0000000b bytes, run addr=20000270, run size=0000c5a0 bytes, compression=rle
	.vtable: load addr=00005f88, load size=0000000b bytes, run addr=20000000, run size=0000026c bytes, compression=rle


LINKER GENERATED HANDLER TABLE

__TI_handler_table @ 00005f94 records: 2, size/record: 4, table size: 8
	index: 0, handler: __TI_decompress_rle24
	index: 1, handler: __TI_decompress_none


GLOBAL SYMBOLS: SORTED ALPHABETICALLY BY Name 

address   name                             
-------   ----                             
000055ad  C$$EXIT                          
00005899  GPIODirModeSet                   
00004e65  GPIOPadConfigSet                 
00005a51  GPIOPinRead                      
000059ad  GPIOPinTypeGPIOOutput            
000059bf  GPIOPinTypeSSI                   
000059d1  GPIOPinTypeUART                  
00005a57  GPIOPinWrite                     
2000c764  HourString                       
00004bb1  Initialize_OLED                  
00005325  IntDisable                       
00005389  IntEnable                        
00005865  IntRegister                      
0000595d  IntUnregister                    
2000d085  OLED_Initialized                 
00003785  RIT128x96x4Clear                 
00003a03  RIT128x96x4Disable               
00003b55  RIT128x96x4DisplayOff            
00003b21  RIT128x96x4DisplayOn             
000039a9  RIT128x96x4Enable                
00003921  RIT128x96x4ImageDraw             
00003a7d  RIT128x96x4Init                  
000037e1  RIT128x96x4StringDraw            
00005a03  ResetISR                         
UNDEFED   SHT$$INIT_ARRAY$$Base            
UNDEFED   SHT$$INIT_ARRAY$$Limit           
00005a41  SSIBusy                          
000056e1  SSIConfigSetExpClk               
000059e3  SSIDataGetNonBlocking            
00005a0f  SSIDataPut                       
00005a19  SSIDisable                       
00005a23  SSIEnable                        
00004579  SysCtlClockGet                   
00004711  SysCtlClockSet                   
00005a5d  SysCtlDelay                      
000054a9  SysCtlPeripheralEnable           
000051d1  SysCtlPeripheralPresent          
00005559  Task_Blinky                      
00005725  Task_ReportSysTick               
00003043  Task_TimeOfDay                   
00002b1d  TimerConfigure                   
00002bc5  TimerControlEvent                
00002b59  TimerControlLevel                
00002bef  TimerControlStall                
00002b8f  TimerControlTrigger              
00002c25  TimerControlWaitOnTrigger        
2000d03c  TimerCount                       
00002aff  TimerDisable                     
00002ae1  TimerEnable                      
00002f95  TimerIntClear                    
00002f5f  TimerIntDisable                  
00002f47  TimerIntEnable                   
00002ec9  TimerIntRegister                 
00002f77  TimerIntStatus                   
00002f0b  TimerIntUnregister               
00002d71  TimerLoadGet                     
00002db1  TimerLoadGet64                   
00002d3d  TimerLoadSet                     
00002d8d  TimerLoadSet64                   
00002e5b  TimerMatchGet                    
00002e97  TimerMatchGet64                  
00002e31  TimerMatchSet                    
00002e77  TimerMatchSet64                  
00002cdb  TimerPrescaleGet                 
00002d21  TimerPrescaleMatchGet            
00002cf7  TimerPrescaleMatchSet            
00002cb1  TimerPrescaleSet                 
00002fb9  TimerQuiesce                     
00002c9b  TimerRTCDisable                  
00002c85  TimerRTCEnable                   
00002fa7  TimerSynchronize                 
00002de3  TimerValueGet                    
00002dff  TimerValueGet64                  
00005a2d  UARTCharGet                      
00005a37  UARTCharPut                      
00005767  UARTConfigSetExpClk              
000058f5  UARTDisable                      
00005971  UARTEnable                       
00003b8d  UARTStdioInit                    
00003b9d  UARTStdioInitExpClk              
2000d088  UARTStdioInitFlag                
00005829  UARTStdio_Initialization         
00003ce3  UARTgetc                         
00003c2b  UARTgets                         
00003d09  UARTprintf                       
00003be5  UARTwrite                        
2000d010  __STACK_END                      
00000800  __STACK_SIZE                     
2000ca10  __STACK_TOP                      
00005f9c  __TI_CINIT_Base                  
00005fb4  __TI_CINIT_Limit                 
00005f94  __TI_Handler_Table_Base          
00005f9c  __TI_Handler_Table_Limit         
00005249  __TI_auto_init                   
2000d054  __TI_cleanup_ptr                 
000059f5  __TI_decompress_none             
00005a63  __TI_decompress_rle24            
2000d058  __TI_dtors_ptr                   
2000d05c  __TI_enable_exit_profile_output  
ffffffff  __TI_pprof_out_hndl              
00000feb  __TI_printfi                     
ffffffff  __TI_prof_data_size              
ffffffff  __TI_prof_data_start             
00000000  __TI_static_base__               
00004fc9  __aeabi_cdcmpeq                  
00004fc9  __aeabi_cdcmple                  
0000504f  __aeabi_cdrcmple                 
00005699  __aeabi_d2iz                     
000043cb  __aeabi_dadd                     
00004855  __aeabi_ddiv                     
00004ab5  __aeabi_dmul                     
000043c1  __aeabi_dsub                     
000058c7  __aeabi_i2d                      
000051cf  __aeabi_idiv0                    
00005155  __aeabi_memclr                   
00005155  __aeabi_memclr4                  
00005155  __aeabi_memclr8                  
00004f2d  __aeabi_memcpy                   
00004f2d  __aeabi_memcpy4                  
00004f2d  __aeabi_memcpy8                  
00005157  __aeabi_memset                   
00005157  __aeabi_memset4                  
00005157  __aeabi_memset8                  
000057e9  __aeabi_uidiv                    
000057e9  __aeabi_uidivmod                 
00004015  __aeabi_uldivmod                 
ffffffff  __binit__                        
ffffffff  __c_args__                       
00005323  __mpu_init                       
2000c810  __stack                          
0000592d  _args_main                       
000057a9  _c_int00                         
00005c4c  _ctypes_                         
2000d060  _lock                            
00005993  _nop                             
0000598b  _register_lock                   
00005985  _register_unlock                 
00005557  _system_post_cinit               
00005a69  _system_pre_init                 
2000d064  _unlock                          
000055b1  abort                            
00005601  atoi                             
ffffffff  binit                            
0000564d  copy_in                          
00005a49  copysign                         
00005a49  copysignl                        
2000d08c  errno                            
000055b9  exit                             
0000544d  frexp                            
0000544d  frexpl                           
20000000  g_pfnRAMVectors                  
00000000  g_pfnVectors                     
2000c80c  g_ulSystemClock                  
00004d95  ldexp                            
00004d95  ldexpl                           
00005501  ltoa                             
00004bd3  main                             
2000d090  main_func_sp                     
00005911  memccpy                          
00004f2d  memcpy                           
0000515d  memset                           
00003251  pcTimerGetTimerName              
00004209  pvPortMalloc                     
00001d51  pvTaskIncrementMutexHeldCount    
0000362d  pvTimerGetTimerID                
2000d010  pxCurrentTCB                     
00004ca5  pxPortInitialiseStack            
00004d95  scalbn                           
00004d95  scalbnl                          
000053ed  sprintf                          
00005945  strchr                           
00005999  strlen                           
00005111  ulPortSetInterruptMask           
00001d81  ulTaskNotifyTake                 
00004a6d  uxListRemove                     
00002771  uxQueueMessagesWaiting           
000027a7  uxQueueMessagesWaitingFromISR    
00002787  uxQueueSpacesAvailable           
00001635  uxTaskGetNumberOfTasks           
00001d2b  uxTaskResetEventItemValue        
0000498b  vListInitialise                  
000049bb  vListInitialiseItem              
00004a07  vListInsert                      
000049cb  vListInsertEnd                   
0000511f  vPortClearInterruptMask          
00004d15  vPortEndScheduler                
00004d21  vPortEnterCritical               
00004d31  vPortExitCritical                
00004335  vPortFree                        
0000439d  vPortInitialiseBlocks            
00005125  vPortSVCHandler                  
00004d6d  vPortSetupTimerInterrupt         
00005143  vPortStartFirstTask              
00004d17  vPortYieldFromISR                
000029cd  vQueueAddToRegistry              
000027b9  vQueueDelete                     
00002a0f  vQueueUnregisterQueue            
00002a49  vQueueWaitForMessageRestricted   
00001481  vTaskDelay                       
000013f5  vTaskDelayUntil                  
0000151b  vTaskEndScheduler                
000019ff  vTaskMissedYield                 
000020a1  vTaskNotifyGiveFromISR           
000017a9  vTaskPlaceOnEventList            
00001831  vTaskPlaceOnEventListRestricted  
000017e1  vTaskPlaceOnUnorderedEventList   
00001c0d  vTaskPriorityInherit             
00001973  vTaskSetTimeOutState             
000014c1  vTaskStartScheduler              
0000152d  vTaskSuspendAll                  
00001729  vTaskSwitchContext               
00003647  vTimerSetTimerID                 
00004397  xPortGetFreeHeapSize             
000050d5  xPortPendSVHandler               
00004ced  xPortStartScheduler              
2000d074  xPortSysTickCount                
00004d49  xPortSysTickHandler              
00002375  xQueueCreateCountingSemaphore    
00002283  xQueueCreateMutex                
0000221d  xQueueGenericCreate              
0000257d  xQueueGenericReceive             
00002191  xQueueGenericReset               
00002395  xQueueGenericSend                
0000248d  xQueueGenericSendFromISR         
0000250b  xQueueGiveFromISR                
000022ef  xQueueGiveMutexRecursive         
00002969  xQueueIsQueueEmptyFromISR        
000029ab  xQueueIsQueueFullFromISR         
0000272d  xQueuePeekFromISR                
000026b5  xQueueReceiveFromISR             
2000c724  xQueueRegistry                   
0000232b  xQueueTakeMutexRecursive         
00001995  xTaskCheckForTimeOut             
000012f1  xTaskGenericCreate               
00001ec9  xTaskGenericNotify               
00001fa9  xTaskGenericNotifyFromISR        
00001bd1  xTaskGetCurrentTaskHandle        
00001be1  xTaskGetSchedulerState           
00001609  xTaskGetTickCount                
00001621  xTaskGetTickCountFromISR         
00001641  xTaskIncrementTick               
0000213d  xTaskNotifyStateClear            
00001e19  xTaskNotifyWait                  
00001cab  xTaskPriorityDisinherit          
00001875  xTaskRemoveFromEventList         
000018fd  xTaskRemoveFromUnorderedEventList
00001537  xTaskResumeAll                   
0000318f  xTimerCreate                     
00003155  xTimerCreateTimerTask            
000031e3  xTimerGenericCommand             
00003601  xTimerIsTimerActive              


GLOBAL SYMBOLS: SORTED BY Symbol Address 

address   name                             
-------   ----                             
00000000  __TI_static_base__               
00000000  g_pfnVectors                     
00000800  __STACK_SIZE                     
00000feb  __TI_printfi                     
000012f1  xTaskGenericCreate               
000013f5  vTaskDelayUntil                  
00001481  vTaskDelay                       
000014c1  vTaskStartScheduler              
0000151b  vTaskEndScheduler                
0000152d  vTaskSuspendAll                  
00001537  xTaskResumeAll                   
00001609  xTaskGetTickCount                
00001621  xTaskGetTickCountFromISR         
00001635  uxTaskGetNumberOfTasks           
00001641  xTaskIncrementTick               
00001729  vTaskSwitchContext               
000017a9  vTaskPlaceOnEventList            
000017e1  vTaskPlaceOnUnorderedEventList   
00001831  vTaskPlaceOnEventListRestricted  
00001875  xTaskRemoveFromEventList         
000018fd  xTaskRemoveFromUnorderedEventList
00001973  vTaskSetTimeOutState             
00001995  xTaskCheckForTimeOut             
000019ff  vTaskMissedYield                 
00001bd1  xTaskGetCurrentTaskHandle        
00001be1  xTaskGetSchedulerState           
00001c0d  vTaskPriorityInherit             
00001cab  xTaskPriorityDisinherit          
00001d2b  uxTaskResetEventItemValue        
00001d51  pvTaskIncrementMutexHeldCount    
00001d81  ulTaskNotifyTake                 
00001e19  xTaskNotifyWait                  
00001ec9  xTaskGenericNotify               
00001fa9  xTaskGenericNotifyFromISR        
000020a1  vTaskNotifyGiveFromISR           
0000213d  xTaskNotifyStateClear            
00002191  xQueueGenericReset               
0000221d  xQueueGenericCreate              
00002283  xQueueCreateMutex                
000022ef  xQueueGiveMutexRecursive         
0000232b  xQueueTakeMutexRecursive         
00002375  xQueueCreateCountingSemaphore    
00002395  xQueueGenericSend                
0000248d  xQueueGenericSendFromISR         
0000250b  xQueueGiveFromISR                
0000257d  xQueueGenericReceive             
000026b5  xQueueReceiveFromISR             
0000272d  xQueuePeekFromISR                
00002771  uxQueueMessagesWaiting           
00002787  uxQueueSpacesAvailable           
000027a7  uxQueueMessagesWaitingFromISR    
000027b9  vQueueDelete                     
00002969  xQueueIsQueueEmptyFromISR        
000029ab  xQueueIsQueueFullFromISR         
000029cd  vQueueAddToRegistry              
00002a0f  vQueueUnregisterQueue            
00002a49  vQueueWaitForMessageRestricted   
00002ae1  TimerEnable                      
00002aff  TimerDisable                     
00002b1d  TimerConfigure                   
00002b59  TimerControlLevel                
00002b8f  TimerControlTrigger              
00002bc5  TimerControlEvent                
00002bef  TimerControlStall                
00002c25  TimerControlWaitOnTrigger        
00002c85  TimerRTCEnable                   
00002c9b  TimerRTCDisable                  
00002cb1  TimerPrescaleSet                 
00002cdb  TimerPrescaleGet                 
00002cf7  TimerPrescaleMatchSet            
00002d21  TimerPrescaleMatchGet            
00002d3d  TimerLoadSet                     
00002d71  TimerLoadGet                     
00002d8d  TimerLoadSet64                   
00002db1  TimerLoadGet64                   
00002de3  TimerValueGet                    
00002dff  TimerValueGet64                  
00002e31  TimerMatchSet                    
00002e5b  TimerMatchGet                    
00002e77  TimerMatchSet64                  
00002e97  TimerMatchGet64                  
00002ec9  TimerIntRegister                 
00002f0b  TimerIntUnregister               
00002f47  TimerIntEnable                   
00002f5f  TimerIntDisable                  
00002f77  TimerIntStatus                   
00002f95  TimerIntClear                    
00002fa7  TimerSynchronize                 
00002fb9  TimerQuiesce                     
00003043  Task_TimeOfDay                   
00003155  xTimerCreateTimerTask            
0000318f  xTimerCreate                     
000031e3  xTimerGenericCommand             
00003251  pcTimerGetTimerName              
00003601  xTimerIsTimerActive              
0000362d  pvTimerGetTimerID                
00003647  vTimerSetTimerID                 
00003785  RIT128x96x4Clear                 
000037e1  RIT128x96x4StringDraw            
00003921  RIT128x96x4ImageDraw             
000039a9  RIT128x96x4Enable                
00003a03  RIT128x96x4Disable               
00003a7d  RIT128x96x4Init                  
00003b21  RIT128x96x4DisplayOn             
00003b55  RIT128x96x4DisplayOff            
00003b8d  UARTStdioInit                    
00003b9d  UARTStdioInitExpClk              
00003be5  UARTwrite                        
00003c2b  UARTgets                         
00003ce3  UARTgetc                         
00003d09  UARTprintf                       
00004015  __aeabi_uldivmod                 
00004209  pvPortMalloc                     
00004335  vPortFree                        
00004397  xPortGetFreeHeapSize             
0000439d  vPortInitialiseBlocks            
000043c1  __aeabi_dsub                     
000043cb  __aeabi_dadd                     
00004579  SysCtlClockGet                   
00004711  SysCtlClockSet                   
00004855  __aeabi_ddiv                     
0000498b  vListInitialise                  
000049bb  vListInitialiseItem              
000049cb  vListInsertEnd                   
00004a07  vListInsert                      
00004a6d  uxListRemove                     
00004ab5  __aeabi_dmul                     
00004bb1  Initialize_OLED                  
00004bd3  main                             
00004ca5  pxPortInitialiseStack            
00004ced  xPortStartScheduler              
00004d15  vPortEndScheduler                
00004d17  vPortYieldFromISR                
00004d21  vPortEnterCritical               
00004d31  vPortExitCritical                
00004d49  xPortSysTickHandler              
00004d6d  vPortSetupTimerInterrupt         
00004d95  ldexp                            
00004d95  ldexpl                           
00004d95  scalbn                           
00004d95  scalbnl                          
00004e65  GPIOPadConfigSet                 
00004f2d  __aeabi_memcpy                   
00004f2d  __aeabi_memcpy4                  
00004f2d  __aeabi_memcpy8                  
00004f2d  memcpy                           
00004fc9  __aeabi_cdcmpeq                  
00004fc9  __aeabi_cdcmple                  
0000504f  __aeabi_cdrcmple                 
000050d5  xPortPendSVHandler               
00005111  ulPortSetInterruptMask           
0000511f  vPortClearInterruptMask          
00005125  vPortSVCHandler                  
00005143  vPortStartFirstTask              
00005155  __aeabi_memclr                   
00005155  __aeabi_memclr4                  
00005155  __aeabi_memclr8                  
00005157  __aeabi_memset                   
00005157  __aeabi_memset4                  
00005157  __aeabi_memset8                  
0000515d  memset                           
000051cf  __aeabi_idiv0                    
000051d1  SysCtlPeripheralPresent          
00005249  __TI_auto_init                   
00005323  __mpu_init                       
00005325  IntDisable                       
00005389  IntEnable                        
000053ed  sprintf                          
0000544d  frexp                            
0000544d  frexpl                           
000054a9  SysCtlPeripheralEnable           
00005501  ltoa                             
00005557  _system_post_cinit               
00005559  Task_Blinky                      
000055ad  C$$EXIT                          
000055b1  abort                            
000055b9  exit                             
00005601  atoi                             
0000564d  copy_in                          
00005699  __aeabi_d2iz                     
000056e1  SSIConfigSetExpClk               
00005725  Task_ReportSysTick               
00005767  UARTConfigSetExpClk              
000057a9  _c_int00                         
000057e9  __aeabi_uidiv                    
000057e9  __aeabi_uidivmod                 
00005829  UARTStdio_Initialization         
00005865  IntRegister                      
00005899  GPIODirModeSet                   
000058c7  __aeabi_i2d                      
000058f5  UARTDisable                      
00005911  memccpy                          
0000592d  _args_main                       
00005945  strchr                           
0000595d  IntUnregister                    
00005971  UARTEnable                       
00005985  _register_unlock                 
0000598b  _register_lock                   
00005993  _nop                             
00005999  strlen                           
000059ad  GPIOPinTypeGPIOOutput            
000059bf  GPIOPinTypeSSI                   
000059d1  GPIOPinTypeUART                  
000059e3  SSIDataGetNonBlocking            
000059f5  __TI_decompress_none             
00005a03  ResetISR                         
00005a0f  SSIDataPut                       
00005a19  SSIDisable                       
00005a23  SSIEnable                        
00005a2d  UARTCharGet                      
00005a37  UARTCharPut                      
00005a41  SSIBusy                          
00005a49  copysign                         
00005a49  copysignl                        
00005a51  GPIOPinRead                      
00005a57  GPIOPinWrite                     
00005a5d  SysCtlDelay                      
00005a63  __TI_decompress_rle24            
00005a69  _system_pre_init                 
00005c4c  _ctypes_                         
00005f94  __TI_Handler_Table_Base          
00005f9c  __TI_CINIT_Base                  
00005f9c  __TI_Handler_Table_Limit         
00005fb4  __TI_CINIT_Limit                 
20000000  g_pfnRAMVectors                  
2000c724  xQueueRegistry                   
2000c764  HourString                       
2000c80c  g_ulSystemClock                  
2000c810  __stack                          
2000ca10  __STACK_TOP                      
2000d010  __STACK_END                      
2000d010  pxCurrentTCB                     
2000d03c  TimerCount                       
2000d054  __TI_cleanup_ptr                 
2000d058  __TI_dtors_ptr                   
2000d05c  __TI_enable_exit_profile_output  
2000d060  _lock                            
2000d064  _unlock                          
2000d074  xPortSysTickCount                
2000d085  OLED_Initialized                 
2000d088  UARTStdioInitFlag                
2000d08c  errno                            
2000d090  main_func_sp                     
ffffffff  __TI_pprof_out_hndl              
ffffffff  __TI_prof_data_size              
ffffffff  __TI_prof_data_start             
ffffffff  __binit__                        
ffffffff  __c_args__                       
ffffffff  binit                            
UNDEFED   SHT$$INIT_ARRAY$$Base            
UNDEFED   SHT$$INIT_ARRAY$$Limit           

[251 symbols]
