******************************************************************************
                  TI ARM Linker PC v15.12.1                    
******************************************************************************
>> Linked Wed Feb 22 15:21:27 2017

OUTPUT FILE NAME:   <FreeRTOS823_LM3S_Prototype.out>
ENTRY POINT SYMBOL: "_c_int00"  address: 00005009


MEMORY CONFIGURATION

         name            origin    length      used     unused   attr    fill
----------------------  --------  ---------  --------  --------  ----  --------
  FLASH                 00000000   00040000  000056e2  0003a91e  R  X
  SRAM                  20000000   00010000  0000cdf4  0000320c  RW X


SEGMENT ALLOCATION MAP

run origin  load origin   length   init length attrs members
----------  ----------- ---------- ----------- ----- -------
00000000    00000000    000056e4   000056e4    r-x
  00000000    00000000    00000200   00000200    r-- .intvecs
  00000200    00000200    00005084   00005084    r-x .text
  00005284    00005284    0000041a   0000041a    r-- .const
  000056a0    000056a0    00000044   00000044    r-- .cinit
20000000    20000000    0000cdf4   00000000    rw-
  20000000    20000000    0000c588   00000000    rw- .bss
  2000c588    2000c588    00000800   00000000    rw- .stack
  2000cd88    2000cd88    0000006c   00000000    rw- .data


SECTION ALLOCATION MAP

 output                                  attributes/
section   page    origin      length       input sections
--------  ----  ----------  ----------   ----------------
.intvecs   0    00000000    00000200     
                  00000000    00000200     FreeRTOS_LM3S_Startup.obj (.intvecs)

.text      0    00000200    00005084     
                  00000200    000010f0     rtsv7M3_T_le_eabi.lib : _printfi.obj (.text)
                  000012f0    00000ea0     tasks.obj (.text)
                  00002190    00000914     queue.obj (.text)
                  00002aa4    00000528     timers.obj (.text)
                  00002fcc    00000510     rit128x96x4.obj (.text)
                  000034dc    00000488     uartstdio.obj (.text)
                  00003964    000001f4     rtsv7M3_T_le_eabi.lib : ull_div_t2.obj (.text)
                  00003b58    000001b8     heap_2.obj (.text)
                  00003d10    000001b6     rtsv7M3_T_le_eabi.lib : fd_add_t2.obj (.text)
                  00003ec6    00000002                           : i_div0.obj (.text)
                  00003ec8    00000198     driverlib-cm3.lib : sysctl.obj (.text:SysCtlClockGet)
                  00004060    00000144                       : sysctl.obj (.text:SysCtlClockSet)
                  000041a4    00000136     rtsv7M3_T_le_eabi.lib : fd_div_t2.obj (.text)
                  000042da    0000012a     list.obj (.text)
                  00004404    000000fc     rtsv7M3_T_le_eabi.lib : fd_mul_t2.obj (.text)
                  00004500    000000f0     port.obj (.text)
                  000045f0    000000d0     rtsv7M3_T_le_eabi.lib : s_scalbn.obj (.text)
                  000046c0    000000cc     Main_Blinky.obj (.text)
                  0000478c    000000c8     driverlib-cm3.lib : gpio.obj (.text:GPIOPadConfigSet)
                  00004854    0000009c     rtsv7M3_T_le_eabi.lib : memcpy_t2.obj (.text)
                  000048f0    00000086                           : fd_cmp_t2.obj (.text:__aeabi_cdcmple)
                  00004976    00000086                           : fd_cmp_t2.obj (.text:__aeabi_cdrcmple)
                  000049fc    00000080     portasm.obj (.text)
                  00004a7c    0000007a     rtsv7M3_T_le_eabi.lib : memset_t2.obj (.text)
                  00004af6    00000002                           : mpu_init.obj (.text)
                  00004af8    00000078     driverlib-cm3.lib : sysctl.obj (.text:SysCtlPeripheralPresent)
                  00004b70    00000070     rtsv7M3_T_le_eabi.lib : autoinit.obj (.text)
                  00004be0    0000006a                           : copy_decompress_rle.obj (.text)
                  00004c4a    00000002                           : startup.obj (.text)
                  00004c4c    00000060                           : sprintf.obj (.text)
                  00004cac    0000005c                           : s_frexp.obj (.text)
                  00004d08    00000058     driverlib-cm3.lib : sysctl.obj (.text:SysCtlPeripheralEnable)
                  00004d60    00000056     rtsv7M3_T_le_eabi.lib : ltoa.obj (.text)
                  00004db6    00000002     --HOLE-- [fill = 0]
                  00004db8    00000054     Task_Blinky.obj (.text)
                  00004e0c    00000054     rtsv7M3_T_le_eabi.lib : exit.obj (.text)
                  00004e60    0000004c                           : atoi.obj (.text)
                  00004eac    0000004c                           : cpy_tbl.obj (.text)
                  00004ef8    00000048                           : fd_toi_t2.obj (.text)
                  00004f40    00000044     driverlib-cm3.lib : ssi.obj (.text:SSIConfigSetExpClk)
                  00004f84    00000042     Task_ReportSysTick.obj (.text)
                  00004fc6    00000042     driverlib-cm3.lib : uart.obj (.text:UARTConfigSetExpClk)
                  00005008    00000040     rtsv7M3_T_le_eabi.lib : boot.obj (.text)
                  00005048    00000040                           : u_divt2.obj (.text)
                  00005088    0000003c     UARTStdio_Initialization_LM3S1968.obj (.text)
                  000050c4    0000002e     driverlib-cm3.lib : gpio.obj (.text:GPIODirModeSet)
                  000050f2    0000002e     rtsv7M3_T_le_eabi.lib : i_tofd_t2.obj (.text)
                  00005120    0000001c     driverlib-cm3.lib : uart.obj (.text:UARTDisable)
                  0000513c    0000001a     rtsv7M3_T_le_eabi.lib : memccpy.obj (.text)
                  00005156    00000002     --HOLE-- [fill = 0]
                  00005158    00000018                           : args_main.obj (.text)
                  00005170    00000016                           : strchr.obj (.text)
                  00005186    00000014     driverlib-cm3.lib : uart.obj (.text:UARTEnable)
                  0000519a    00000002     --HOLE-- [fill = 0]
                  0000519c    00000014     rtsv7M3_T_le_eabi.lib : _lock.obj (.text)
                  000051b0    00000014                           : strlen.obj (.text)
                  000051c4    00000012     driverlib-cm3.lib : gpio.obj (.text:GPIOPinTypeGPIOOutput)
                  000051d6    00000012                       : gpio.obj (.text:GPIOPinTypeSSI)
                  000051e8    00000012                       : gpio.obj (.text:GPIOPinTypeUART)
                  000051fa    00000012                       : ssi.obj (.text:SSIDataGetNonBlocking)
                  0000520c    0000000e     rtsv7M3_T_le_eabi.lib : copy_decompress_none.obj (.text:decompress:none)
                  0000521a    0000000c     FreeRTOS_LM3S_Startup.obj (.text)
                  00005226    0000000a     driverlib-cm3.lib : ssi.obj (.text:SSIDataPut)
                  00005230    0000000a                       : ssi.obj (.text:SSIDisable)
                  0000523a    0000000a                       : ssi.obj (.text:SSIEnable)
                  00005244    0000000a                       : uart.obj (.text:UARTCharGet)
                  0000524e    0000000a                       : uart.obj (.text:UARTCharPut)
                  00005258    00000008                       : ssi.obj (.text:SSIBusy)
                  00005260    00000008     rtsv7M3_T_le_eabi.lib : s_copysign.obj (.text)
                  00005268    00000006     driverlib-cm3.lib : gpio.obj (.text:GPIOPinRead)
                  0000526e    00000006                       : gpio.obj (.text:GPIOPinWrite)
                  00005274    00000006                       : sysctl.obj (.text:SysCtlDelay)
                  0000527a    00000006     rtsv7M3_T_le_eabi.lib : copy_decompress_rle.obj (.text:decompress:rle24)
                  00005280    00000004                           : pre_init.obj (.text)

.const     0    00005284    0000041a     
                  00005284    000001e0     rit128x96x4.obj (.const:g_pucFont)
                  00005464    00000101     rtsv7M3_T_le_eabi.lib : ctype.obj (.const:.string:_ctypes_)
                  00005565    00000003     rit128x96x4.obj (.const:.string:pucCommand1$1)
                  00005568    0000006c     driverlib-cm3.lib : sysctl.obj (.const:g_pulXtals)
                  000055d4    0000004f     rit128x96x4.obj (.const:.string:g_pucRIT128x96x4Init)
                  00005623    00000001     --HOLE-- [fill = 0]
                  00005624    00000040     driverlib-cm3.lib : sysctl.obj (.const)
                  00005664    00000012     uartstdio.obj (.const:.string)
                  00005676    00000002     rit128x96x4.obj (.const:.string:g_pucRIT128x96x4HorizontalInc)
                  00005678    0000000c     uartstdio.obj (.const:g_ulUARTBase)
                  00005684    0000000c     uartstdio.obj (.const:g_ulUARTPeriph)
                  00005690    00000004     uartstdio.obj (.const)
                  00005694    00000003     rit128x96x4.obj (.const:.string:pucCommand2$2)
                  00005697    00000002     rit128x96x4.obj (.const:.string:g_pucRIT128x96x4VerticalInc)
                  00005699    00000002     rit128x96x4.obj (.const:.string:pucCommand1$3)
                  0000569b    00000001     --HOLE-- [fill = 0]
                  0000569c    00000002     heap_2.obj (.const)

.cinit     0    000056a0    00000044     
                  000056a0    00000020     (.cinit..data.load) [load image, compression = rle]
                  000056c0    0000000b     (.cinit..bss.load) [load image, compression = rle]
                  000056cb    00000001     --HOLE-- [fill = 0]
                  000056cc    00000008     (__TI_handler_table)
                  000056d4    00000010     (__TI_cinit_table)

.init_array 
*          0    00000000    00000000     UNINITIALIZED

.bss       0    20000000    0000c588     UNINITIALIZED
                  20000000    0000c350     heap_2.obj (.bss:xHeap)
                  2000c350    00000100     FreeRTOS_LM3S_Startup.obj (.bss:pulStack)
                  2000c450    00000064     tasks.obj (.bss:pxReadyTasksLists)
                  2000c4b4    00000040     (.common:xQueueRegistry)
                  2000c4f4    00000014     timers.obj (.bss:xActiveTimerList1)
                  2000c508    00000014     timers.obj (.bss:xActiveTimerList2)
                  2000c51c    00000014     tasks.obj (.bss:xDelayedTaskList1)
                  2000c530    00000014     tasks.obj (.bss:xDelayedTaskList2)
                  2000c544    00000014     tasks.obj (.bss:xPendingReadyList)
                  2000c558    00000008     rit128x96x4.obj (.bss:g_pucBuffer)
                  2000c560    00000008     tasks.obj (.bss)
                  2000c568    00000008     timers.obj (.bss)
                  2000c570    00000008     heap_2.obj (.bss:xEnd)
                  2000c578    00000008     heap_2.obj (.bss:xStart)
                  2000c580    00000004     rit128x96x4.obj (.bss)
                  2000c584    00000004     (.common:g_ulSystemClock)

.stack     0    2000c588    00000800     UNINITIALIZED
                  2000c588    00000800     --HOLE--

.data      0    2000cd88    0000006c     UNINITIALIZED
                  2000cd88    0000002c     tasks.obj (.data)
                  2000cdb4    0000000c     rtsv7M3_T_le_eabi.lib : exit.obj (.data:$O1$$)
                  2000cdc0    00000008                           : _lock.obj (.data:$O1$$)
                  2000cdc8    00000008     heap_2.obj (.data)
                  2000cdd0    00000008     port.obj (.data)
                  2000cdd8    00000008     timers.obj (.data)
                  2000cde0    00000005     uartstdio.obj (.data)
                  2000cde5    00000001     Main_Blinky.obj (.data)
                  2000cde6    00000002     --HOLE--
                  2000cde8    00000004     UARTStdio_Initialization_LM3S1968.obj (.data)
                  2000cdec    00000004     rtsv7M3_T_le_eabi.lib : errno.obj (.data)
                  2000cdf0    00000004                           : stkdepth_vars.obj (.data)

MODULE SUMMARY

       Module                                  code    ro data   rw data
       ------                                  ----    -------   -------
    .\
       heap_2.obj                              440     2         50024  
       FreeRTOS_LM3S_Startup.obj               12      512       256    
       Main_Blinky.obj                         204     0         5      
    +--+---------------------------------------+-------+---------+---------+
       Total:                                  656     514       50285  
                                                                        
    .\Drivers\
       rit128x96x4.obj                         1296    571       12     
       uartstdio.obj                           1160    46        5      
       UARTStdio_Initialization_LM3S1968.obj   60      0         4      
    +--+---------------------------------------+-------+---------+---------+
       Total:                                  2516    617       21     
                                                                        
    .\Source\
       tasks.obj                               3744    0         212    
       queue.obj                               2324    0         64     
       timers.obj                              1320    0         56     
       list.obj                                298     0         0      
    +--+---------------------------------------+-------+---------+---------+
       Total:                                  7686    0         332    
                                                                        
    .\Source\portable\CCS\ARM_CM3\
       port.obj                                240     0         8      
       portasm.obj                             128     0         0      
    +--+---------------------------------------+-------+---------+---------+
       Total:                                  368     0         8      
                                                                        
    .\Tasks\
       Task_Blinky.obj                         84      0         0      
       Task_ReportSysTick.obj                  66      0         0      
    +--+---------------------------------------+-------+---------+---------+
       Total:                                  150     0         0      
                                                                        
    C:/TI_CodeComposer/StellarisWare-LM3S1968/driverlib/ccs-cm3/Debug/driverlib-cm3.lib
       sysctl.obj                              946     172       0      
       gpio.obj                                312     0         0      
       uart.obj                                134     0         0      
       ssi.obj                                 124     0         0      
    +--+---------------------------------------+-------+---------+---------+
       Total:                                  1516    172       0      
                                                                        
    C:\TI_CodeComposer\ccsv6\tools\compiler\ti-cgt-arm_15.12.1.LTS\lib\rtsv7M3_T_le_eabi.lib
       _printfi.obj                            4336    0         0      
       ull_div_t2.obj                          500     0         0      
       fd_add_t2.obj                           438     0         0      
       fd_div_t2.obj                           310     0         0      
       fd_cmp_t2.obj                           268     0         0      
       ctype.obj                               0       257       0      
       fd_mul_t2.obj                           252     0         0      
       s_scalbn.obj                            208     0         0      
       memcpy_t2.obj                           156     0         0      
       memset_t2.obj                           122     0         0      
       autoinit.obj                            112     0         0      
       copy_decompress_rle.obj                 112     0         0      
       exit.obj                                84      0         12     
       sprintf.obj                             96      0         0      
       s_frexp.obj                             92      0         0      
       ltoa.obj                                86      0         0      
       atoi.obj                                76      0         0      
       cpy_tbl.obj                             76      0         0      
       fd_toi_t2.obj                           72      0         0      
       boot.obj                                64      0         0      
       u_divt2.obj                             64      0         0      
       i_tofd_t2.obj                           46      0         0      
       _lock.obj                               20      0         8      
       memccpy.obj                             26      0         0      
       args_main.obj                           24      0         0      
       strchr.obj                              22      0         0      
       strlen.obj                              20      0         0      
       copy_decompress_none.obj                14      0         0      
       s_copysign.obj                          8       0         0      
       errno.obj                               0       0         4      
       pre_init.obj                            4       0         0      
       stkdepth_vars.obj                       0       0         4      
       i_div0.obj                              2       0         0      
       mpu_init.obj                            2       0         0      
       startup.obj                             2       0         0      
    +--+---------------------------------------+-------+---------+---------+
       Total:                                  7714    257       28     
                                                                        
       Stack:                                  0       0         2048   
       Linker Generated:                       0       67        0      
    +--+---------------------------------------+-------+---------+---------+
       Grand Total:                            20606   1627      52722  


LINKER GENERATED COPY TABLES

__TI_cinit_table @ 000056d4 records: 2, size/record: 8, table size: 16
	.data: load addr=000056a0, load size=00000020 bytes, run addr=2000cd88, run size=0000006c bytes, compression=rle
	.bss: load addr=000056c0, load size=0000000b bytes, run addr=20000000, run size=0000c588 bytes, compression=rle


LINKER GENERATED HANDLER TABLE

__TI_handler_table @ 000056cc records: 2, size/record: 4, table size: 8
	index: 0, handler: __TI_decompress_rle24
	index: 1, handler: __TI_decompress_none


GLOBAL SYMBOLS: SORTED ALPHABETICALLY BY Name 

address   name                             
-------   ----                             
00004e0d  C$$EXIT                          
000050c5  GPIODirModeSet                   
0000478d  GPIOPadConfigSet                 
00005269  GPIOPinRead                      
000051c5  GPIOPinTypeGPIOOutput            
000051d7  GPIOPinTypeSSI                   
000051e9  GPIOPinTypeUART                  
0000526f  GPIOPinWrite                     
000046c1  Initialize_OLED                  
2000cde5  OLED_Initialized                 
000030d5  RIT128x96x4Clear                 
00003353  RIT128x96x4Disable               
000034a5  RIT128x96x4DisplayOff            
00003471  RIT128x96x4DisplayOn             
000032f9  RIT128x96x4Enable                
00003271  RIT128x96x4ImageDraw             
000033cd  RIT128x96x4Init                  
00003131  RIT128x96x4StringDraw            
0000521b  ResetISR                         
UNDEFED   SHT$$INIT_ARRAY$$Base            
UNDEFED   SHT$$INIT_ARRAY$$Limit           
00005259  SSIBusy                          
00004f41  SSIConfigSetExpClk               
000051fb  SSIDataGetNonBlocking            
00005227  SSIDataPut                       
00005231  SSIDisable                       
0000523b  SSIEnable                        
00003ec9  SysCtlClockGet                   
00004061  SysCtlClockSet                   
00005275  SysCtlDelay                      
00004d09  SysCtlPeripheralEnable           
00004af9  SysCtlPeripheralPresent          
00004db9  Task_Blinky                      
00004f85  Task_ReportSysTick               
00005245  UARTCharGet                      
0000524f  UARTCharPut                      
00004fc7  UARTConfigSetExpClk              
00005121  UARTDisable                      
00005187  UARTEnable                       
000034dd  UARTStdioInit                    
000034ed  UARTStdioInitExpClk              
2000cde8  UARTStdioInitFlag                
00005089  UARTStdio_Initialization         
00003633  UARTgetc                         
0000357b  UARTgets                         
00003659  UARTprintf                       
00003535  UARTwrite                        
2000cd88  __STACK_END                      
00000800  __STACK_SIZE                     
2000c788  __STACK_TOP                      
000056d4  __TI_CINIT_Base                  
000056e4  __TI_CINIT_Limit                 
000056cc  __TI_Handler_Table_Base          
000056d4  __TI_Handler_Table_Limit         
00004b71  __TI_auto_init                   
2000cdb4  __TI_cleanup_ptr                 
0000520d  __TI_decompress_none             
0000527b  __TI_decompress_rle24            
2000cdb8  __TI_dtors_ptr                   
2000cdbc  __TI_enable_exit_profile_output  
ffffffff  __TI_pprof_out_hndl              
00000feb  __TI_printfi                     
ffffffff  __TI_prof_data_size              
ffffffff  __TI_prof_data_start             
00000000  __TI_static_base__               
000048f1  __aeabi_cdcmpeq                  
000048f1  __aeabi_cdcmple                  
00004977  __aeabi_cdrcmple                 
00004ef9  __aeabi_d2iz                     
00003d1b  __aeabi_dadd                     
000041a5  __aeabi_ddiv                     
00004405  __aeabi_dmul                     
00003d11  __aeabi_dsub                     
000050f3  __aeabi_i2d                      
00003ec7  __aeabi_idiv0                    
00004a7d  __aeabi_memclr                   
00004a7d  __aeabi_memclr4                  
00004a7d  __aeabi_memclr8                  
00004855  __aeabi_memcpy                   
00004855  __aeabi_memcpy4                  
00004855  __aeabi_memcpy8                  
00004a7f  __aeabi_memset                   
00004a7f  __aeabi_memset4                  
00004a7f  __aeabi_memset8                  
00005049  __aeabi_uidiv                    
00005049  __aeabi_uidivmod                 
00003965  __aeabi_uldivmod                 
ffffffff  __binit__                        
ffffffff  __c_args__                       
00004af7  __mpu_init                       
2000c588  __stack                          
00005159  _args_main                       
00005009  _c_int00                         
00005464  _ctypes_                         
2000cdc0  _lock                            
000051ab  _nop                             
000051a3  _register_lock                   
0000519d  _register_unlock                 
00004c4b  _system_post_cinit               
00005281  _system_pre_init                 
2000cdc4  _unlock                          
00004e11  abort                            
00004e61  atoi                             
ffffffff  binit                            
00004ead  copy_in                          
00005261  copysign                         
00005261  copysignl                        
2000cdec  errno                            
00004e19  exit                             
00004cad  frexp                            
00004cad  frexpl                           
00000000  g_pfnVectors                     
2000c584  g_ulSystemClock                  
000045f1  ldexp                            
000045f1  ldexpl                           
00004d61  ltoa                             
000046e3  main                             
2000cdf0  main_func_sp                     
0000513d  memccpy                          
00004855  memcpy                           
00004a85  memset                           
00002ba1  pcTimerGetTimerName              
00003b59  pvPortMalloc                     
00001d51  pvTaskIncrementMutexHeldCount    
00002f7d  pvTimerGetTimerID                
2000cd88  pxCurrentTCB                     
00004501  pxPortInitialiseStack            
000045f1  scalbn                           
000045f1  scalbnl                          
00004c4d  sprintf                          
00005171  strchr                           
000051b1  strlen                           
00004a39  ulPortSetInterruptMask           
00001d81  ulTaskNotifyTake                 
000043bd  uxListRemove                     
00002771  uxQueueMessagesWaiting           
000027a7  uxQueueMessagesWaitingFromISR    
00002787  uxQueueSpacesAvailable           
00001635  uxTaskGetNumberOfTasks           
00001d2b  uxTaskResetEventItemValue        
000042db  vListInitialise                  
0000430b  vListInitialiseItem              
00004357  vListInsert                      
0000431b  vListInsertEnd                   
00004a47  vPortClearInterruptMask          
00004571  vPortEndScheduler                
0000457d  vPortEnterCritical               
0000458d  vPortExitCritical                
00003c85  vPortFree                        
00003ced  vPortInitialiseBlocks            
00004a4d  vPortSVCHandler                  
000045c9  vPortSetupTimerInterrupt         
00004a6b  vPortStartFirstTask              
00004573  vPortYieldFromISR                
000029cd  vQueueAddToRegistry              
000027b9  vQueueDelete                     
00002a0f  vQueueUnregisterQueue            
00002a49  vQueueWaitForMessageRestricted   
00001481  vTaskDelay                       
000013f5  vTaskDelayUntil                  
0000151b  vTaskEndScheduler                
000019ff  vTaskMissedYield                 
000020a1  vTaskNotifyGiveFromISR           
000017a9  vTaskPlaceOnEventList            
00001831  vTaskPlaceOnEventListRestricted  
000017e1  vTaskPlaceOnUnorderedEventList   
00001c0d  vTaskPriorityInherit             
00001973  vTaskSetTimeOutState             
000014c1  vTaskStartScheduler              
0000152d  vTaskSuspendAll                  
00001729  vTaskSwitchContext               
00002f97  vTimerSetTimerID                 
00003ce7  xPortGetFreeHeapSize             
000049fd  xPortPendSVHandler               
00004549  xPortStartScheduler              
2000cdd4  xPortSysTickCount                
000045a5  xPortSysTickHandler              
00002375  xQueueCreateCountingSemaphore    
00002283  xQueueCreateMutex                
0000221d  xQueueGenericCreate              
0000257d  xQueueGenericReceive             
00002191  xQueueGenericReset               
00002395  xQueueGenericSend                
0000248d  xQueueGenericSendFromISR         
0000250b  xQueueGiveFromISR                
000022ef  xQueueGiveMutexRecursive         
00002969  xQueueIsQueueEmptyFromISR        
000029ab  xQueueIsQueueFullFromISR         
0000272d  xQueuePeekFromISR                
000026b5  xQueueReceiveFromISR             
2000c4b4  xQueueRegistry                   
0000232b  xQueueTakeMutexRecursive         
00001995  xTaskCheckForTimeOut             
000012f1  xTaskGenericCreate               
00001ec9  xTaskGenericNotify               
00001fa9  xTaskGenericNotifyFromISR        
00001bd1  xTaskGetCurrentTaskHandle        
00001be1  xTaskGetSchedulerState           
00001609  xTaskGetTickCount                
00001621  xTaskGetTickCountFromISR         
00001641  xTaskIncrementTick               
0000213d  xTaskNotifyStateClear            
00001e19  xTaskNotifyWait                  
00001cab  xTaskPriorityDisinherit          
00001875  xTaskRemoveFromEventList         
000018fd  xTaskRemoveFromUnorderedEventList
00001537  xTaskResumeAll                   
00002adf  xTimerCreate                     
00002aa5  xTimerCreateTimerTask            
00002b33  xTimerGenericCommand             
00002f51  xTimerIsTimerActive              


GLOBAL SYMBOLS: SORTED BY Symbol Address 

address   name                             
-------   ----                             
00000000  __TI_static_base__               
00000000  g_pfnVectors                     
00000800  __STACK_SIZE                     
00000feb  __TI_printfi                     
000012f1  xTaskGenericCreate               
000013f5  vTaskDelayUntil                  
00001481  vTaskDelay                       
000014c1  vTaskStartScheduler              
0000151b  vTaskEndScheduler                
0000152d  vTaskSuspendAll                  
00001537  xTaskResumeAll                   
00001609  xTaskGetTickCount                
00001621  xTaskGetTickCountFromISR         
00001635  uxTaskGetNumberOfTasks           
00001641  xTaskIncrementTick               
00001729  vTaskSwitchContext               
000017a9  vTaskPlaceOnEventList            
000017e1  vTaskPlaceOnUnorderedEventList   
00001831  vTaskPlaceOnEventListRestricted  
00001875  xTaskRemoveFromEventList         
000018fd  xTaskRemoveFromUnorderedEventList
00001973  vTaskSetTimeOutState             
00001995  xTaskCheckForTimeOut             
000019ff  vTaskMissedYield                 
00001bd1  xTaskGetCurrentTaskHandle        
00001be1  xTaskGetSchedulerState           
00001c0d  vTaskPriorityInherit             
00001cab  xTaskPriorityDisinherit          
00001d2b  uxTaskResetEventItemValue        
00001d51  pvTaskIncrementMutexHeldCount    
00001d81  ulTaskNotifyTake                 
00001e19  xTaskNotifyWait                  
00001ec9  xTaskGenericNotify               
00001fa9  xTaskGenericNotifyFromISR        
000020a1  vTaskNotifyGiveFromISR           
0000213d  xTaskNotifyStateClear            
00002191  xQueueGenericReset               
0000221d  xQueueGenericCreate              
00002283  xQueueCreateMutex                
000022ef  xQueueGiveMutexRecursive         
0000232b  xQueueTakeMutexRecursive         
00002375  xQueueCreateCountingSemaphore    
00002395  xQueueGenericSend                
0000248d  xQueueGenericSendFromISR         
0000250b  xQueueGiveFromISR                
0000257d  xQueueGenericReceive             
000026b5  xQueueReceiveFromISR             
0000272d  xQueuePeekFromISR                
00002771  uxQueueMessagesWaiting           
00002787  uxQueueSpacesAvailable           
000027a7  uxQueueMessagesWaitingFromISR    
000027b9  vQueueDelete                     
00002969  xQueueIsQueueEmptyFromISR        
000029ab  xQueueIsQueueFullFromISR         
000029cd  vQueueAddToRegistry              
00002a0f  vQueueUnregisterQueue            
00002a49  vQueueWaitForMessageRestricted   
00002aa5  xTimerCreateTimerTask            
00002adf  xTimerCreate                     
00002b33  xTimerGenericCommand             
00002ba1  pcTimerGetTimerName              
00002f51  xTimerIsTimerActive              
00002f7d  pvTimerGetTimerID                
00002f97  vTimerSetTimerID                 
000030d5  RIT128x96x4Clear                 
00003131  RIT128x96x4StringDraw            
00003271  RIT128x96x4ImageDraw             
000032f9  RIT128x96x4Enable                
00003353  RIT128x96x4Disable               
000033cd  RIT128x96x4Init                  
00003471  RIT128x96x4DisplayOn             
000034a5  RIT128x96x4DisplayOff            
000034dd  UARTStdioInit                    
000034ed  UARTStdioInitExpClk              
00003535  UARTwrite                        
0000357b  UARTgets                         
00003633  UARTgetc                         
00003659  UARTprintf                       
00003965  __aeabi_uldivmod                 
00003b59  pvPortMalloc                     
00003c85  vPortFree                        
00003ce7  xPortGetFreeHeapSize             
00003ced  vPortInitialiseBlocks            
00003d11  __aeabi_dsub                     
00003d1b  __aeabi_dadd                     
00003ec7  __aeabi_idiv0                    
00003ec9  SysCtlClockGet                   
00004061  SysCtlClockSet                   
000041a5  __aeabi_ddiv                     
000042db  vListInitialise                  
0000430b  vListInitialiseItem              
0000431b  vListInsertEnd                   
00004357  vListInsert                      
000043bd  uxListRemove                     
00004405  __aeabi_dmul                     
00004501  pxPortInitialiseStack            
00004549  xPortStartScheduler              
00004571  vPortEndScheduler                
00004573  vPortYieldFromISR                
0000457d  vPortEnterCritical               
0000458d  vPortExitCritical                
000045a5  xPortSysTickHandler              
000045c9  vPortSetupTimerInterrupt         
000045f1  ldexp                            
000045f1  ldexpl                           
000045f1  scalbn                           
000045f1  scalbnl                          
000046c1  Initialize_OLED                  
000046e3  main                             
0000478d  GPIOPadConfigSet                 
00004855  __aeabi_memcpy                   
00004855  __aeabi_memcpy4                  
00004855  __aeabi_memcpy8                  
00004855  memcpy                           
000048f1  __aeabi_cdcmpeq                  
000048f1  __aeabi_cdcmple                  
00004977  __aeabi_cdrcmple                 
000049fd  xPortPendSVHandler               
00004a39  ulPortSetInterruptMask           
00004a47  vPortClearInterruptMask          
00004a4d  vPortSVCHandler                  
00004a6b  vPortStartFirstTask              
00004a7d  __aeabi_memclr                   
00004a7d  __aeabi_memclr4                  
00004a7d  __aeabi_memclr8                  
00004a7f  __aeabi_memset                   
00004a7f  __aeabi_memset4                  
00004a7f  __aeabi_memset8                  
00004a85  memset                           
00004af7  __mpu_init                       
00004af9  SysCtlPeripheralPresent          
00004b71  __TI_auto_init                   
00004c4b  _system_post_cinit               
00004c4d  sprintf                          
00004cad  frexp                            
00004cad  frexpl                           
00004d09  SysCtlPeripheralEnable           
00004d61  ltoa                             
00004db9  Task_Blinky                      
00004e0d  C$$EXIT                          
00004e11  abort                            
00004e19  exit                             
00004e61  atoi                             
00004ead  copy_in                          
00004ef9  __aeabi_d2iz                     
00004f41  SSIConfigSetExpClk               
00004f85  Task_ReportSysTick               
00004fc7  UARTConfigSetExpClk              
00005009  _c_int00                         
00005049  __aeabi_uidiv                    
00005049  __aeabi_uidivmod                 
00005089  UARTStdio_Initialization         
000050c5  GPIODirModeSet                   
000050f3  __aeabi_i2d                      
00005121  UARTDisable                      
0000513d  memccpy                          
00005159  _args_main                       
00005171  strchr                           
00005187  UARTEnable                       
0000519d  _register_unlock                 
000051a3  _register_lock                   
000051ab  _nop                             
000051b1  strlen                           
000051c5  GPIOPinTypeGPIOOutput            
000051d7  GPIOPinTypeSSI                   
000051e9  GPIOPinTypeUART                  
000051fb  SSIDataGetNonBlocking            
0000520d  __TI_decompress_none             
0000521b  ResetISR                         
00005227  SSIDataPut                       
00005231  SSIDisable                       
0000523b  SSIEnable                        
00005245  UARTCharGet                      
0000524f  UARTCharPut                      
00005259  SSIBusy                          
00005261  copysign                         
00005261  copysignl                        
00005269  GPIOPinRead                      
0000526f  GPIOPinWrite                     
00005275  SysCtlDelay                      
0000527b  __TI_decompress_rle24            
00005281  _system_pre_init                 
00005464  _ctypes_                         
000056cc  __TI_Handler_Table_Base          
000056d4  __TI_CINIT_Base                  
000056d4  __TI_Handler_Table_Limit         
000056e4  __TI_CINIT_Limit                 
2000c4b4  xQueueRegistry                   
2000c584  g_ulSystemClock                  
2000c588  __stack                          
2000c788  __STACK_TOP                      
2000cd88  __STACK_END                      
2000cd88  pxCurrentTCB                     
2000cdb4  __TI_cleanup_ptr                 
2000cdb8  __TI_dtors_ptr                   
2000cdbc  __TI_enable_exit_profile_output  
2000cdc0  _lock                            
2000cdc4  _unlock                          
2000cdd4  xPortSysTickCount                
2000cde5  OLED_Initialized                 
2000cde8  UARTStdioInitFlag                
2000cdec  errno                            
2000cdf0  main_func_sp                     
ffffffff  __TI_pprof_out_hndl              
ffffffff  __TI_prof_data_size              
ffffffff  __TI_prof_data_start             
ffffffff  __binit__                        
ffffffff  __c_args__                       
ffffffff  binit                            
UNDEFED   SHT$$INIT_ARRAY$$Base            
UNDEFED   SHT$$INIT_ARRAY$$Limit           

[211 symbols]
