******************************************************************************
                  TI ARM Linker PC v15.12.1                    
******************************************************************************
>> Linked Wed Apr 26 16:08:48 2017

OUTPUT FILE NAME:   <Project 9.out>
ENTRY POINT SYMBOL: "_c_int00"  address: 00005161


MEMORY CONFIGURATION

         name            origin    length      used     unused   attr    fill
----------------------  --------  ---------  --------  --------  ----  --------
  FLASH                 00000000   00040000  0000586e  0003a792  R  X
  SRAM                  20000000   00010000  0000cdf4  0000320c  RW X


SEGMENT ALLOCATION MAP

run origin  load origin   length   init length attrs members
----------  ----------- ---------- ----------- ----- -------
00000000    00000000    00005874   00005874    r-x
  00000000    00000000    00000200   00000200    r-- .intvecs
  00000200    00000200    00005210   00005210    r-x .text
  00005410    00005410    0000041a   0000041a    r-- .const
  00005830    00005830    00000044   00000044    r-- .cinit
20000000    20000000    0000cdf4   00000000    rw-
  20000000    20000000    0000c588   00000000    rw- .bss
  2000c588    2000c588    00000800   00000000    rw- .stack
  2000cd88    2000cd88    0000006c   00000000    rw- .data


SECTION ALLOCATION MAP

 output                                  attributes/
section   page    origin      length       input sections
--------  ----  ----------  ----------   ----------------
.intvecs   0    00000000    00000200     
                  00000000    00000200     FreeRTOS_LM3S_Startup.obj (.intvecs)

.text      0    00000200    00005210     
                  00000200    000010f0     rtsv7M3_T_le_eabi.lib : _printfi.obj (.text)
                  000012f0    00000ea0     tasks.obj (.text)
                  00002190    00000914     queue.obj (.text)
                  00002aa4    00000528     timers.obj (.text)
                  00002fcc    00000510     rit128x96x4.obj (.text)
                  000034dc    00000488     uartstdio.obj (.text)
                  00003964    000001f4     rtsv7M3_T_le_eabi.lib : ull_div_t2.obj (.text)
                  00003b58    000001b8     heap_2.obj (.text)
                  00003d10    000001b6     rtsv7M3_T_le_eabi.lib : fd_add_t2.obj (.text)
                  00003ec6    00000002                           : i_div0.obj (.text)
                  00003ec8    00000198     driverlib-cm3.lib : sysctl.obj (.text:SysCtlClockGet)
                  00004060    00000144                       : sysctl.obj (.text:SysCtlClockSet)
                  000041a4    00000136     rtsv7M3_T_le_eabi.lib : fd_div_t2.obj (.text)
                  000042da    0000012a     list.obj (.text)
                  00004404    00000128     Task_TestAssembly.obj (.text)
                  0000452c    000000fc     Main_Blinky.obj (.text)
                  00004628    000000fc     rtsv7M3_T_le_eabi.lib : fd_mul_t2.obj (.text)
                  00004724    000000f0     port.obj (.text)
                  00004814    000000d0     rtsv7M3_T_le_eabi.lib : s_scalbn.obj (.text)
                  000048e4    000000c8     driverlib-cm3.lib : gpio.obj (.text:GPIOPadConfigSet)
                  000049ac    0000009c     rtsv7M3_T_le_eabi.lib : memcpy_t2.obj (.text)
                  00004a48    00000086                           : fd_cmp_t2.obj (.text:__aeabi_cdcmple)
                  00004ace    00000086                           : fd_cmp_t2.obj (.text:__aeabi_cdrcmple)
                  00004b54    00000080     portasm.obj (.text)
                  00004bd4    0000007a     rtsv7M3_T_le_eabi.lib : memset_t2.obj (.text)
                  00004c4e    00000002                           : mpu_init.obj (.text)
                  00004c50    00000078     driverlib-cm3.lib : sysctl.obj (.text:SysCtlPeripheralPresent)
                  00004cc8    00000070     rtsv7M3_T_le_eabi.lib : autoinit.obj (.text)
                  00004d38    0000006a                           : copy_decompress_rle.obj (.text)
                  00004da2    00000002                           : startup.obj (.text)
                  00004da4    00000060                           : sprintf.obj (.text)
                  00004e04    0000005c                           : s_frexp.obj (.text)
                  00004e60    00000058     driverlib-cm3.lib : sysctl.obj (.text:SysCtlPeripheralEnable)
                  00004eb8    00000056     rtsv7M3_T_le_eabi.lib : ltoa.obj (.text)
                  00004f0e    00000002     --HOLE-- [fill = 0]
                  00004f10    00000054     Task_Blinky.obj (.text)
                  00004f64    00000054     rtsv7M3_T_le_eabi.lib : exit.obj (.text)
                  00004fb8    0000004c                           : atoi.obj (.text)
                  00005004    0000004c                           : cpy_tbl.obj (.text)
                  00005050    00000048                           : fd_toi_t2.obj (.text)
                  00005098    00000044     driverlib-cm3.lib : ssi.obj (.text:SSIConfigSetExpClk)
                  000050dc    00000042     Task_ReportSysTick.obj (.text)
                  0000511e    00000042     driverlib-cm3.lib : uart.obj (.text:UARTConfigSetExpClk)
                  00005160    00000040     rtsv7M3_T_le_eabi.lib : boot.obj (.text)
                  000051a0    00000040                           : u_divt2.obj (.text)
                  000051e0    0000003c     UARTStdio_Initialization_LM3S1968.obj (.text)
                  0000521c    00000032     AsmCompute.obj (.text)
                  0000524e    0000002e     driverlib-cm3.lib : gpio.obj (.text:GPIODirModeSet)
                  0000527c    0000002e     rtsv7M3_T_le_eabi.lib : i_tofd_t2.obj (.text)
                  000052aa    00000002     --HOLE-- [fill = 0]
                  000052ac    0000001c     driverlib-cm3.lib : uart.obj (.text:UARTDisable)
                  000052c8    0000001a     rtsv7M3_T_le_eabi.lib : memccpy.obj (.text)
                  000052e2    00000002     --HOLE-- [fill = 0]
                  000052e4    00000018                           : args_main.obj (.text)
                  000052fc    00000016                           : strchr.obj (.text)
                  00005312    00000014     driverlib-cm3.lib : uart.obj (.text:UARTEnable)
                  00005326    00000002     --HOLE-- [fill = 0]
                  00005328    00000014     rtsv7M3_T_le_eabi.lib : _lock.obj (.text)
                  0000533c    00000014                           : strlen.obj (.text)
                  00005350    00000012     driverlib-cm3.lib : gpio.obj (.text:GPIOPinTypeGPIOOutput)
                  00005362    00000012                       : gpio.obj (.text:GPIOPinTypeSSI)
                  00005374    00000012                       : gpio.obj (.text:GPIOPinTypeUART)
                  00005386    00000012                       : ssi.obj (.text:SSIDataGetNonBlocking)
                  00005398    0000000e     rtsv7M3_T_le_eabi.lib : copy_decompress_none.obj (.text:decompress:none)
                  000053a6    0000000c     FreeRTOS_LM3S_Startup.obj (.text)
                  000053b2    0000000a     driverlib-cm3.lib : ssi.obj (.text:SSIDataPut)
                  000053bc    0000000a                       : ssi.obj (.text:SSIDisable)
                  000053c6    0000000a                       : ssi.obj (.text:SSIEnable)
                  000053d0    0000000a                       : uart.obj (.text:UARTCharGet)
                  000053da    0000000a                       : uart.obj (.text:UARTCharPut)
                  000053e4    00000008                       : ssi.obj (.text:SSIBusy)
                  000053ec    00000008     rtsv7M3_T_le_eabi.lib : s_copysign.obj (.text)
                  000053f4    00000006     driverlib-cm3.lib : gpio.obj (.text:GPIOPinRead)
                  000053fa    00000006                       : gpio.obj (.text:GPIOPinWrite)
                  00005400    00000006                       : sysctl.obj (.text:SysCtlDelay)
                  00005406    00000006     rtsv7M3_T_le_eabi.lib : copy_decompress_rle.obj (.text:decompress:rle24)
                  0000540c    00000004                           : pre_init.obj (.text)

.const     0    00005410    0000041a     
                  00005410    000001e0     rit128x96x4.obj (.const:g_pucFont)
                  000055f0    00000101     rtsv7M3_T_le_eabi.lib : ctype.obj (.const:.string:_ctypes_)
                  000056f1    00000003     rit128x96x4.obj (.const:.string:pucCommand1$1)
                  000056f4    0000006c     driverlib-cm3.lib : sysctl.obj (.const:g_pulXtals)
                  00005760    0000004f     rit128x96x4.obj (.const:.string:g_pucRIT128x96x4Init)
                  000057af    00000001     --HOLE-- [fill = 0]
                  000057b0    00000040     driverlib-cm3.lib : sysctl.obj (.const)
                  000057f0    00000012     uartstdio.obj (.const:.string)
                  00005802    00000002     rit128x96x4.obj (.const:.string:g_pucRIT128x96x4HorizontalInc)
                  00005804    0000000c     uartstdio.obj (.const:g_ulUARTBase)
                  00005810    0000000c     uartstdio.obj (.const:g_ulUARTPeriph)
                  0000581c    00000004     uartstdio.obj (.const)
                  00005820    00000003     rit128x96x4.obj (.const:.string:pucCommand2$2)
                  00005823    00000002     rit128x96x4.obj (.const:.string:g_pucRIT128x96x4VerticalInc)
                  00005825    00000002     rit128x96x4.obj (.const:.string:pucCommand1$3)
                  00005827    00000001     --HOLE-- [fill = 0]
                  00005828    00000002     heap_2.obj (.const)

.cinit     0    00005830    00000044     
                  00005830    00000020     (.cinit..data.load) [load image, compression = rle]
                  00005850    0000000b     (.cinit..bss.load) [load image, compression = rle]
                  0000585b    00000001     --HOLE-- [fill = 0]
                  0000585c    00000008     (__TI_handler_table)
                  00005864    00000010     (__TI_cinit_table)

.init_array 
*          0    00000000    00000000     UNINITIALIZED

.bss       0    20000000    0000c588     UNINITIALIZED
                  20000000    0000c350     heap_2.obj (.bss:xHeap)
                  2000c350    00000100     FreeRTOS_LM3S_Startup.obj (.bss:pulStack)
                  2000c450    00000064     tasks.obj (.bss:pxReadyTasksLists)
                  2000c4b4    00000040     (.common:xQueueRegistry)
                  2000c4f4    00000014     timers.obj (.bss:xActiveTimerList1)
                  2000c508    00000014     timers.obj (.bss:xActiveTimerList2)
                  2000c51c    00000014     tasks.obj (.bss:xDelayedTaskList1)
                  2000c530    00000014     tasks.obj (.bss:xDelayedTaskList2)
                  2000c544    00000014     tasks.obj (.bss:xPendingReadyList)
                  2000c558    00000008     rit128x96x4.obj (.bss:g_pucBuffer)
                  2000c560    00000008     tasks.obj (.bss)
                  2000c568    00000008     timers.obj (.bss)
                  2000c570    00000008     heap_2.obj (.bss:xEnd)
                  2000c578    00000008     heap_2.obj (.bss:xStart)
                  2000c580    00000004     rit128x96x4.obj (.bss)
                  2000c584    00000004     (.common:g_ulSystemClock)

.stack     0    2000c588    00000800     UNINITIALIZED
                  2000c588    00000800     --HOLE--

.data      0    2000cd88    0000006c     UNINITIALIZED
                  2000cd88    0000002c     tasks.obj (.data)
                  2000cdb4    0000000c     rtsv7M3_T_le_eabi.lib : exit.obj (.data:$O1$$)
                  2000cdc0    00000008                           : _lock.obj (.data:$O1$$)
                  2000cdc8    00000008     heap_2.obj (.data)
                  2000cdd0    00000008     port.obj (.data)
                  2000cdd8    00000008     timers.obj (.data)
                  2000cde0    00000005     uartstdio.obj (.data)
                  2000cde5    00000001     Main_Blinky.obj (.data)
                  2000cde6    00000002     --HOLE--
                  2000cde8    00000004     UARTStdio_Initialization_LM3S1968.obj (.data)
                  2000cdec    00000004     rtsv7M3_T_le_eabi.lib : errno.obj (.data)
                  2000cdf0    00000004                           : stkdepth_vars.obj (.data)

MODULE SUMMARY

       Module                                  code    ro data   rw data
       ------                                  ----    -------   -------
    .\
       heap_2.obj                              440     2         50024  
       FreeRTOS_LM3S_Startup.obj               12      512       256    
       Main_Blinky.obj                         252     0         5      
    +--+---------------------------------------+-------+---------+---------+
       Total:                                  704     514       50285  
                                                                        
    .\Drivers\
       rit128x96x4.obj                         1296    571       12     
       uartstdio.obj                           1160    46        5      
       UARTStdio_Initialization_LM3S1968.obj   60      0         4      
    +--+---------------------------------------+-------+---------+---------+
       Total:                                  2516    617       21     
                                                                        
    .\Source\
       tasks.obj                               3744    0         212    
       queue.obj                               2324    0         64     
       timers.obj                              1320    0         56     
       list.obj                                298     0         0      
    +--+---------------------------------------+-------+---------+---------+
       Total:                                  7686    0         332    
                                                                        
    .\Source\portable\CCS\ARM_CM3\
       port.obj                                240     0         8      
       portasm.obj                             128     0         0      
    +--+---------------------------------------+-------+---------+---------+
       Total:                                  368     0         8      
                                                                        
    .\Tasks\
       Task_TestAssembly.obj                   296     0         0      
       Task_Blinky.obj                         84      0         0      
       Task_ReportSysTick.obj                  66      0         0      
       AsmCompute.obj                          50      0         0      
    +--+---------------------------------------+-------+---------+---------+
       Total:                                  496     0         0      
                                                                        
    C:/TI_CodeComposer/StellarisWare-LM3S1968/driverlib/ccs-cm3/Debug/driverlib-cm3.lib
       sysctl.obj                              946     172       0      
       gpio.obj                                312     0         0      
       uart.obj                                134     0         0      
       ssi.obj                                 124     0         0      
    +--+---------------------------------------+-------+---------+---------+
       Total:                                  1516    172       0      
                                                                        
    C:\TI_CodeComposer\ccsv6\tools\compiler\ti-cgt-arm_15.12.1.LTS\lib\rtsv7M3_T_le_eabi.lib
       _printfi.obj                            4336    0         0      
       ull_div_t2.obj                          500     0         0      
       fd_add_t2.obj                           438     0         0      
       fd_div_t2.obj                           310     0         0      
       fd_cmp_t2.obj                           268     0         0      
       ctype.obj                               0       257       0      
       fd_mul_t2.obj                           252     0         0      
       s_scalbn.obj                            208     0         0      
       memcpy_t2.obj                           156     0         0      
       memset_t2.obj                           122     0         0      
       autoinit.obj                            112     0         0      
       copy_decompress_rle.obj                 112     0         0      
       exit.obj                                84      0         12     
       sprintf.obj                             96      0         0      
       s_frexp.obj                             92      0         0      
       ltoa.obj                                86      0         0      
       atoi.obj                                76      0         0      
       cpy_tbl.obj                             76      0         0      
       fd_toi_t2.obj                           72      0         0      
       boot.obj                                64      0         0      
       u_divt2.obj                             64      0         0      
       i_tofd_t2.obj                           46      0         0      
       _lock.obj                               20      0         8      
       memccpy.obj                             26      0         0      
       args_main.obj                           24      0         0      
       strchr.obj                              22      0         0      
       strlen.obj                              20      0         0      
       copy_decompress_none.obj                14      0         0      
       s_copysign.obj                          8       0         0      
       errno.obj                               0       0         4      
       pre_init.obj                            4       0         0      
       stkdepth_vars.obj                       0       0         4      
       i_div0.obj                              2       0         0      
       mpu_init.obj                            2       0         0      
       startup.obj                             2       0         0      
    +--+---------------------------------------+-------+---------+---------+
       Total:                                  7714    257       28     
                                                                        
       Stack:                                  0       0         2048   
       Linker Generated:                       0       67        0      
    +--+---------------------------------------+-------+---------+---------+
       Grand Total:                            21000   1627      52722  


LINKER GENERATED COPY TABLES

__TI_cinit_table @ 00005864 records: 2, size/record: 8, table size: 16
	.data: load addr=00005830, load size=00000020 bytes, run addr=2000cd88, run size=0000006c bytes, compression=rle
	.bss: load addr=00005850, load size=0000000b bytes, run addr=20000000, run size=0000c588 bytes, compression=rle


LINKER GENERATED HANDLER TABLE

__TI_handler_table @ 0000585c records: 2, size/record: 4, table size: 8
	index: 0, handler: __TI_decompress_rle24
	index: 1, handler: __TI_decompress_none


GLOBAL SYMBOLS: SORTED ALPHABETICALLY BY Name 

address   name                             
-------   ----                             
0000521d  AsmCompute                       
00004f65  C$$EXIT                          
0000524f  GPIODirModeSet                   
000048e5  GPIOPadConfigSet                 
000053f5  GPIOPinRead                      
00005351  GPIOPinTypeGPIOOutput            
00005363  GPIOPinTypeSSI                   
00005375  GPIOPinTypeUART                  
000053fb  GPIOPinWrite                     
0000452d  Initialize_OLED                  
2000cde5  OLED_Initialized                 
000030d5  RIT128x96x4Clear                 
00003353  RIT128x96x4Disable               
000034a5  RIT128x96x4DisplayOff            
00003471  RIT128x96x4DisplayOn             
000032f9  RIT128x96x4Enable                
00003271  RIT128x96x4ImageDraw             
000033cd  RIT128x96x4Init                  
00003131  RIT128x96x4StringDraw            
000053a7  ResetISR                         
UNDEFED   SHT$$INIT_ARRAY$$Base            
UNDEFED   SHT$$INIT_ARRAY$$Limit           
000053e5  SSIBusy                          
00005099  SSIConfigSetExpClk               
00005387  SSIDataGetNonBlocking            
000053b3  SSIDataPut                       
000053bd  SSIDisable                       
000053c7  SSIEnable                        
00003ec9  SysCtlClockGet                   
00004061  SysCtlClockSet                   
00005401  SysCtlDelay                      
00004e61  SysCtlPeripheralEnable           
00004c51  SysCtlPeripheralPresent          
00004405  Task_AsmCompute                  
00004f11  Task_Blinky                      
000050dd  Task_ReportSysTick               
000053d1  UARTCharGet                      
000053db  UARTCharPut                      
0000511f  UARTConfigSetExpClk              
000052ad  UARTDisable                      
00005313  UARTEnable                       
000034dd  UARTStdioInit                    
000034ed  UARTStdioInitExpClk              
2000cde8  UARTStdioInitFlag                
000051e1  UARTStdio_Initialization         
00003633  UARTgetc                         
0000357b  UARTgets                         
00003659  UARTprintf                       
00003535  UARTwrite                        
2000cd88  __STACK_END                      
00000800  __STACK_SIZE                     
2000c788  __STACK_TOP                      
00005864  __TI_CINIT_Base                  
00005874  __TI_CINIT_Limit                 
0000585c  __TI_Handler_Table_Base          
00005864  __TI_Handler_Table_Limit         
00004cc9  __TI_auto_init                   
2000cdb4  __TI_cleanup_ptr                 
00005399  __TI_decompress_none             
00005407  __TI_decompress_rle24            
2000cdb8  __TI_dtors_ptr                   
2000cdbc  __TI_enable_exit_profile_output  
ffffffff  __TI_pprof_out_hndl              
00000feb  __TI_printfi                     
ffffffff  __TI_prof_data_size              
ffffffff  __TI_prof_data_start             
00000000  __TI_static_base__               
00004a49  __aeabi_cdcmpeq                  
00004a49  __aeabi_cdcmple                  
00004acf  __aeabi_cdrcmple                 
00005051  __aeabi_d2iz                     
00003d1b  __aeabi_dadd                     
000041a5  __aeabi_ddiv                     
00004629  __aeabi_dmul                     
00003d11  __aeabi_dsub                     
0000527d  __aeabi_i2d                      
00003ec7  __aeabi_idiv0                    
00004bd5  __aeabi_memclr                   
00004bd5  __aeabi_memclr4                  
00004bd5  __aeabi_memclr8                  
000049ad  __aeabi_memcpy                   
000049ad  __aeabi_memcpy4                  
000049ad  __aeabi_memcpy8                  
00004bd7  __aeabi_memset                   
00004bd7  __aeabi_memset4                  
00004bd7  __aeabi_memset8                  
000051a1  __aeabi_uidiv                    
000051a1  __aeabi_uidivmod                 
00003965  __aeabi_uldivmod                 
ffffffff  __binit__                        
ffffffff  __c_args__                       
00004c4f  __mpu_init                       
2000c588  __stack                          
000052e5  _args_main                       
00005161  _c_int00                         
000055f0  _ctypes_                         
2000cdc0  _lock                            
00005337  _nop                             
0000532f  _register_lock                   
00005329  _register_unlock                 
00004da3  _system_post_cinit               
0000540d  _system_pre_init                 
2000cdc4  _unlock                          
00004f69  abort                            
00004fb9  atoi                             
ffffffff  binit                            
00005005  copy_in                          
000053ed  copysign                         
000053ed  copysignl                        
2000cdec  errno                            
00004f71  exit                             
00004e05  frexp                            
00004e05  frexpl                           
00000000  g_pfnVectors                     
2000c584  g_ulSystemClock                  
00004815  ldexp                            
00004815  ldexpl                           
00004eb9  ltoa                             
0000454f  main                             
2000cdf0  main_func_sp                     
000052c9  memccpy                          
000049ad  memcpy                           
00004bdd  memset                           
00002ba1  pcTimerGetTimerName              
00003b59  pvPortMalloc                     
00001d51  pvTaskIncrementMutexHeldCount    
00002f7d  pvTimerGetTimerID                
2000cd88  pxCurrentTCB                     
00004725  pxPortInitialiseStack            
00004815  scalbn                           
00004815  scalbnl                          
00004da5  sprintf                          
000052fd  strchr                           
0000533d  strlen                           
00004b91  ulPortSetInterruptMask           
00001d81  ulTaskNotifyTake                 
000043bd  uxListRemove                     
00002771  uxQueueMessagesWaiting           
000027a7  uxQueueMessagesWaitingFromISR    
00002787  uxQueueSpacesAvailable           
00001635  uxTaskGetNumberOfTasks           
00001d2b  uxTaskResetEventItemValue        
000042db  vListInitialise                  
0000430b  vListInitialiseItem              
00004357  vListInsert                      
0000431b  vListInsertEnd                   
00004b9f  vPortClearInterruptMask          
00004795  vPortEndScheduler                
000047a1  vPortEnterCritical               
000047b1  vPortExitCritical                
00003c85  vPortFree                        
00003ced  vPortInitialiseBlocks            
00004ba5  vPortSVCHandler                  
000047ed  vPortSetupTimerInterrupt         
00004bc3  vPortStartFirstTask              
00004797  vPortYieldFromISR                
000029cd  vQueueAddToRegistry              
000027b9  vQueueDelete                     
00002a0f  vQueueUnregisterQueue            
00002a49  vQueueWaitForMessageRestricted   
00001481  vTaskDelay                       
000013f5  vTaskDelayUntil                  
0000151b  vTaskEndScheduler                
000019ff  vTaskMissedYield                 
000020a1  vTaskNotifyGiveFromISR           
000017a9  vTaskPlaceOnEventList            
00001831  vTaskPlaceOnEventListRestricted  
000017e1  vTaskPlaceOnUnorderedEventList   
00001c0d  vTaskPriorityInherit             
00001973  vTaskSetTimeOutState             
000014c1  vTaskStartScheduler              
0000152d  vTaskSuspendAll                  
00001729  vTaskSwitchContext               
00002f97  vTimerSetTimerID                 
00003ce7  xPortGetFreeHeapSize             
00004b55  xPortPendSVHandler               
0000476d  xPortStartScheduler              
2000cdd4  xPortSysTickCount                
000047c9  xPortSysTickHandler              
00002375  xQueueCreateCountingSemaphore    
00002283  xQueueCreateMutex                
0000221d  xQueueGenericCreate              
0000257d  xQueueGenericReceive             
00002191  xQueueGenericReset               
00002395  xQueueGenericSend                
0000248d  xQueueGenericSendFromISR         
0000250b  xQueueGiveFromISR                
000022ef  xQueueGiveMutexRecursive         
00002969  xQueueIsQueueEmptyFromISR        
000029ab  xQueueIsQueueFullFromISR         
0000272d  xQueuePeekFromISR                
000026b5  xQueueReceiveFromISR             
2000c4b4  xQueueRegistry                   
0000232b  xQueueTakeMutexRecursive         
00001995  xTaskCheckForTimeOut             
000012f1  xTaskGenericCreate               
00001ec9  xTaskGenericNotify               
00001fa9  xTaskGenericNotifyFromISR        
00001bd1  xTaskGetCurrentTaskHandle        
00001be1  xTaskGetSchedulerState           
00001609  xTaskGetTickCount                
00001621  xTaskGetTickCountFromISR         
00001641  xTaskIncrementTick               
0000213d  xTaskNotifyStateClear            
00001e19  xTaskNotifyWait                  
00001cab  xTaskPriorityDisinherit          
00001875  xTaskRemoveFromEventList         
000018fd  xTaskRemoveFromUnorderedEventList
00001537  xTaskResumeAll                   
00002adf  xTimerCreate                     
00002aa5  xTimerCreateTimerTask            
00002b33  xTimerGenericCommand             
00002f51  xTimerIsTimerActive              


GLOBAL SYMBOLS: SORTED BY Symbol Address 

address   name                             
-------   ----                             
00000000  __TI_static_base__               
00000000  g_pfnVectors                     
00000800  __STACK_SIZE                     
00000feb  __TI_printfi                     
000012f1  xTaskGenericCreate               
000013f5  vTaskDelayUntil                  
00001481  vTaskDelay                       
000014c1  vTaskStartScheduler              
0000151b  vTaskEndScheduler                
0000152d  vTaskSuspendAll                  
00001537  xTaskResumeAll                   
00001609  xTaskGetTickCount                
00001621  xTaskGetTickCountFromISR         
00001635  uxTaskGetNumberOfTasks           
00001641  xTaskIncrementTick               
00001729  vTaskSwitchContext               
000017a9  vTaskPlaceOnEventList            
000017e1  vTaskPlaceOnUnorderedEventList   
00001831  vTaskPlaceOnEventListRestricted  
00001875  xTaskRemoveFromEventList         
000018fd  xTaskRemoveFromUnorderedEventList
00001973  vTaskSetTimeOutState             
00001995  xTaskCheckForTimeOut             
000019ff  vTaskMissedYield                 
00001bd1  xTaskGetCurrentTaskHandle        
00001be1  xTaskGetSchedulerState           
00001c0d  vTaskPriorityInherit             
00001cab  xTaskPriorityDisinherit          
00001d2b  uxTaskResetEventItemValue        
00001d51  pvTaskIncrementMutexHeldCount    
00001d81  ulTaskNotifyTake                 
00001e19  xTaskNotifyWait                  
00001ec9  xTaskGenericNotify               
00001fa9  xTaskGenericNotifyFromISR        
000020a1  vTaskNotifyGiveFromISR           
0000213d  xTaskNotifyStateClear            
00002191  xQueueGenericReset               
0000221d  xQueueGenericCreate              
00002283  xQueueCreateMutex                
000022ef  xQueueGiveMutexRecursive         
0000232b  xQueueTakeMutexRecursive         
00002375  xQueueCreateCountingSemaphore    
00002395  xQueueGenericSend                
0000248d  xQueueGenericSendFromISR         
0000250b  xQueueGiveFromISR                
0000257d  xQueueGenericReceive             
000026b5  xQueueReceiveFromISR             
0000272d  xQueuePeekFromISR                
00002771  uxQueueMessagesWaiting           
00002787  uxQueueSpacesAvailable           
000027a7  uxQueueMessagesWaitingFromISR    
000027b9  vQueueDelete                     
00002969  xQueueIsQueueEmptyFromISR        
000029ab  xQueueIsQueueFullFromISR         
000029cd  vQueueAddToRegistry              
00002a0f  vQueueUnregisterQueue            
00002a49  vQueueWaitForMessageRestricted   
00002aa5  xTimerCreateTimerTask            
00002adf  xTimerCreate                     
00002b33  xTimerGenericCommand             
00002ba1  pcTimerGetTimerName              
00002f51  xTimerIsTimerActive              
00002f7d  pvTimerGetTimerID                
00002f97  vTimerSetTimerID                 
000030d5  RIT128x96x4Clear                 
00003131  RIT128x96x4StringDraw            
00003271  RIT128x96x4ImageDraw             
000032f9  RIT128x96x4Enable                
00003353  RIT128x96x4Disable               
000033cd  RIT128x96x4Init                  
00003471  RIT128x96x4DisplayOn             
000034a5  RIT128x96x4DisplayOff            
000034dd  UARTStdioInit                    
000034ed  UARTStdioInitExpClk              
00003535  UARTwrite                        
0000357b  UARTgets                         
00003633  UARTgetc                         
00003659  UARTprintf                       
00003965  __aeabi_uldivmod                 
00003b59  pvPortMalloc                     
00003c85  vPortFree                        
00003ce7  xPortGetFreeHeapSize             
00003ced  vPortInitialiseBlocks            
00003d11  __aeabi_dsub                     
00003d1b  __aeabi_dadd                     
00003ec7  __aeabi_idiv0                    
00003ec9  SysCtlClockGet                   
00004061  SysCtlClockSet                   
000041a5  __aeabi_ddiv                     
000042db  vListInitialise                  
0000430b  vListInitialiseItem              
0000431b  vListInsertEnd                   
00004357  vListInsert                      
000043bd  uxListRemove                     
00004405  Task_AsmCompute                  
0000452d  Initialize_OLED                  
0000454f  main                             
00004629  __aeabi_dmul                     
00004725  pxPortInitialiseStack            
0000476d  xPortStartScheduler              
00004795  vPortEndScheduler                
00004797  vPortYieldFromISR                
000047a1  vPortEnterCritical               
000047b1  vPortExitCritical                
000047c9  xPortSysTickHandler              
000047ed  vPortSetupTimerInterrupt         
00004815  ldexp                            
00004815  ldexpl                           
00004815  scalbn                           
00004815  scalbnl                          
000048e5  GPIOPadConfigSet                 
000049ad  __aeabi_memcpy                   
000049ad  __aeabi_memcpy4                  
000049ad  __aeabi_memcpy8                  
000049ad  memcpy                           
00004a49  __aeabi_cdcmpeq                  
00004a49  __aeabi_cdcmple                  
00004acf  __aeabi_cdrcmple                 
00004b55  xPortPendSVHandler               
00004b91  ulPortSetInterruptMask           
00004b9f  vPortClearInterruptMask          
00004ba5  vPortSVCHandler                  
00004bc3  vPortStartFirstTask              
00004bd5  __aeabi_memclr                   
00004bd5  __aeabi_memclr4                  
00004bd5  __aeabi_memclr8                  
00004bd7  __aeabi_memset                   
00004bd7  __aeabi_memset4                  
00004bd7  __aeabi_memset8                  
00004bdd  memset                           
00004c4f  __mpu_init                       
00004c51  SysCtlPeripheralPresent          
00004cc9  __TI_auto_init                   
00004da3  _system_post_cinit               
00004da5  sprintf                          
00004e05  frexp                            
00004e05  frexpl                           
00004e61  SysCtlPeripheralEnable           
00004eb9  ltoa                             
00004f11  Task_Blinky                      
00004f65  C$$EXIT                          
00004f69  abort                            
00004f71  exit                             
00004fb9  atoi                             
00005005  copy_in                          
00005051  __aeabi_d2iz                     
00005099  SSIConfigSetExpClk               
000050dd  Task_ReportSysTick               
0000511f  UARTConfigSetExpClk              
00005161  _c_int00                         
000051a1  __aeabi_uidiv                    
000051a1  __aeabi_uidivmod                 
000051e1  UARTStdio_Initialization         
0000521d  AsmCompute                       
0000524f  GPIODirModeSet                   
0000527d  __aeabi_i2d                      
000052ad  UARTDisable                      
000052c9  memccpy                          
000052e5  _args_main                       
000052fd  strchr                           
00005313  UARTEnable                       
00005329  _register_unlock                 
0000532f  _register_lock                   
00005337  _nop                             
0000533d  strlen                           
00005351  GPIOPinTypeGPIOOutput            
00005363  GPIOPinTypeSSI                   
00005375  GPIOPinTypeUART                  
00005387  SSIDataGetNonBlocking            
00005399  __TI_decompress_none             
000053a7  ResetISR                         
000053b3  SSIDataPut                       
000053bd  SSIDisable                       
000053c7  SSIEnable                        
000053d1  UARTCharGet                      
000053db  UARTCharPut                      
000053e5  SSIBusy                          
000053ed  copysign                         
000053ed  copysignl                        
000053f5  GPIOPinRead                      
000053fb  GPIOPinWrite                     
00005401  SysCtlDelay                      
00005407  __TI_decompress_rle24            
0000540d  _system_pre_init                 
000055f0  _ctypes_                         
0000585c  __TI_Handler_Table_Base          
00005864  __TI_CINIT_Base                  
00005864  __TI_Handler_Table_Limit         
00005874  __TI_CINIT_Limit                 
2000c4b4  xQueueRegistry                   
2000c584  g_ulSystemClock                  
2000c588  __stack                          
2000c788  __STACK_TOP                      
2000cd88  __STACK_END                      
2000cd88  pxCurrentTCB                     
2000cdb4  __TI_cleanup_ptr                 
2000cdb8  __TI_dtors_ptr                   
2000cdbc  __TI_enable_exit_profile_output  
2000cdc0  _lock                            
2000cdc4  _unlock                          
2000cdd4  xPortSysTickCount                
2000cde5  OLED_Initialized                 
2000cde8  UARTStdioInitFlag                
2000cdec  errno                            
2000cdf0  main_func_sp                     
ffffffff  __TI_pprof_out_hndl              
ffffffff  __TI_prof_data_size              
ffffffff  __TI_prof_data_start             
ffffffff  __binit__                        
ffffffff  __c_args__                       
ffffffff  binit                            
UNDEFED   SHT$$INIT_ARRAY$$Base            
UNDEFED   SHT$$INIT_ARRAY$$Limit           

[213 symbols]
